Microchip MPLAB XC8 Compiler V1.33 ()

Linker command line:

--edf=C:\Program Files (x86)\Microchip\xc8\v1.33\dat\en_msgs.txt -cs \
  -h+dist/default/production\flash.X.production.sym \
  --cmf=dist/default/production\flash.X.production.cmf -z -Q18F4520 \
  -oC:\Users\Jon\AppData\Local\Temp\s4ac.6 \
  -Mdist/default/production/flash.X.production.map -E1 -ver=XC8 \
  -ASTACK=080h-05ffh -pstack=STACK -ACODE=00h-07FFFh -ACONST=00h-07FFFh \
  -ASMALLCONST=0600h-06FFhx122 -AMEDIUMCONST=0600h-07FFFh -ACOMRAM=01h-07Fh \
  -AABS1=00h-05FFh -ABIGRAM=01h-05FFh -ARAM=080h-0FFh,0100h-01FFhx5 \
  -ABANK0=080h-0FFh -ABANK1=0100h-01FFh -ABANK2=0200h-02FFh \
  -ABANK3=0300h-03FFh -ABANK4=0400h-04FFh -ABANK5=0500h-05FFh \
  -ASFR=0F80h-0FFFh -preset_vec=00h,intcode,intcodelo,powerup,init,end_init \
  -pramtop=0600h -psmallconst=SMALLCONST -pmediumconst=MEDIUMCONST \
  -pconst=CONST -AFARRAM=00h-00h -ACONFIG=0300000h-030000Dh -pconfig=CONFIG \
  -AIDLOC=0200000h-0200007h -pidloc=IDLOC -AEEDATA=0F00000h-0F000FFh \
  -peeprom_data=EEDATA \
  -prdata=COMRAM,nvrram=COMRAM,nvbit=COMRAM,rbss=COMRAM,rbit=COMRAM \
  -pfarbss=FARRAM,fardata=FARRAM,nvFARRAM=FARRAM \
  -pintsave_regs=BIGRAM,bigbss=BIGRAM,bigdata=BIGRAM -pbss=RAM \
  -pidata=CODE,irdata=CODE,ibigdata=CODE,ifardata=CODE \
  C:\Users\Jon\AppData\Local\Temp\s4ac.obj \
  dist/default/production\flash.X.production.obj 

Object code version is 3.11

Machine type is 18F4520

Call graph: (short form)




                Name                               Link     Load   Length Selector   Space Scale
C:\Users\Jon\AppData\Local\Temp\s4ac.obj
                end_init                              0        0        4        0       0
                idloc                            200000   200000        8   200000       0
                config                           300000   300000        E   300000       0
dist/default/production\flash.X.production.obj
                smallconst                          600      600       12      300       0
                text25                              E8A      E8A        4      309       0
                text24                              E86      E86        4      309       0
                text23                              E64      E64        C      309       0
                text22                              DFA      DFA       16      309       0
                text21                              CEA      CEA       44      309       0
                text20                              D86      D86       2A      309       0
                text19                              91A      91A      17C      309       0
                text18                              D5C      D5C       2A      309       0
                text17                              E82      E82        4      309       0
                text16                              E36      E36       12      309       0
                text15                              E56      E56        E      309       0
                text14                              E7E      E7E        4      309       0
                text13                              DE4      DE4       16      309       0
                text12                              E7A      E7A        4      309       0
                text11                              E24      E24       12      309       0
                text10                              E10      E10       14      309       0
                text9                               DB0      DB0       1E      309       0
                text8                               C00      C00       58      309       0
                text7                               C58      C58       4C      309       0
                text6                               CA4      CA4       46      309       0
                text5                               D2E      D2E       2E      309       0
                text4                               A96      A96       E4      309       0
                text3                               B7A      B7A       86      309       0
                text2                               DCE      DCE       16      309       0
                text1                               E70      E70        A      309       0
                text0                               612      612      308      309       0
                cstackCOMRAM                          1        1       37        1       1
                cinit                               E48      E48        E      309       0

TOTAL           Name                               Link     Load   Length     Space
        CLASS   STACK          

        CLASS   CODE           
                end_init                              0        0        4         0
                text25                              E8A      E8A        4         0
                text24                              E86      E86        4         0
                text23                              E64      E64        C         0
                text22                              DFA      DFA       16         0
                text21                              CEA      CEA       44         0
                text20                              D86      D86       2A         0
                text19                              91A      91A      17C         0
                text18                              D5C      D5C       2A         0
                text17                              E82      E82        4         0
                text16                              E36      E36       12         0
                text15                              E56      E56        E         0
                text14                              E7E      E7E        4         0
                text13                              DE4      DE4       16         0
                text12                              E7A      E7A        4         0
                text11                              E24      E24       12         0
                text10                              E10      E10       14         0
                text9                               DB0      DB0       1E         0
                text8                               C00      C00       58         0
                text7                               C58      C58       4C         0
                text6                               CA4      CA4       46         0
                text5                               D2E      D2E       2E         0
                text4                               A96      A96       E4         0
                text3                               B7A      B7A       86         0
                text2                               DCE      DCE       16         0
                text1                               E70      E70        A         0
                text0                               612      612      308         0
                cinit                               E48      E48        E         0

        CLASS   CONST          

        CLASS   SMALLCONST     
                smallconst                          600      600       12         0

        CLASS   MEDIUMCONST    

        CLASS   COMRAM         
                cstackCOMRAM                          1        1       37         1

        CLASS   ABS1           

        CLASS   BIGRAM         

        CLASS   RAM            

        CLASS   BANK0          

        CLASS   BANK1          

        CLASS   BANK2          

        CLASS   BANK3          

        CLASS   BANK4          

        CLASS   BANK5          

        CLASS   SFR            

        CLASS   FARRAM         

        CLASS   CONFIG         
                config                           300000   300000        E         0

        CLASS   IDLOC          
                idloc                            200000   200000        8         0

        CLASS   EEDATA         



SEGMENTS        Name                           Load    Length   Top    Selector   Space  Class

                reset_vec                      000000  000004  000004         0       0  CODE    
                cstackCOMRAM                   000001  000037  000038         1       1  COMRAM  
                smallconst                     000600  000012  000612       300       0  SMALLCON
                text0                          000612  00087C  000E8E       309       0  CODE    
                idloc                          200000  000008  200008    200000       0  IDLOC   
                config                         300000  00000E  30000E    300000       0  CONFIG  


UNUSED ADDRESS RANGES

        Name                Unused          Largest block    Delta
        BANK0            000080-0000FF               80
        BANK1            000100-0001FF              100
        BANK2            000200-0002FF              100
        BANK3            000300-0003FF              100
        BANK4            000400-0004FF              100
        BANK5            000500-0005FF              100
        BIGRAM           000038-0005FF              5C8
        CODE             000004-0005FF              5FC
                         000E8E-007FFF             7172
        COMRAM           000038-00007F               48
        CONST            000004-0005FF              5FC
                         000E8E-007FFF             7172
        EEDATA           F00000-F000FF              100
        MEDIUMCONST      000E8E-007FFF             7172
        RAM              000080-0005FF              100
        SFR              000F80-000FFF               80
        SMALLCONST       000E8E-007FFF              100
        STACK            000080-0005FF              580

                                  Symbol Table

?_flashRead16Bits              cstackCOMRAM 000013
?_readBit                      cstackCOMRAM 000004
?_readBits                     cstackCOMRAM 000008
?_readFirstByte                cstackCOMRAM 00000F
?_readICSP                     cstackCOMRAM 00000F
?_readPGD                      cstackCOMRAM 000001
_MCLR_high                     text17       000E82
_MCLR_low                      text16       000E36
_PGC_high                      text25       000E8A
_PGC_low                       text24       000E86
_PGD_low                       text15       000E56
_PGM_high                      text14       000E7E
_PGM_low                       text12       000E7A
_PORTDbits                     (abs)        000F83
_TRISDbits                     (abs)        000F95
__CFG_DEBUG$ON                 (abs)        000000
__CFG_LVP$OFF                  (abs)        000000
__CFG_OSC$INTIO67              (abs)        000000
__CFG_PWRT$ON                  (abs)        000000
__CFG_WDT$OFF                  (abs)        000000
__HRAM                         (abs)        000000
__Habs1                        abs1         000000
__Hbank0                       bank0        000000
__Hbank1                       bank1        000000
__Hbank2                       bank2        000000
__Hbank3                       bank3        000000
__Hbank4                       bank4        000000
__Hbank5                       bank5        000000
__Hbigbss                      bigbss       000000
__Hbigdata                     bigdata      000000
__Hbigram                      bigram       000000
__Hbss                         bss          000000
__Hcinit                       cinit        000000
__Hclrtext                     clrtext      000000
__Hcomram                      comram       000000
__Hconfig                      config       30000E
__Hconst                       const        000000
__HcstackCOMRAM                cstackCOMRAM 000000
__Hdata                        data         000000
__Heeprom_data                 eeprom_data  000000
__Hend_init                    end_init     000004
__Hfarbss                      farbss       000000
__Hfardata                     fardata      000000
__Hibigdata                    ibigdata     000000
__Hidata                       idata        000000
__Hidloc                       idloc        200008
__Hifardata                    ifardata     000000
__Hinit                        init         000000
__Hintcode                     intcode      000000
__Hintcode_body                intcode_body 000000
__Hintcodelo                   intcodelo    000000
__Hintentry                    intentry     000000
__Hintret                      intret       000000
__Hintsave_regs                intsave_regs 000000
__Hirdata                      irdata       000000
__Hmediumconst                 mediumconst  000000
__HnvFARRAM                    nvFARRAM     000000
__Hnvbit                       nvbit        000000
__Hnvrram                      nvrram       000000
__Hparam                       rparam       000000
__Hpowerup                     powerup      000000
__Hram                         ram          000000
__Hramtop                      ramtop       000600
__Hrbit                        rbit         000000
__Hrbss                        rbss         000000
__Hrdata                       rdata        000000
__Hreset_vec                   reset_vec    000000
__Hrparam                      rparam       000000
__Hsfr                         sfr          000000
__Hsmallconst                  smallconst   000612
__Hspace_0                     (abs)        30000E
__Hspace_1                     (abs)        000038
__Hspace_2                     (abs)        000000
__Hstack                       stack        000000
__Hstruct                      struct       000000
__Htemp                        temp         000000
__Htext                        text         000000
__Htext0                       text0        000000
__Htext1                       text1        000000
__Htext10                      text10       000000
__Htext11                      text11       000000
__Htext12                      text12       000000
__Htext13                      text13       000000
__Htext14                      text14       000000
__Htext15                      text15       000000
__Htext16                      text16       000000
__Htext17                      text17       000000
__Htext18                      text18       000000
__Htext19                      text19       000000
__Htext2                       text2        000000
__Htext20                      text20       000000
__Htext21                      text21       000000
__Htext22                      text22       000000
__Htext23                      text23       000000
__Htext24                      text24       000000
__Htext25                      text25       000000
__Htext3                       text3        000000
__Htext4                       text4        000000
__Htext5                       text5        000000
__Htext6                       text6        000000
__Htext7                       text7        000000
__Htext8                       text8        000000
__Htext9                       text9        000000
__LRAM                         (abs)        000001
__Labs1                        abs1         000000
__Lbank0                       bank0        000000
__Lbank1                       bank1        000000
__Lbank2                       bank2        000000
__Lbank3                       bank3        000000
__Lbank4                       bank4        000000
__Lbank5                       bank5        000000
__Lbigbss                      bigbss       000000
__Lbigdata                     bigdata      000000
__Lbigram                      bigram       000000
__Lbss                         bss          000000
__Lcinit                       cinit        000000
__Lclrtext                     clrtext      000000
__Lcomram                      comram       000000
__Lconfig                      config       300000
__Lconst                       const        000000
__LcstackCOMRAM                cstackCOMRAM 000000
__Ldata                        data         000000
__Leeprom_data                 eeprom_data  000000
__Lend_init                    end_init     000000
__Lfarbss                      farbss       000000
__Lfardata                     fardata      000000
__Libigdata                    ibigdata     000000
__Lidata                       idata        000000
__Lidloc                       idloc        200000
__Lifardata                    ifardata     000000
__Linit                        init         000000
__Lintcode                     intcode      000000
__Lintcode_body                intcode_body 000000
__Lintcodelo                   intcodelo    000000
__Lintentry                    intentry     000000
__Lintret                      intret       000000
__Lintsave_regs                intsave_regs 000000
__Lirdata                      irdata       000000
__Lmediumconst                 mediumconst  000000
__LnvFARRAM                    nvFARRAM     000000
__Lnvbit                       nvbit        000000
__Lnvrram                      nvrram       000000
__Lparam                       rparam       000000
__Lpowerup                     powerup      000000
__Lram                         ram          000000
__Lramtop                      ramtop       000600
__Lrbit                        rbit         000000
__Lrbss                        rbss         000000
__Lrdata                       rdata        000000
__Lreset_vec                   reset_vec    000000
__Lrparam                      rparam       000000
__Lsfr                         sfr          000000
__Lsmallconst                  smallconst   000600
__Lspace_0                     (abs)        000000
__Lspace_1                     (abs)        000000
__Lspace_2                     (abs)        000000
__Lstack                       stack        000000
__Lstruct                      struct       000000
__Ltemp                        temp         000000
__Ltext                        text         000000
__Ltext0                       text0        000000
__Ltext1                       text1        000000
__Ltext10                      text10       000000
__Ltext11                      text11       000000
__Ltext12                      text12       000000
__Ltext13                      text13       000000
__Ltext14                      text14       000000
__Ltext15                      text15       000000
__Ltext16                      text16       000000
__Ltext17                      text17       000000
__Ltext18                      text18       000000
__Ltext19                      text19       000000
__Ltext2                       text2        000000
__Ltext20                      text20       000000
__Ltext21                      text21       000000
__Ltext22                      text22       000000
__Ltext23                      text23       000000
__Ltext24                      text24       000000
__Ltext25                      text25       000000
__Ltext3                       text3        000000
__Ltext4                       text4        000000
__Ltext5                       text5        000000
__Ltext6                       text6        000000
__Ltext7                       text7        000000
__Ltext8                       text8        000000
__Ltext9                       text9        000000
__S0                           (abs)        30000E
__S1                           (abs)        000038
__S2                           (abs)        000000
___inthi_sp                    stack        000000
___intlo_sp                    stack        000000
___sp                          stack        000000
__accesstop                    (abs)        000080
__activetblptr                 (abs)        000001
__end_of_MCLR_high             text17       000E86
__end_of_MCLR_low              text16       000E48
__end_of_PGC_high              text25       000E8E
__end_of_PGC_low               text24       000E8A
__end_of_PGD_low               text15       000E64
__end_of_PGM_high              text14       000E82
__end_of_PGM_low               text12       000E7E
__end_of__initialization       cinit        000E48
__end_of__stringdata           smallconst   000610
__end_of_bulkErase             text19       000A96
__end_of_dpowers               smallconst   00060B
__end_of_enableWrite           text18       000D86
__end_of_enter_HVP             text13       000DFA
__end_of_exit_HVP              text11       000E36
__end_of_flashRead16Bits       text5        000D5C
__end_of_flashSetAddress       text4        000B7A
__end_of_flashWriteAndProgram  text3        000C00
__end_of_flashWriteData        text2        000DE4
__end_of_main                  text0        00091A
__end_of_readBit               text9        000DCE
__end_of_readBits              text8        000C58
__end_of_readFirstByte         text7        000CA4
__end_of_readICSP              text6        000CEA
__end_of_readPGD               text10       000E24
__end_of_trisInit              text1        000E7A
__end_of_writeBit              text22       000E10
__end_of_writeBits             text21       000D2E
__end_of_writeICSP             text20       000DB0
__end_of_writePGD              text23       000E70
__initialization               cinit        000E48
__mediumconst                  mediumconst  000000
__pcinit                       cinit        000E48
__pcstackCOMRAM                cstackCOMRAM 000001
__psmallconst                  smallconst   000600
__ptext0                       text0        000612
__ptext1                       text1        000E70
__ptext10                      text10       000E10
__ptext11                      text11       000E24
__ptext12                      text12       000E7A
__ptext13                      text13       000DE4
__ptext14                      text14       000E7E
__ptext15                      text15       000E56
__ptext16                      text16       000E36
__ptext17                      text17       000E82
__ptext18                      text18       000D5C
__ptext19                      text19       00091A
__ptext2                       text2        000DCE
__ptext20                      text20       000D86
__ptext21                      text21       000CEA
__ptext22                      text22       000DFA
__ptext23                      text23       000E64
__ptext24                      text24       000E86
__ptext25                      text25       000E8A
__ptext3                       text3        000B7A
__ptext4                       text4        000A96
__ptext5                       text5        000D2E
__ptext6                       text6        000CA4
__ptext7                       text7        000C58
__ptext8                       text8        000C00
__ptext9                       text9        000DB0
__ramtop                       ramtop       000600
__size_of_MCLR_high            (abs)        000000
__size_of_MCLR_low             (abs)        000000
__size_of_PGC_high             (abs)        000000
__size_of_PGC_low              (abs)        000000
__size_of_PGD_low              (abs)        000000
__size_of_PGM_high             (abs)        000000
__size_of_PGM_low              (abs)        000000
__size_of_bulkErase            (abs)        000000
__size_of_enableWrite          (abs)        000000
__size_of_enter_HVP            (abs)        000000
__size_of_exit_HVP             (abs)        000000
__size_of_flashRead16Bits      (abs)        000000
__size_of_flashSetAddress      (abs)        000000
__size_of_flashWriteAndProgram (abs)        000000
__size_of_flashWriteData       (abs)        000000
__size_of_main                 (abs)        000000
__size_of_readBit              (abs)        000000
__size_of_readBits             (abs)        000000
__size_of_readFirstByte        (abs)        000000
__size_of_readICSP             (abs)        000000
__size_of_readPGD              (abs)        000000
__size_of_trisInit             (abs)        000000
__size_of_writeBit             (abs)        000000
__size_of_writeBits            (abs)        000000
__size_of_writeICSP            (abs)        000000
__size_of_writePGD             (abs)        000000
__smallconst                   smallconst   000600
__stringdata                   smallconst   00060B
_bulkErase                     text19       00091A
_dpowers                       smallconst   000601
_enableWrite                   text18       000D5C
_enter_HVP                     text13       000DE4
_exit_HVP                      text11       000E24
_flashRead16Bits               text5        000D2E
_flashSetAddress               text4        000A96
_flashWriteAndProgram          text3        000B7A
_flashWriteData                text2        000DCE
_main                          text0        000612
_readBit                       text9        000DB0
_readBits                      text8        000C00
_readFirstByte                 text7        000C58
_readICSP                      text6        000CA4
_readPGD                       text10       000E10
_trisInit                      text1        000E70
_writeBit                      text22       000DFA
_writeBits                     text21       000CEA
_writeICSP                     text20       000D86
_writePGD                      text23       000E64
bulkErase@i                    cstackCOMRAM 000012
end_of_initialization          cinit        000E48
flashRead16Bits@data           cstackCOMRAM 000017
flashRead16Bits@firstData      cstackCOMRAM 000015
flashSetAddress@address        cstackCOMRAM 000012
flashSetAddress@highAddr       cstackCOMRAM 00001E
flashSetAddress@lowAddr        cstackCOMRAM 000022
flashSetAddress@upperAddr      cstackCOMRAM 00001A
flashWriteAndProgram@data      cstackCOMRAM 000012
flashWriteAndProgram@i         cstackCOMRAM 000016
flashWriteData@data            cstackCOMRAM 000012
intlevel0                      text         000000
intlevel1                      text         000000
intlevel2                      text         000000
intlevel3                      text         000000
main@a                         cstackCOMRAM 00002E
main@address                   cstackCOMRAM 000030
main@b                         cstackCOMRAM 000026
main@c                         cstackCOMRAM 000028
main@d                         cstackCOMRAM 00002A
main@data                      cstackCOMRAM 000034
main@e                         cstackCOMRAM 00002C
main@i                         cstackCOMRAM 000036
readBit@data                   cstackCOMRAM 000006
readBits@bitsToRead            cstackCOMRAM 000008
readBits@data                  cstackCOMRAM 00000D
readBits@i                     cstackCOMRAM 00000B
readFirstByte@data             cstackCOMRAM 000011
readICSP@data                  cstackCOMRAM 000011
stackhi                        (abs)        0005FF
stacklo                        (abs)        000080
start                          init         000000
start_initialization           cinit        000E48
writeBit@bitToWrite            cstackCOMRAM 000003
writeBits@bitsToWrite          cstackCOMRAM 000007
writeBits@i                    cstackCOMRAM 00000C
writeBits@pattern              cstackCOMRAM 000005
writeICSP@commandByte          cstackCOMRAM 00000E
writeICSP@dataBytes            cstackCOMRAM 000010
writePGD@data                  cstackCOMRAM 000001


FUNCTION INFORMATION:

 *************** function _main *****************
 Defined at:
		line 28 in file "../src/PIC18/Main.c"
 Parameters:    Size  Location     Type
		None
 Auto vars:     Size  Location     Type
  address         4   47[COMRAM] unsigned long 
  i               2   53[COMRAM] unsigned int 
  data            2   51[COMRAM] unsigned int 
  a               2   45[COMRAM] unsigned int 
  e               2   43[COMRAM] unsigned int 
  d               2   41[COMRAM] unsigned int 
  c               2   39[COMRAM] unsigned int 
  b               2   37[COMRAM] unsigned int 
 Return value:  Size  Location     Type
		None               void
 Registers used:
		wreg, status,2, status,0, cstack
 Tracked objects:
		On entry : 
		On exit  : 
		Unchanged: 
 Data sizes:     COMRAM   BANK0   BANK1   BANK2   BANK3   BANK4   BANK5
      Params:         0       0       0       0       0       0       0
      Locals:        18       0       0       0       0       0       0
      Temps:          0       0       0       0       0       0       0
      Totals:        18       0       0       0       0       0       0
Total ram usage:       18 bytes
 Hardware stack levels required when called:    5
 This function calls:
		_PGC_high
		_PGC_low
		_PGD_low
		_bulkErase
		_enableWrite
		_enter_HVP
		_exit_HVP
		_flashRead16Bits
		_flashSetAddress
		_flashWriteAndProgram
		_flashWriteData
		_trisInit
		_writeBits
		_writeICSP
 This function is called by:
		Startup code after reset
 This function uses a non-reentrant model


 *************** function _trisInit *****************
 Defined at:
		line 21 in file "../src/PIC18/Main.c"
 Parameters:    Size  Location     Type
		None
 Auto vars:     Size  Location     Type
		None
 Return value:  Size  Location     Type
		None               void
 Registers used:
		None
 Tracked objects:
		On entry : 
		On exit  : 
		Unchanged: 
 Data sizes:     COMRAM   BANK0   BANK1   BANK2   BANK3   BANK4   BANK5
      Params:         0       0       0       0       0       0       0
      Locals:         0       0       0       0       0       0       0
      Temps:          0       0       0       0       0       0       0
      Totals:         0       0       0       0       0       0       0
Total ram usage:        0 bytes
 Hardware stack levels used:    1
 This function calls:
		Nothing
 This function is called by:
		_main
 This function uses a non-reentrant model


 *************** function _flashWriteData *****************
 Defined at:
		line 135 in file "../src/PIC18/FlashProg.c"
 Parameters:    Size  Location     Type
  data            4   17[COMRAM] unsigned long 
 Auto vars:     Size  Location     Type
		None
 Return value:  Size  Location     Type
		None               void
 Registers used:
		wreg, status,2, status,0, cstack
 Tracked objects:
		On entry : 
		On exit  : 
		Unchanged: 
 Data sizes:     COMRAM   BANK0   BANK1   BANK2   BANK3   BANK4   BANK5
      Params:         4       0       0       0       0       0       0
      Locals:         0       0       0       0       0       0       0
      Temps:          0       0       0       0       0       0       0
      Totals:         4       0       0       0       0       0       0
Total ram usage:        4 bytes
 Hardware stack levels used:    1
 Hardware stack levels required when called:    4
 This function calls:
		_writeICSP
 This function is called by:
		_main
 This function uses a non-reentrant model


 *************** function _flashWriteAndProgram *****************
 Defined at:
		line 140 in file "../src/PIC18/FlashProg.c"
 Parameters:    Size  Location     Type
  data            4   17[COMRAM] unsigned long 
 Auto vars:     Size  Location     Type
  i               2   21[COMRAM] int 
 Return value:  Size  Location     Type
		None               void
 Registers used:
		wreg, status,2, status,0, cstack
 Tracked objects:
		On entry : 
		On exit  : 
		Unchanged: 
 Data sizes:     COMRAM   BANK0   BANK1   BANK2   BANK3   BANK4   BANK5
      Params:         4       0       0       0       0       0       0
      Locals:         2       0       0       0       0       0       0
      Temps:          0       0       0       0       0       0       0
      Totals:         6       0       0       0       0       0       0
Total ram usage:        6 bytes
 Hardware stack levels used:    1
 Hardware stack levels required when called:    4
 This function calls:
		_PGC_high
		_PGC_low
		_PGD_low
		_writeBits
		_writeICSP
 This function is called by:
		_main
		_flashWriteBlock
 This function uses a non-reentrant model


 *************** function _flashSetAddress *****************
 Defined at:
		line 118 in file "../src/PIC18/FlashProg.c"
 Parameters:    Size  Location     Type
  address         4   17[COMRAM] unsigned long 
 Auto vars:     Size  Location     Type
  lowAddr         4   33[COMRAM] unsigned long 
  highAddr        4   29[COMRAM] unsigned long 
  upperAddr       4   25[COMRAM] unsigned long 
 Return value:  Size  Location     Type
		None               void
 Registers used:
		wreg, status,2, status,0, cstack
 Tracked objects:
		On entry : 
		On exit  : 
		Unchanged: 
 Data sizes:     COMRAM   BANK0   BANK1   BANK2   BANK3   BANK4   BANK5
      Params:         4       0       0       0       0       0       0
      Locals:        12       0       0       0       0       0       0
      Temps:          4       0       0       0       0       0       0
      Totals:        20       0       0       0       0       0       0
Total ram usage:       20 bytes
 Hardware stack levels used:    1
 Hardware stack levels required when called:    4
 This function calls:
		_writeICSP
 This function is called by:
		_main
		_flashReadData
		_flashWriteBlock
		_rowErase
 This function uses a non-reentrant model


 *************** function _flashRead16Bits *****************
 Defined at:
		line 171 in file "../src/PIC18/FlashProg.c"
 Parameters:    Size  Location     Type
		None
 Auto vars:     Size  Location     Type
  data            2   22[COMRAM] unsigned int 
  firstData       2   20[COMRAM] unsigned int 
 Return value:  Size  Location     Type
                  2   18[COMRAM] unsigned int 
 Registers used:
		wreg, status,2, status,0, cstack
 Tracked objects:
		On entry : 
		On exit  : 
		Unchanged: 
 Data sizes:     COMRAM   BANK0   BANK1   BANK2   BANK3   BANK4   BANK5
      Params:         2       0       0       0       0       0       0
      Locals:         4       0       0       0       0       0       0
      Temps:          0       0       0       0       0       0       0
      Totals:         6       0       0       0       0       0       0
Total ram usage:        6 bytes
 Hardware stack levels used:    1
 Hardware stack levels required when called:    4
 This function calls:
		_readFirstByte
		_readICSP
 This function is called by:
		_main
 This function uses a non-reentrant model


 *************** function _readICSP *****************
 Defined at:
		line 25 in file "../src/PIC18/ICSP.c"
 Parameters:    Size  Location     Type
		None
 Auto vars:     Size  Location     Type
  data            2   16[COMRAM] unsigned int 
 Return value:  Size  Location     Type
                  2   14[COMRAM] unsigned int 
 Registers used:
		wreg, status,2, status,0, cstack
 Tracked objects:
		On entry : 
		On exit  : 
		Unchanged: 
 Data sizes:     COMRAM   BANK0   BANK1   BANK2   BANK3   BANK4   BANK5
      Params:         2       0       0       0       0       0       0
      Locals:         2       0       0       0       0       0       0
      Temps:          0       0       0       0       0       0       0
      Totals:         4       0       0       0       0       0       0
Total ram usage:        4 bytes
 Hardware stack levels used:    1
 Hardware stack levels required when called:    3
 This function calls:
		_readBits
		_writeBits
 This function is called by:
		_flashRead16Bits
		_readDeviceID1
		_readDeviceID2
		_flashRead8Bits
 This function uses a non-reentrant model


 *************** function _readFirstByte *****************
 Defined at:
		line 34 in file "../src/PIC18/ICSP.c"
 Parameters:    Size  Location     Type
		None
 Auto vars:     Size  Location     Type
  data            2   16[COMRAM] unsigned int 
 Return value:  Size  Location     Type
                  2   14[COMRAM] unsigned int 
 Registers used:
		wreg, status,2, status,0, cstack
 Tracked objects:
		On entry : 
		On exit  : 
		Unchanged: 
 Data sizes:     COMRAM   BANK0   BANK1   BANK2   BANK3   BANK4   BANK5
      Params:         2       0       0       0       0       0       0
      Locals:         2       0       0       0       0       0       0
      Temps:          0       0       0       0       0       0       0
      Totals:         4       0       0       0       0       0       0
Total ram usage:        4 bytes
 Hardware stack levels used:    1
 Hardware stack levels required when called:    3
 This function calls:
		_readBits
		_writeBits
 This function is called by:
		_flashRead16Bits
 This function uses a non-reentrant model


 *************** function _readBits *****************
 Defined at:
		line 52 in file "../src/PIC18/ICSP.c"
 Parameters:    Size  Location     Type
  bitsToRead      2    7[COMRAM] int 
 Auto vars:     Size  Location     Type
  data            2   12[COMRAM] unsigned int 
  i               2   10[COMRAM] int 
 Return value:  Size  Location     Type
                  2    7[COMRAM] unsigned int 
 Registers used:
		wreg, status,2, status,0, cstack
 Tracked objects:
		On entry : 
		On exit  : 
		Unchanged: 
 Data sizes:     COMRAM   BANK0   BANK1   BANK2   BANK3   BANK4   BANK5
      Params:         2       0       0       0       0       0       0
      Locals:         4       0       0       0       0       0       0
      Temps:          1       0       0       0       0       0       0
      Totals:         7       0       0       0       0       0       0
Total ram usage:        7 bytes
 Hardware stack levels used:    1
 Hardware stack levels required when called:    2
 This function calls:
		_readBit
 This function is called by:
		_readICSP
		_readFirstByte
 This function uses a non-reentrant model


 *************** function _readBit *****************
 Defined at:
		line 44 in file "../src/PIC18/ICSP.c"
 Parameters:    Size  Location     Type
		None
 Auto vars:     Size  Location     Type
  data            2    5[COMRAM] unsigned int 
 Return value:  Size  Location     Type
                  2    3[COMRAM] unsigned int 
 Registers used:
		wreg, status,2, cstack
 Tracked objects:
		On entry : 
		On exit  : 
		Unchanged: 
 Data sizes:     COMRAM   BANK0   BANK1   BANK2   BANK3   BANK4   BANK5
      Params:         2       0       0       0       0       0       0
      Locals:         2       0       0       0       0       0       0
      Temps:          0       0       0       0       0       0       0
      Totals:         4       0       0       0       0       0       0
Total ram usage:        4 bytes
 Hardware stack levels used:    1
 Hardware stack levels required when called:    1
 This function calls:
		_PGC_high
		_PGC_low
		_readPGD
 This function is called by:
		_readBits
 This function uses a non-reentrant model


 *************** function _readPGD *****************
 Defined at:
		line 7 in file "../src/PIC18/FlashProg.c"
 Parameters:    Size  Location     Type
		None
 Auto vars:     Size  Location     Type
		None
 Return value:  Size  Location     Type
                  2    0[COMRAM] unsigned int 
 Registers used:
		wreg, status,2
 Tracked objects:
		On entry : 
		On exit  : 
		Unchanged: 
 Data sizes:     COMRAM   BANK0   BANK1   BANK2   BANK3   BANK4   BANK5
      Params:         2       0       0       0       0       0       0
      Locals:         0       0       0       0       0       0       0
      Temps:          1       0       0       0       0       0       0
      Totals:         3       0       0       0       0       0       0
Total ram usage:        3 bytes
 Hardware stack levels used:    1
 This function calls:
		Nothing
 This function is called by:
		_readBit
 This function uses a non-reentrant model


 *************** function _exit_HVP *****************
 Defined at:
		line 58 in file "../src/PIC18/FlashProg.c"
 Parameters:    Size  Location     Type
		None
 Auto vars:     Size  Location     Type
		None
 Return value:  Size  Location     Type
		None               void
 Registers used:
		wreg, status,2, cstack
 Tracked objects:
		On entry : 
		On exit  : 
		Unchanged: 
 Data sizes:     COMRAM   BANK0   BANK1   BANK2   BANK3   BANK4   BANK5
      Params:         0       0       0       0       0       0       0
      Locals:         0       0       0       0       0       0       0
      Temps:          0       0       0       0       0       0       0
      Totals:         0       0       0       0       0       0       0
Total ram usage:        0 bytes
 Hardware stack levels used:    1
 Hardware stack levels required when called:    2
 This function calls:
		_MCLR_low
		_PGC_low
		_PGD_low
		_PGM_low
 This function is called by:
		_main
 This function uses a non-reentrant model


 *************** function _PGM_low *****************
 Defined at:
		line 31 in file "../src/PIC18/FlashProg.c"
 Parameters:    Size  Location     Type
		None
 Auto vars:     Size  Location     Type
		None
 Return value:  Size  Location     Type
		None               void
 Registers used:
		None
 Tracked objects:
		On entry : 
		On exit  : 
		Unchanged: 
 Data sizes:     COMRAM   BANK0   BANK1   BANK2   BANK3   BANK4   BANK5
      Params:         0       0       0       0       0       0       0
      Locals:         0       0       0       0       0       0       0
      Temps:          0       0       0       0       0       0       0
      Totals:         0       0       0       0       0       0       0
Total ram usage:        0 bytes
 Hardware stack levels used:    1
 This function calls:
		Nothing
 This function is called by:
		_exit_HVP
 This function uses a non-reentrant model


 *************** function _enter_HVP *****************
 Defined at:
		line 50 in file "../src/PIC18/FlashProg.c"
 Parameters:    Size  Location     Type
		None
 Auto vars:     Size  Location     Type
		None
 Return value:  Size  Location     Type
		None               void
 Registers used:
		wreg, status,2, cstack
 Tracked objects:
		On entry : 
		On exit  : 
		Unchanged: 
 Data sizes:     COMRAM   BANK0   BANK1   BANK2   BANK3   BANK4   BANK5
      Params:         0       0       0       0       0       0       0
      Locals:         0       0       0       0       0       0       0
      Temps:          0       0       0       0       0       0       0
      Totals:         0       0       0       0       0       0       0
Total ram usage:        0 bytes
 Hardware stack levels used:    1
 Hardware stack levels required when called:    2
 This function calls:
		_MCLR_high
		_MCLR_low
		_PGC_low
		_PGD_low
		_PGM_high
 This function is called by:
		_main
 This function uses a non-reentrant model


 *************** function _PGM_high *****************
 Defined at:
		line 35 in file "../src/PIC18/FlashProg.c"
 Parameters:    Size  Location     Type
		None
 Auto vars:     Size  Location     Type
		None
 Return value:  Size  Location     Type
		None               void
 Registers used:
		None
 Tracked objects:
		On entry : 
		On exit  : 
		Unchanged: 
 Data sizes:     COMRAM   BANK0   BANK1   BANK2   BANK3   BANK4   BANK5
      Params:         0       0       0       0       0       0       0
      Locals:         0       0       0       0       0       0       0
      Temps:          0       0       0       0       0       0       0
      Totals:         0       0       0       0       0       0       0
Total ram usage:        0 bytes
 Hardware stack levels used:    1
 This function calls:
		Nothing
 This function is called by:
		_enter_HVP
 This function uses a non-reentrant model


 *************** function _PGD_low *****************
 Defined at:
		line 19 in file "../src/PIC18/FlashProg.c"
 Parameters:    Size  Location     Type
		None
 Auto vars:     Size  Location     Type
		None
 Return value:  Size  Location     Type
		None               void
 Registers used:
		wreg, status,2, cstack
 Tracked objects:
		On entry : 
		On exit  : 
		Unchanged: 
 Data sizes:     COMRAM   BANK0   BANK1   BANK2   BANK3   BANK4   BANK5
      Params:         0       0       0       0       0       0       0
      Locals:         0       0       0       0       0       0       0
      Temps:          0       0       0       0       0       0       0
      Totals:         0       0       0       0       0       0       0
Total ram usage:        0 bytes
 Hardware stack levels used:    1
 Hardware stack levels required when called:    1
 This function calls:
		_writePGD
 This function is called by:
		_enter_HVP
		_exit_HVP
		_flashWriteAndProgram
		_main
		_flashWrite8Bits
		_rowErase
 This function uses a non-reentrant model


 *************** function _MCLR_low *****************
 Defined at:
		line 39 in file "../src/PIC18/FlashProg.c"
 Parameters:    Size  Location     Type
		None
 Auto vars:     Size  Location     Type
		None
 Return value:  Size  Location     Type
		None               void
 Registers used:
		wreg, status,2, cstack
 Tracked objects:
		On entry : 
		On exit  : 
		Unchanged: 
 Data sizes:     COMRAM   BANK0   BANK1   BANK2   BANK3   BANK4   BANK5
      Params:         0       0       0       0       0       0       0
      Locals:         0       0       0       0       0       0       0
      Temps:          0       0       0       0       0       0       0
      Totals:         0       0       0       0       0       0       0
Total ram usage:        0 bytes
 Hardware stack levels used:    1
 Hardware stack levels required when called:    1
 This function calls:
		_writePGD
 This function is called by:
		_enter_HVP
		_exit_HVP
 This function uses a non-reentrant model


 *************** function _MCLR_high *****************
 Defined at:
		line 46 in file "../src/PIC18/FlashProg.c"
 Parameters:    Size  Location     Type
		None
 Auto vars:     Size  Location     Type
		None
 Return value:  Size  Location     Type
		None               void
 Registers used:
		None
 Tracked objects:
		On entry : 
		On exit  : 
		Unchanged: 
 Data sizes:     COMRAM   BANK0   BANK1   BANK2   BANK3   BANK4   BANK5
      Params:         0       0       0       0       0       0       0
      Locals:         0       0       0       0       0       0       0
      Temps:          0       0       0       0       0       0       0
      Totals:         0       0       0       0       0       0       0
Total ram usage:        0 bytes
 Hardware stack levels used:    1
 This function calls:
		Nothing
 This function is called by:
		_enter_HVP
 This function uses a non-reentrant model


 *************** function _enableWrite *****************
 Defined at:
		line 113 in file "../src/PIC18/FlashProg.c"
 Parameters:    Size  Location     Type
		None
 Auto vars:     Size  Location     Type
		None
 Return value:  Size  Location     Type
		None               void
 Registers used:
		wreg, status,2, status,0, cstack
 Tracked objects:
		On entry : 
		On exit  : 
		Unchanged: 
 Data sizes:     COMRAM   BANK0   BANK1   BANK2   BANK3   BANK4   BANK5
      Params:         0       0       0       0       0       0       0
      Locals:         0       0       0       0       0       0       0
      Temps:          0       0       0       0       0       0       0
      Totals:         0       0       0       0       0       0       0
Total ram usage:        0 bytes
 Hardware stack levels used:    1
 Hardware stack levels required when called:    4
 This function calls:
		_writeICSP
 This function is called by:
		_main
 This function uses a non-reentrant model


 *************** function _bulkErase *****************
 Defined at:
		line 66 in file "../src/PIC18/FlashProg.c"
 Parameters:    Size  Location     Type
		None
 Auto vars:     Size  Location     Type
  i               2   17[COMRAM] int 
 Return value:  Size  Location     Type
		None               void
 Registers used:
		wreg, status,2, status,0, cstack
 Tracked objects:
		On entry : 
		On exit  : 
		Unchanged: 
 Data sizes:     COMRAM   BANK0   BANK1   BANK2   BANK3   BANK4   BANK5
      Params:         0       0       0       0       0       0       0
      Locals:         2       0       0       0       0       0       0
      Temps:          0       0       0       0       0       0       0
      Totals:         2       0       0       0       0       0       0
Total ram usage:        2 bytes
 Hardware stack levels used:    1
 Hardware stack levels required when called:    4
 This function calls:
		_writeBits
		_writeICSP
 This function is called by:
		_main
 This function uses a non-reentrant model


 *************** function _writeICSP *****************
 Defined at:
		line 5 in file "../src/PIC18/ICSP.c"
 Parameters:    Size  Location     Type
  commandByte     2   13[COMRAM] unsigned int 
  dataBytes       2   15[COMRAM] unsigned int 
 Auto vars:     Size  Location     Type
		None
 Return value:  Size  Location     Type
		None               void
 Registers used:
		wreg, status,2, status,0, cstack
 Tracked objects:
		On entry : 
		On exit  : 
		Unchanged: 
 Data sizes:     COMRAM   BANK0   BANK1   BANK2   BANK3   BANK4   BANK5
      Params:         4       0       0       0       0       0       0
      Locals:         0       0       0       0       0       0       0
      Temps:          0       0       0       0       0       0       0
      Totals:         4       0       0       0       0       0       0
Total ram usage:        4 bytes
 Hardware stack levels used:    1
 Hardware stack levels required when called:    3
 This function calls:
		_writeBits
 This function is called by:
		_bulkErase
		_enableWrite
		_flashSetAddress
		_flashWriteData
		_flashWriteAndProgram
		_main
		_readDeviceID1
		_readDeviceID2
		_flashWrite8Bits
		_rowErase
 This function uses a non-reentrant model


 *************** function _writeBits *****************
 Defined at:
		line 16 in file "../src/PIC18/ICSP.c"
 Parameters:    Size  Location     Type
  pattern         2    4[COMRAM] unsigned int 
  bitsToWrite     2    6[COMRAM] unsigned int 
 Auto vars:     Size  Location     Type
  i               2   11[COMRAM] int 
 Return value:  Size  Location     Type
		None               void
 Registers used:
		wreg, status,2, status,0, cstack
 Tracked objects:
		On entry : 
		On exit  : 
		Unchanged: 
 Data sizes:     COMRAM   BANK0   BANK1   BANK2   BANK3   BANK4   BANK5
      Params:         4       0       0       0       0       0       0
      Locals:         2       0       0       0       0       0       0
      Temps:          3       0       0       0       0       0       0
      Totals:         9       0       0       0       0       0       0
Total ram usage:        9 bytes
 Hardware stack levels used:    1
 Hardware stack levels required when called:    2
 This function calls:
		_writeBit
 This function is called by:
		_bulkErase
		_flashWriteAndProgram
		_writeICSP
		_readICSP
		_readFirstByte
		_main
		_flashWrite8Bits
		_rowErase
 This function uses a non-reentrant model


 *************** function _writeBit *****************
 Defined at:
		line 10 in file "../src/PIC18/ICSP.c"
 Parameters:    Size  Location     Type
  bitToWrite      2    2[COMRAM] unsigned int 
 Auto vars:     Size  Location     Type
		None
 Return value:  Size  Location     Type
		None               void
 Registers used:
		cstack
 Tracked objects:
		On entry : 
		On exit  : 
		Unchanged: 
 Data sizes:     COMRAM   BANK0   BANK1   BANK2   BANK3   BANK4   BANK5
      Params:         2       0       0       0       0       0       0
      Locals:         0       0       0       0       0       0       0
      Temps:          0       0       0       0       0       0       0
      Totals:         2       0       0       0       0       0       0
Total ram usage:        2 bytes
 Hardware stack levels used:    1
 Hardware stack levels required when called:    1
 This function calls:
		_PGC_high
		_PGC_low
		_writePGD
 This function is called by:
		_writeBits
 This function uses a non-reentrant model


 *************** function _writePGD *****************
 Defined at:
		line 11 in file "../src/PIC18/FlashProg.c"
 Parameters:    Size  Location     Type
  data            2    0[COMRAM] int 
 Auto vars:     Size  Location     Type
		None
 Return value:  Size  Location     Type
		None               void
 Registers used:
		None
 Tracked objects:
		On entry : 
		On exit  : 
		Unchanged: 
 Data sizes:     COMRAM   BANK0   BANK1   BANK2   BANK3   BANK4   BANK5
      Params:         2       0       0       0       0       0       0
      Locals:         0       0       0       0       0       0       0
      Temps:          0       0       0       0       0       0       0
      Totals:         2       0       0       0       0       0       0
Total ram usage:        2 bytes
 Hardware stack levels used:    1
 This function calls:
		Nothing
 This function is called by:
		_PGD_low
		_MCLR_low
		_writeBit
		_PGD_high
 This function uses a non-reentrant model


 *************** function _PGC_low *****************
 Defined at:
		line 27 in file "../src/PIC18/FlashProg.c"
 Parameters:    Size  Location     Type
		None
 Auto vars:     Size  Location     Type
		None
 Return value:  Size  Location     Type
		None               void
 Registers used:
		None
 Tracked objects:
		On entry : 
		On exit  : 
		Unchanged: 
 Data sizes:     COMRAM   BANK0   BANK1   BANK2   BANK3   BANK4   BANK5
      Params:         0       0       0       0       0       0       0
      Locals:         0       0       0       0       0       0       0
      Temps:          0       0       0       0       0       0       0
      Totals:         0       0       0       0       0       0       0
Total ram usage:        0 bytes
 Hardware stack levels used:    1
 This function calls:
		Nothing
 This function is called by:
		_enter_HVP
		_exit_HVP
		_flashWriteAndProgram
		_writeBit
		_readBit
		_main
		_flashWrite8Bits
		_rowErase
 This function uses a non-reentrant model


 *************** function _PGC_high *****************
 Defined at:
		line 23 in file "../src/PIC18/FlashProg.c"
 Parameters:    Size  Location     Type
		None
 Auto vars:     Size  Location     Type
		None
 Return value:  Size  Location     Type
		None               void
 Registers used:
		None
 Tracked objects:
		On entry : 
		On exit  : 
		Unchanged: 
 Data sizes:     COMRAM   BANK0   BANK1   BANK2   BANK3   BANK4   BANK5
      Params:         0       0       0       0       0       0       0
      Locals:         0       0       0       0       0       0       0
      Temps:          0       0       0       0       0       0       0
      Totals:         0       0       0       0       0       0       0
Total ram usage:        0 bytes
 Hardware stack levels used:    1
 This function calls:
		Nothing
 This function is called by:
		_flashWriteAndProgram
		_writeBit
		_readBit
		_main
		_flashWrite8Bits
		_rowErase
 This function uses a non-reentrant model



MODULE INFORMATION

Module		Function		Class		Link	Load	Size
../src/PIC18/Main.c
		_main          		CODE           	0612	0000	776
		_trisInit      		CODE           	0E70	0000	10

../src/PIC18/Main.c estimated size: 786

../src/PIC18/FlashProg.c
		_MCLR_high     		CODE           	0E82	0000	4
		_enter_HVP     		CODE           	0DE4	0000	22
		_writePGD      		CODE           	0E64	0000	12
		_flashWriteAndP		CODE           	0B7A	0000	134
		_flashWriteData		CODE           	0DCE	0000	22
		_flashSetAddres		CODE           	0A96	0000	228
		_PGC_low       		CODE           	0E86	0000	4
		_PGD_low       		CODE           	0E56	0000	14
		_readPGD       		CODE           	0E10	0000	20
		_bulkErase     		CODE           	091A	0000	380
		_enableWrite   		CODE           	0D5C	0000	42
		_PGC_high      		CODE           	0E8A	0000	4
		_exit_HVP      		CODE           	0E24	0000	18
		_MCLR_low      		CODE           	0E36	0000	18
		_PGM_low       		CODE           	0E7A	0000	4
		_flashRead16Bit		CODE           	0D2E	0000	46
		_PGM_high      		CODE           	0E7E	0000	4

../src/PIC18/FlashProg.c estimated size: 976

shared
		__stringdata   		SMALLCONST     	060B	0000	5
		_dpowers       		SMALLCONST     	0601	0000	10
		__initializatio		CODE           	0E48	0000	0

shared estimated size: 15

../src/PIC18/ICSP.c
		_readBit       		CODE           	0DB0	0000	30
		_readBits      		CODE           	0C00	0000	88
		_writeBit      		CODE           	0DFA	0000	22
		_writeBits     		CODE           	0CEA	0000	68
		_writeICSP     		CODE           	0D86	0000	42
		_readICSP      		CODE           	0CA4	0000	70
		_readFirstByte 		CODE           	0C58	0000	76

../src/PIC18/ICSP.c estimated size: 396

