Microchip MPLAB XC8 Compiler V1.33 ()

Linker command line:

--edf=C:\Program Files\Microchip\xc8\v1.33\dat\en_msgs.txt -cs \
  -h+dist/default/production\flash.X.production.sym \
  --cmf=dist/default/production\flash.X.production.cmf -z -Q18F4520 \
  -oC:\DOCUME~1\D300-01\LOCALS~1\Temp\s3e0.6 \
  -Mdist/default/production/flash.X.production.map -E1 -ver=XC8 \
  -ASTACK=080h-05ffh -pstack=STACK -ACODE=00h-07FFFh -ACONST=00h-07FFFh \
  -ASMALLCONST=0600h-06FFhx122 -AMEDIUMCONST=0600h-07FFFh -ACOMRAM=01h-07Fh \
  -AABS1=00h-05FFh -ABIGRAM=01h-05FFh -ARAM=080h-0FFh,0100h-01FFhx5 \
  -ABANK0=080h-0FFh -ABANK1=0100h-01FFh -ABANK2=0200h-02FFh \
  -ABANK3=0300h-03FFh -ABANK4=0400h-04FFh -ABANK5=0500h-05FFh \
  -ASFR=0F80h-0FFFh -preset_vec=00h,intcode,intcodelo,powerup,init,end_init \
  -pramtop=0600h -psmallconst=SMALLCONST -pmediumconst=MEDIUMCONST \
  -pconst=CONST -AFARRAM=00h-00h -ACONFIG=0300000h-030000Dh -pconfig=CONFIG \
  -AIDLOC=0200000h-0200007h -pidloc=IDLOC -AEEDATA=0F00000h-0F000FFh \
  -peeprom_data=EEDATA \
  -prdata=COMRAM,nvrram=COMRAM,nvbit=COMRAM,rbss=COMRAM,rbit=COMRAM \
  -pfarbss=FARRAM,fardata=FARRAM,nvFARRAM=FARRAM \
  -pintsave_regs=BIGRAM,bigbss=BIGRAM,bigdata=BIGRAM -pbss=RAM \
  -pidata=CODE,irdata=CODE,ibigdata=CODE,ifardata=CODE \
  C:\DOCUME~1\D300-01\LOCALS~1\Temp\s3e0.obj \
  dist/default/production\flash.X.production.obj 

Object code version is 3.11

Machine type is 18F4520

Call graph: (short form)




                Name                               Link     Load   Length Selector   Space Scale
C:\DOCUME~1\D300-01\LOCALS~1\Temp\s3e0.obj
                end_init                              0        0        4        0       0
                idloc                            200000   200000        8   200000       0
                config                           300000   300000        E   300000       0
dist/default/production\flash.X.production.obj
                text24                             79DA     79DA        4     3CED       0
                text23                             79DE     79DE        4     3CEF       0
                text22                             79FE     79FE        C     3CFF       0
                text21                             7A50     7A50       16     3D28       0
                text20                             7B1C     7B1C       44     3D8E       0
                text19                             7A9A     7A9A       2A     3D4D       0
                text18                             7E84     7E84      17C     3F42       0
                text17                             7AC4     7AC4       2A     3D62       0
                text16                             79E2     79E2        4     3CF1       0
                text15                             7A18     7A18       12     3D0C       0
                text14                             7A0A     7A0A        E     3D05       0
                text13                             79E6     79E6        4     3CF3       0
                text12                             7A66     7A66       16     3D33       0
                text11                             79EA     79EA        4     3CF5       0
                text10                             7A2A     7A2A       12     3D15       0
                text9                              7A3C     7A3C       14     3D1E       0
                text8                              7A7C     7A7C       1E     3D3E       0
                text7                              7BF2     7BF2       58     3DF9       0
                text6                              7BA6     7BA6       4C     3DD3       0
                text5                              7B60     7B60       46     3DB0       0
                text4                              7AEE     7AEE       2E     3D77       0
                text3                              7DA0     7DA0       E4     3ED0       0
                text2                              79F4     79F4        A     3CFA       0
                text1                              7C4A     7C4A       9A     3E25       0
                cstackCOMRAM                          1        1       2F        1       1
                cinit                              79EE     79EE        6     3CF7       0
                text0                              7CE4     7CE4       BC     3E72       0

TOTAL           Name                               Link     Load   Length     Space
        CLASS   STACK          

        CLASS   CODE           
                end_init                              0        0        4         0
                text24                             79DA     79DA        4         0
                text23                             79DE     79DE        4         0
                text22                             79FE     79FE        C         0
                text21                             7A50     7A50       16         0
                text20                             7B1C     7B1C       44         0
                text19                             7A9A     7A9A       2A         0
                text18                             7E84     7E84      17C         0
                text17                             7AC4     7AC4       2A         0
                text16                             79E2     79E2        4         0
                text15                             7A18     7A18       12         0
                text14                             7A0A     7A0A        E         0
                text13                             79E6     79E6        4         0
                text12                             7A66     7A66       16         0
                text11                             79EA     79EA        4         0
                text10                             7A2A     7A2A       12         0
                text9                              7A3C     7A3C       14         0
                text8                              7A7C     7A7C       1E         0
                text7                              7BF2     7BF2       58         0
                text6                              7BA6     7BA6       4C         0
                text5                              7B60     7B60       46         0
                text4                              7AEE     7AEE       2E         0
                text3                              7DA0     7DA0       E4         0
                text2                              79F4     79F4        A         0
                text1                              7C4A     7C4A       9A         0
                cinit                              79EE     79EE        6         0
                text0                              7CE4     7CE4       BC         0

        CLASS   CONST          

        CLASS   SMALLCONST     

        CLASS   MEDIUMCONST    

        CLASS   COMRAM         
                cstackCOMRAM                          1        1       2F         1

        CLASS   ABS1           

        CLASS   BIGRAM         

        CLASS   RAM            

        CLASS   BANK0          

        CLASS   BANK1          

        CLASS   BANK2          

        CLASS   BANK3          

        CLASS   BANK4          

        CLASS   BANK5          

        CLASS   SFR            

        CLASS   FARRAM         

        CLASS   CONFIG         
                config                           300000   300000        E         0

        CLASS   IDLOC          
                idloc                            200000   200000        8         0

        CLASS   EEDATA         



SEGMENTS        Name                           Load    Length   Top    Selector   Space  Class

                reset_vec                      000000  000004  000004         0       0  CODE    
                cstackCOMRAM                   000001  00002F  000030         1       1  COMRAM  
                text24                         0079DA  000004  0079DE      3CED       0  CODE    
                text23                         0079DE  000004  0079E2      3CEF       0  CODE    
                text16                         0079E2  000004  0079E6      3CF1       0  CODE    
                text13                         0079E6  000004  0079EA      3CF3       0  CODE    
                text11                         0079EA  000004  0079EE      3CF5       0  CODE    
                cinit                          0079EE  000006  0079F4      3CF7       0  CODE    
                text2                          0079F4  00000A  0079FE      3CFA       0  CODE    
                text22                         0079FE  00000C  007A0A      3CFF       0  CODE    
                text14                         007A0A  00000E  007A18      3D05       0  CODE    
                text15                         007A18  000012  007A2A      3D0C       0  CODE    
                text10                         007A2A  000012  007A3C      3D15       0  CODE    
                text9                          007A3C  000014  007A50      3D1E       0  CODE    
                text21                         007A50  000016  007A66      3D28       0  CODE    
                text12                         007A66  000016  007A7C      3D33       0  CODE    
                text8                          007A7C  00001E  007A9A      3D3E       0  CODE    
                text19                         007A9A  00002A  007AC4      3D4D       0  CODE    
                text17                         007AC4  00002A  007AEE      3D62       0  CODE    
                text4                          007AEE  00002E  007B1C      3D77       0  CODE    
                text20                         007B1C  000044  007B60      3D8E       0  CODE    
                text5                          007B60  000046  007BA6      3DB0       0  CODE    
                text6                          007BA6  00004C  007BF2      3DD3       0  CODE    
                text7                          007BF2  000058  007C4A      3DF9       0  CODE    
                text1                          007C4A  00009A  007CE4      3E25       0  CODE    
                text0                          007CE4  0000BC  007DA0      3E72       0  CODE    
                text3                          007DA0  0000E4  007E84      3ED0       0  CODE    
                text18                         007E84  00017C  008000      3F42       0  CODE    
                idloc                          200000  000008  200008    200000       0  IDLOC   
                config                         300000  00000E  30000E    300000       0  CONFIG  


UNUSED ADDRESS RANGES

        Name                Unused          Largest block    Delta
        BANK0            000080-0000FF               80
        BANK1            000100-0001FF              100
        BANK2            000200-0002FF              100
        BANK3            000300-0003FF              100
        BANK4            000400-0004FF              100
        BANK5            000500-0005FF              100
        BIGRAM           000030-0005FF              5D0
        CODE             000004-0079D9             79D6
        COMRAM           000030-00007F               50
        CONST            000004-0079D9             79D6
        EEDATA           F00000-F000FF              100
        MEDIUMCONST      000600-0079D9             73DA
        RAM              000080-0005FF              100
        SFR              000F80-000FFF               80
        SMALLCONST       000600-0079D9              100
        STACK            000080-0005FF              580

                                  Symbol Table

?_read2Byte                          cstackCOMRAM 000013
?_readBit                            cstackCOMRAM 000004
?_readBits                           cstackCOMRAM 000008
?_readFirstByte                      cstackCOMRAM 00000F
?_readICSP                           cstackCOMRAM 00000F
?_readPGD                            cstackCOMRAM 000001
_MCLR_high                           text16       0079E2
_MCLR_low                            text15       007A18
_PGC_high                            text24       0079DA
_PGC_low                             text23       0079DE
_PGD_low                             text14       007A0A
_PGM_high                            text13       0079E6
_PGM_low                             text11       0079EA
_PORTDbits                           (abs)        000F83
_TRISDbits                           (abs)        000F95
__CFG_DEBUG$ON                       (abs)        000000
__CFG_LVP$OFF                        (abs)        000000
__CFG_OSC$INTIO67                    (abs)        000000
__CFG_PWRT$ON                        (abs)        000000
__CFG_WDT$OFF                        (abs)        000000
__HRAM                               (abs)        000000
__Habs1                              abs1         000000
__Hbank0                             bank0        000000
__Hbank1                             bank1        000000
__Hbank2                             bank2        000000
__Hbank3                             bank3        000000
__Hbank4                             bank4        000000
__Hbank5                             bank5        000000
__Hbigbss                            bigbss       000000
__Hbigdata                           bigdata      000000
__Hbigram                            bigram       000000
__Hbss                               bss          000000
__Hcinit                             cinit        000000
__Hclrtext                           clrtext      000000
__Hcomram                            comram       000000
__Hconfig                            config       30000E
__Hconst                             const        000000
__HcstackCOMRAM                      cstackCOMRAM 000000
__Hdata                              data         000000
__Heeprom_data                       eeprom_data  000000
__Hend_init                          end_init     000004
__Hfarbss                            farbss       000000
__Hfardata                           fardata      000000
__Hibigdata                          ibigdata     000000
__Hidata                             idata        000000
__Hidloc                             idloc        200008
__Hifardata                          ifardata     000000
__Hinit                              init         000000
__Hintcode                           intcode      000000
__Hintcode_body                      intcode_body 000000
__Hintcodelo                         intcodelo    000000
__Hintentry                          intentry     000000
__Hintret                            intret       000000
__Hintsave_regs                      intsave_regs 000000
__Hirdata                            irdata       000000
__Hmediumconst                       mediumconst  000000
__HnvFARRAM                          nvFARRAM     000000
__Hnvbit                             nvbit        000000
__Hnvrram                            nvrram       000000
__Hparam                             rparam       000000
__Hpowerup                           powerup      000000
__Hram                               ram          000000
__Hramtop                            ramtop       000600
__Hrbit                              rbit         000000
__Hrbss                              rbss         000000
__Hrdata                             rdata        000000
__Hreset_vec                         reset_vec    000000
__Hrparam                            rparam       000000
__Hsfr                               sfr          000000
__Hsmallconst                        smallconst   000000
__Hspace_0                           (abs)        30000E
__Hspace_1                           (abs)        000030
__Hspace_2                           (abs)        000000
__Hstack                             stack        000000
__Hstruct                            struct       000000
__Htemp                              temp         000000
__Htext                              text         000000
__Htext0                             text0        000000
__Htext1                             text1        000000
__Htext10                            text10       000000
__Htext11                            text11       000000
__Htext12                            text12       000000
__Htext13                            text13       000000
__Htext14                            text14       000000
__Htext15                            text15       000000
__Htext16                            text16       000000
__Htext17                            text17       000000
__Htext18                            text18       000000
__Htext19                            text19       000000
__Htext2                             text2        000000
__Htext20                            text20       000000
__Htext21                            text21       000000
__Htext22                            text22       000000
__Htext23                            text23       000000
__Htext24                            text24       000000
__Htext3                             text3        000000
__Htext4                             text4        000000
__Htext5                             text5        000000
__Htext6                             text6        000000
__Htext7                             text7        000000
__Htext8                             text8        000000
__Htext9                             text9        000000
__LRAM                               (abs)        000001
__Labs1                              abs1         000000
__Lbank0                             bank0        000000
__Lbank1                             bank1        000000
__Lbank2                             bank2        000000
__Lbank3                             bank3        000000
__Lbank4                             bank4        000000
__Lbank5                             bank5        000000
__Lbigbss                            bigbss       000000
__Lbigdata                           bigdata      000000
__Lbigram                            bigram       000000
__Lbss                               bss          000000
__Lcinit                             cinit        000000
__Lclrtext                           clrtext      000000
__Lcomram                            comram       000000
__Lconfig                            config       300000
__Lconst                             const        000000
__LcstackCOMRAM                      cstackCOMRAM 000000
__Ldata                              data         000000
__Leeprom_data                       eeprom_data  000000
__Lend_init                          end_init     000000
__Lfarbss                            farbss       000000
__Lfardata                           fardata      000000
__Libigdata                          ibigdata     000000
__Lidata                             idata        000000
__Lidloc                             idloc        200000
__Lifardata                          ifardata     000000
__Linit                              init         000000
__Lintcode                           intcode      000000
__Lintcode_body                      intcode_body 000000
__Lintcodelo                         intcodelo    000000
__Lintentry                          intentry     000000
__Lintret                            intret       000000
__Lintsave_regs                      intsave_regs 000000
__Lirdata                            irdata       000000
__Lmediumconst                       mediumconst  000000
__LnvFARRAM                          nvFARRAM     000000
__Lnvbit                             nvbit        000000
__Lnvrram                            nvrram       000000
__Lparam                             rparam       000000
__Lpowerup                           powerup      000000
__Lram                               ram          000000
__Lramtop                            ramtop       000600
__Lrbit                              rbit         000000
__Lrbss                              rbss         000000
__Lrdata                             rdata        000000
__Lreset_vec                         reset_vec    000000
__Lrparam                            rparam       000000
__Lsfr                               sfr          000000
__Lsmallconst                        smallconst   000000
__Lspace_0                           (abs)        000000
__Lspace_1                           (abs)        000000
__Lspace_2                           (abs)        000000
__Lstack                             stack        000000
__Lstruct                            struct       000000
__Ltemp                              temp         000000
__Ltext                              text         000000
__Ltext0                             text0        000000
__Ltext1                             text1        000000
__Ltext10                            text10       000000
__Ltext11                            text11       000000
__Ltext12                            text12       000000
__Ltext13                            text13       000000
__Ltext14                            text14       000000
__Ltext15                            text15       000000
__Ltext16                            text16       000000
__Ltext17                            text17       000000
__Ltext18                            text18       000000
__Ltext19                            text19       000000
__Ltext2                             text2        000000
__Ltext20                            text20       000000
__Ltext21                            text21       000000
__Ltext22                            text22       000000
__Ltext23                            text23       000000
__Ltext24                            text24       000000
__Ltext3                             text3        000000
__Ltext4                             text4        000000
__Ltext5                             text5        000000
__Ltext6                             text6        000000
__Ltext7                             text7        000000
__Ltext8                             text8        000000
__Ltext9                             text9        000000
__S0                                 (abs)        30000E
__S1                                 (abs)        000030
__S2                                 (abs)        000000
___inthi_sp                          stack        000000
___intlo_sp                          stack        000000
___sp                                stack        000000
__accesstop                          (abs)        000080
__activetblptr                       (abs)        000000
__end_of_MCLR_high                   text16       0079E6
__end_of_MCLR_low                    text15       007A2A
__end_of_PGC_high                    text24       0079DE
__end_of_PGC_low                     text23       0079E2
__end_of_PGD_low                     text14       007A18
__end_of_PGM_high                    text13       0079EA
__end_of_PGM_low                     text11       0079EE
__end_of__initialization             cinit        0079EE
__end_of_bulkErase                   text18       008000
__end_of_enableWrite                 text17       007AEE
__end_of_enter_HVP                   text12       007A7C
__end_of_exit_HVP                    text10       007A3C
__end_of_main                        text0        007DA0
__end_of_read2Byte                   text4        007B1C
__end_of_readBit                     text8        007A9A
__end_of_readBits                    text7        007C4A
__end_of_readFirstByte               text6        007BF2
__end_of_readICSP                    text5        007BA6
__end_of_readPGD                     text9        007A50
__end_of_tableSelect                 text3        007E84
__end_of_trisInit                    text2        0079FE
__end_of_writeBit                    text21       007A66
__end_of_writeBits                   text20       007B60
__end_of_writeICSP                   text19       007AC4
__end_of_writePGD                    text22       007A0A
__end_of_writeTableThenIncremeant    text1        007CE4
__initialization                     cinit        0079EE
__mediumconst                        mediumconst  000000
__pcinit                             cinit        0079EE
__pcstackCOMRAM                      cstackCOMRAM 000001
__ptext0                             text0        007CE4
__ptext1                             text1        007C4A
__ptext10                            text10       007A2A
__ptext11                            text11       0079EA
__ptext12                            text12       007A66
__ptext13                            text13       0079E6
__ptext14                            text14       007A0A
__ptext15                            text15       007A18
__ptext16                            text16       0079E2
__ptext17                            text17       007AC4
__ptext18                            text18       007E84
__ptext19                            text19       007A9A
__ptext2                             text2        0079F4
__ptext20                            text20       007B1C
__ptext21                            text21       007A50
__ptext22                            text22       0079FE
__ptext23                            text23       0079DE
__ptext24                            text24       0079DA
__ptext3                             text3        007DA0
__ptext4                             text4        007AEE
__ptext5                             text5        007B60
__ptext6                             text6        007BA6
__ptext7                             text7        007BF2
__ptext8                             text8        007A7C
__ptext9                             text9        007A3C
__ramtop                             ramtop       000600
__size_of_MCLR_high                  (abs)        000000
__size_of_MCLR_low                   (abs)        000000
__size_of_PGC_high                   (abs)        000000
__size_of_PGC_low                    (abs)        000000
__size_of_PGD_low                    (abs)        000000
__size_of_PGM_high                   (abs)        000000
__size_of_PGM_low                    (abs)        000000
__size_of_bulkErase                  (abs)        000000
__size_of_enableWrite                (abs)        000000
__size_of_enter_HVP                  (abs)        000000
__size_of_exit_HVP                   (abs)        000000
__size_of_main                       (abs)        000000
__size_of_read2Byte                  (abs)        000000
__size_of_readBit                    (abs)        000000
__size_of_readBits                   (abs)        000000
__size_of_readFirstByte              (abs)        000000
__size_of_readICSP                   (abs)        000000
__size_of_readPGD                    (abs)        000000
__size_of_tableSelect                (abs)        000000
__size_of_trisInit                   (abs)        000000
__size_of_writeBit                   (abs)        000000
__size_of_writeBits                  (abs)        000000
__size_of_writeICSP                  (abs)        000000
__size_of_writePGD                   (abs)        000000
__size_of_writeTableThenIncremeant   (abs)        000000
__smallconst                         smallconst   000000
_bulkErase                           text18       007E84
_enableWrite                         text17       007AC4
_enter_HVP                           text12       007A66
_exit_HVP                            text10       007A2A
_main                                text0        007CE4
_read2Byte                           text4        007AEE
_readBit                             text8        007A7C
_readBits                            text7        007BF2
_readFirstByte                       text6        007BA6
_readICSP                            text5        007B60
_readPGD                             text9        007A3C
_tableSelect                         text3        007DA0
_trisInit                            text2        0079F4
_writeBit                            text21       007A50
_writeBits                           text20       007B1C
_writeICSP                           text19       007A9A
_writePGD                            text22       0079FE
_writeTableThenIncremeant            text1        007C4A
bulkErase@i                          cstackCOMRAM 000012
end_of_initialization                cinit        0079EE
intlevel0                            text         000000
intlevel1                            text         000000
intlevel2                            text         000000
intlevel3                            text         000000
main@a                               cstackCOMRAM 000028
main@b                               cstackCOMRAM 00002A
main@c                               cstackCOMRAM 00002C
main@d                               cstackCOMRAM 00002E
main@i                               cstackCOMRAM 000026
read2Byte@data                       cstackCOMRAM 000017
read2Byte@firstData                  cstackCOMRAM 000015
readBit@data                         cstackCOMRAM 000006
readBits@bitsToRead                  cstackCOMRAM 000008
readBits@data                        cstackCOMRAM 00000D
readBits@i                           cstackCOMRAM 00000B
readFirstByte@data                   cstackCOMRAM 000011
readICSP@data                        cstackCOMRAM 000011
stackhi                              (abs)        0005FF
stacklo                              (abs)        000080
start                                init         000000
start_initialization                 cinit        0079EE
tableSelect@address                  cstackCOMRAM 000012
tableSelect@highAddr                 cstackCOMRAM 00001E
tableSelect@lowAddr                  cstackCOMRAM 000022
tableSelect@upperAddr                cstackCOMRAM 00001A
writeBit@bitToWrite                  cstackCOMRAM 000003
writeBits@bitsToWrite                cstackCOMRAM 000007
writeBits@i                          cstackCOMRAM 00000C
writeBits@pattern                    cstackCOMRAM 000005
writeICSP@commandByte                cstackCOMRAM 00000E
writeICSP@dataBytes                  cstackCOMRAM 000010
writePGD@data                        cstackCOMRAM 000001
writeTableThenIncremeant@first2Byte  cstackCOMRAM 000012
writeTableThenIncremeant@i           cstackCOMRAM 000016
writeTableThenIncremeant@second2Byte cstackCOMRAM 000014


FUNCTION INFORMATION:

 *************** function _main *****************
 Defined at:
		line 28 in file "../src/PIC18/Main.c"
 Parameters:    Size  Location     Type
		None
 Auto vars:     Size  Location     Type
  d               2   45[COMRAM] unsigned int 
  c               2   43[COMRAM] unsigned int 
  b               2   41[COMRAM] unsigned int 
  a               2   39[COMRAM] unsigned int 
  i               2   37[COMRAM] unsigned int 
 Return value:  Size  Location     Type
		None               void
 Registers used:
		wreg, status,2, status,0, cstack
 Tracked objects:
		On entry : 
		On exit  : 
		Unchanged: 
 Data sizes:     COMRAM   BANK0   BANK1   BANK2   BANK3   BANK4   BANK5
      Params:         0       0       0       0       0       0       0
      Locals:        10       0       0       0       0       0       0
      Temps:          0       0       0       0       0       0       0
      Totals:        10       0       0       0       0       0       0
Total ram usage:       10 bytes
 Hardware stack levels required when called:    5
 This function calls:
		_bulkErase
		_enableWrite
		_enter_HVP
		_exit_HVP
		_read2Byte
		_tableSelect
		_trisInit
		_writeTableThenIncremeant
 This function is called by:
		Startup code after reset
 This function uses a non-reentrant model


 *************** function _writeTableThenIncremeant *****************
 Defined at:
		line 136 in file "../src/PIC18/FlashProg.c"
 Parameters:    Size  Location     Type
  first2Byte      2   17[COMRAM] unsigned int 
  second2Byte     2   19[COMRAM] unsigned int 
 Auto vars:     Size  Location     Type
  i               2   21[COMRAM] int 
 Return value:  Size  Location     Type
		None               void
 Registers used:
		wreg, status,2, status,0, cstack
 Tracked objects:
		On entry : 
		On exit  : 
		Unchanged: 
 Data sizes:     COMRAM   BANK0   BANK1   BANK2   BANK3   BANK4   BANK5
      Params:         4       0       0       0       0       0       0
      Locals:         2       0       0       0       0       0       0
      Temps:          0       0       0       0       0       0       0
      Totals:         6       0       0       0       0       0       0
Total ram usage:        6 bytes
 Hardware stack levels used:    1
 Hardware stack levels required when called:    4
 This function calls:
		_PGC_high
		_PGC_low
		_PGD_low
		_writeBits
		_writeICSP
 This function is called by:
		_main
 This function uses a non-reentrant model


 *************** function _trisInit *****************
 Defined at:
		line 21 in file "../src/PIC18/Main.c"
 Parameters:    Size  Location     Type
		None
 Auto vars:     Size  Location     Type
		None
 Return value:  Size  Location     Type
		None               void
 Registers used:
		None
 Tracked objects:
		On entry : 
		On exit  : 
		Unchanged: 
 Data sizes:     COMRAM   BANK0   BANK1   BANK2   BANK3   BANK4   BANK5
      Params:         0       0       0       0       0       0       0
      Locals:         0       0       0       0       0       0       0
      Temps:          0       0       0       0       0       0       0
      Totals:         0       0       0       0       0       0       0
Total ram usage:        0 bytes
 Hardware stack levels used:    1
 This function calls:
		Nothing
 This function is called by:
		_main
 This function uses a non-reentrant model


 *************** function _tableSelect *****************
 Defined at:
		line 119 in file "../src/PIC18/FlashProg.c"
 Parameters:    Size  Location     Type
  address         4   17[COMRAM] unsigned long 
 Auto vars:     Size  Location     Type
  lowAddr         4   33[COMRAM] unsigned long 
  highAddr        4   29[COMRAM] unsigned long 
  upperAddr       4   25[COMRAM] unsigned long 
 Return value:  Size  Location     Type
		None               void
 Registers used:
		wreg, status,2, status,0, cstack
 Tracked objects:
		On entry : 
		On exit  : 
		Unchanged: 
 Data sizes:     COMRAM   BANK0   BANK1   BANK2   BANK3   BANK4   BANK5
      Params:         4       0       0       0       0       0       0
      Locals:        12       0       0       0       0       0       0
      Temps:          4       0       0       0       0       0       0
      Totals:        20       0       0       0       0       0       0
Total ram usage:       20 bytes
 Hardware stack levels used:    1
 Hardware stack levels required when called:    4
 This function calls:
		_writeICSP
 This function is called by:
		_main
 This function uses a non-reentrant model


 *************** function _read2Byte *****************
 Defined at:
		line 153 in file "../src/PIC18/FlashProg.c"
 Parameters:    Size  Location     Type
		None
 Auto vars:     Size  Location     Type
  data            2   22[COMRAM] unsigned int 
  firstData       2   20[COMRAM] unsigned int 
 Return value:  Size  Location     Type
                  2   18[COMRAM] unsigned int 
 Registers used:
		wreg, status,2, status,0, cstack
 Tracked objects:
		On entry : 
		On exit  : 
		Unchanged: 
 Data sizes:     COMRAM   BANK0   BANK1   BANK2   BANK3   BANK4   BANK5
      Params:         2       0       0       0       0       0       0
      Locals:         4       0       0       0       0       0       0
      Temps:          0       0       0       0       0       0       0
      Totals:         6       0       0       0       0       0       0
Total ram usage:        6 bytes
 Hardware stack levels used:    1
 Hardware stack levels required when called:    4
 This function calls:
		_readFirstByte
		_readICSP
 This function is called by:
		_main
 This function uses a non-reentrant model


 *************** function _readICSP *****************
 Defined at:
		line 25 in file "../src/PIC18/ICSP.c"
 Parameters:    Size  Location     Type
		None
 Auto vars:     Size  Location     Type
  data            2   16[COMRAM] unsigned int 
 Return value:  Size  Location     Type
                  2   14[COMRAM] unsigned int 
 Registers used:
		wreg, status,2, status,0, cstack
 Tracked objects:
		On entry : 
		On exit  : 
		Unchanged: 
 Data sizes:     COMRAM   BANK0   BANK1   BANK2   BANK3   BANK4   BANK5
      Params:         2       0       0       0       0       0       0
      Locals:         2       0       0       0       0       0       0
      Temps:          0       0       0       0       0       0       0
      Totals:         4       0       0       0       0       0       0
Total ram usage:        4 bytes
 Hardware stack levels used:    1
 Hardware stack levels required when called:    3
 This function calls:
		_readBits
		_writeBits
 This function is called by:
		_read2Byte
		_readDeviceID1
		_readDeviceID2
 This function uses a non-reentrant model


 *************** function _readFirstByte *****************
 Defined at:
		line 33 in file "../src/PIC18/ICSP.c"
 Parameters:    Size  Location     Type
		None
 Auto vars:     Size  Location     Type
  data            2   16[COMRAM] unsigned int 
 Return value:  Size  Location     Type
                  2   14[COMRAM] unsigned int 
 Registers used:
		wreg, status,2, status,0, cstack
 Tracked objects:
		On entry : 
		On exit  : 
		Unchanged: 
 Data sizes:     COMRAM   BANK0   BANK1   BANK2   BANK3   BANK4   BANK5
      Params:         2       0       0       0       0       0       0
      Locals:         2       0       0       0       0       0       0
      Temps:          0       0       0       0       0       0       0
      Totals:         4       0       0       0       0       0       0
Total ram usage:        4 bytes
 Hardware stack levels used:    1
 Hardware stack levels required when called:    3
 This function calls:
		_readBits
		_writeBits
 This function is called by:
		_read2Byte
 This function uses a non-reentrant model


 *************** function _readBits *****************
 Defined at:
		line 52 in file "../src/PIC18/ICSP.c"
 Parameters:    Size  Location     Type
  bitsToRead      2    7[COMRAM] int 
 Auto vars:     Size  Location     Type
  data            2   12[COMRAM] unsigned int 
  i               2   10[COMRAM] int 
 Return value:  Size  Location     Type
                  2    7[COMRAM] unsigned int 
 Registers used:
		wreg, status,2, status,0, cstack
 Tracked objects:
		On entry : 
		On exit  : 
		Unchanged: 
 Data sizes:     COMRAM   BANK0   BANK1   BANK2   BANK3   BANK4   BANK5
      Params:         2       0       0       0       0       0       0
      Locals:         4       0       0       0       0       0       0
      Temps:          1       0       0       0       0       0       0
      Totals:         7       0       0       0       0       0       0
Total ram usage:        7 bytes
 Hardware stack levels used:    1
 Hardware stack levels required when called:    2
 This function calls:
		_readBit
 This function is called by:
		_readICSP
		_readFirstByte
 This function uses a non-reentrant model


 *************** function _readBit *****************
 Defined at:
		line 44 in file "../src/PIC18/ICSP.c"
 Parameters:    Size  Location     Type
		None
 Auto vars:     Size  Location     Type
  data            2    5[COMRAM] unsigned int 
 Return value:  Size  Location     Type
                  2    3[COMRAM] unsigned int 
 Registers used:
		wreg, status,2, cstack
 Tracked objects:
		On entry : 
		On exit  : 
		Unchanged: 
 Data sizes:     COMRAM   BANK0   BANK1   BANK2   BANK3   BANK4   BANK5
      Params:         2       0       0       0       0       0       0
      Locals:         2       0       0       0       0       0       0
      Temps:          0       0       0       0       0       0       0
      Totals:         4       0       0       0       0       0       0
Total ram usage:        4 bytes
 Hardware stack levels used:    1
 Hardware stack levels required when called:    1
 This function calls:
		_PGC_high
		_PGC_low
		_readPGD
 This function is called by:
		_readBits
 This function uses a non-reentrant model


 *************** function _readPGD *****************
 Defined at:
		line 6 in file "../src/PIC18/FlashProg.c"
 Parameters:    Size  Location     Type
		None
 Auto vars:     Size  Location     Type
		None
 Return value:  Size  Location     Type
                  2    0[COMRAM] unsigned int 
 Registers used:
		wreg, status,2
 Tracked objects:
		On entry : 
		On exit  : 
		Unchanged: 
 Data sizes:     COMRAM   BANK0   BANK1   BANK2   BANK3   BANK4   BANK5
      Params:         2       0       0       0       0       0       0
      Locals:         0       0       0       0       0       0       0
      Temps:          1       0       0       0       0       0       0
      Totals:         3       0       0       0       0       0       0
Total ram usage:        3 bytes
 Hardware stack levels used:    1
 This function calls:
		Nothing
 This function is called by:
		_readBit
 This function uses a non-reentrant model


 *************** function _exit_HVP *****************
 Defined at:
		line 57 in file "../src/PIC18/FlashProg.c"
 Parameters:    Size  Location     Type
		None
 Auto vars:     Size  Location     Type
		None
 Return value:  Size  Location     Type
		None               void
 Registers used:
		wreg, status,2, cstack
 Tracked objects:
		On entry : 
		On exit  : 
		Unchanged: 
 Data sizes:     COMRAM   BANK0   BANK1   BANK2   BANK3   BANK4   BANK5
      Params:         0       0       0       0       0       0       0
      Locals:         0       0       0       0       0       0       0
      Temps:          0       0       0       0       0       0       0
      Totals:         0       0       0       0       0       0       0
Total ram usage:        0 bytes
 Hardware stack levels used:    1
 Hardware stack levels required when called:    2
 This function calls:
		_MCLR_low
		_PGC_low
		_PGD_low
		_PGM_low
 This function is called by:
		_main
 This function uses a non-reentrant model


 *************** function _PGM_low *****************
 Defined at:
		line 30 in file "../src/PIC18/FlashProg.c"
 Parameters:    Size  Location     Type
		None
 Auto vars:     Size  Location     Type
		None
 Return value:  Size  Location     Type
		None               void
 Registers used:
		None
 Tracked objects:
		On entry : 
		On exit  : 
		Unchanged: 
 Data sizes:     COMRAM   BANK0   BANK1   BANK2   BANK3   BANK4   BANK5
      Params:         0       0       0       0       0       0       0
      Locals:         0       0       0       0       0       0       0
      Temps:          0       0       0       0       0       0       0
      Totals:         0       0       0       0       0       0       0
Total ram usage:        0 bytes
 Hardware stack levels used:    1
 This function calls:
		Nothing
 This function is called by:
		_exit_HVP
 This function uses a non-reentrant model


 *************** function _enter_HVP *****************
 Defined at:
		line 49 in file "../src/PIC18/FlashProg.c"
 Parameters:    Size  Location     Type
		None
 Auto vars:     Size  Location     Type
		None
 Return value:  Size  Location     Type
		None               void
 Registers used:
		wreg, status,2, cstack
 Tracked objects:
		On entry : 
		On exit  : 
		Unchanged: 
 Data sizes:     COMRAM   BANK0   BANK1   BANK2   BANK3   BANK4   BANK5
      Params:         0       0       0       0       0       0       0
      Locals:         0       0       0       0       0       0       0
      Temps:          0       0       0       0       0       0       0
      Totals:         0       0       0       0       0       0       0
Total ram usage:        0 bytes
 Hardware stack levels used:    1
 Hardware stack levels required when called:    2
 This function calls:
		_MCLR_high
		_MCLR_low
		_PGC_low
		_PGD_low
		_PGM_high
 This function is called by:
		_main
 This function uses a non-reentrant model


 *************** function _PGM_high *****************
 Defined at:
		line 34 in file "../src/PIC18/FlashProg.c"
 Parameters:    Size  Location     Type
		None
 Auto vars:     Size  Location     Type
		None
 Return value:  Size  Location     Type
		None               void
 Registers used:
		None
 Tracked objects:
		On entry : 
		On exit  : 
		Unchanged: 
 Data sizes:     COMRAM   BANK0   BANK1   BANK2   BANK3   BANK4   BANK5
      Params:         0       0       0       0       0       0       0
      Locals:         0       0       0       0       0       0       0
      Temps:          0       0       0       0       0       0       0
      Totals:         0       0       0       0       0       0       0
Total ram usage:        0 bytes
 Hardware stack levels used:    1
 This function calls:
		Nothing
 This function is called by:
		_enter_HVP
 This function uses a non-reentrant model


 *************** function _PGD_low *****************
 Defined at:
		line 18 in file "../src/PIC18/FlashProg.c"
 Parameters:    Size  Location     Type
		None
 Auto vars:     Size  Location     Type
		None
 Return value:  Size  Location     Type
		None               void
 Registers used:
		wreg, status,2, cstack
 Tracked objects:
		On entry : 
		On exit  : 
		Unchanged: 
 Data sizes:     COMRAM   BANK0   BANK1   BANK2   BANK3   BANK4   BANK5
      Params:         0       0       0       0       0       0       0
      Locals:         0       0       0       0       0       0       0
      Temps:          0       0       0       0       0       0       0
      Totals:         0       0       0       0       0       0       0
Total ram usage:        0 bytes
 Hardware stack levels used:    1
 Hardware stack levels required when called:    1
 This function calls:
		_writePGD
 This function is called by:
		_enter_HVP
		_exit_HVP
		_writeTableThenIncremeant
 This function uses a non-reentrant model


 *************** function _MCLR_low *****************
 Defined at:
		line 38 in file "../src/PIC18/FlashProg.c"
 Parameters:    Size  Location     Type
		None
 Auto vars:     Size  Location     Type
		None
 Return value:  Size  Location     Type
		None               void
 Registers used:
		wreg, status,2, cstack
 Tracked objects:
		On entry : 
		On exit  : 
		Unchanged: 
 Data sizes:     COMRAM   BANK0   BANK1   BANK2   BANK3   BANK4   BANK5
      Params:         0       0       0       0       0       0       0
      Locals:         0       0       0       0       0       0       0
      Temps:          0       0       0       0       0       0       0
      Totals:         0       0       0       0       0       0       0
Total ram usage:        0 bytes
 Hardware stack levels used:    1
 Hardware stack levels required when called:    1
 This function calls:
		_writePGD
 This function is called by:
		_enter_HVP
		_exit_HVP
 This function uses a non-reentrant model


 *************** function _MCLR_high *****************
 Defined at:
		line 45 in file "../src/PIC18/FlashProg.c"
 Parameters:    Size  Location     Type
		None
 Auto vars:     Size  Location     Type
		None
 Return value:  Size  Location     Type
		None               void
 Registers used:
		None
 Tracked objects:
		On entry : 
		On exit  : 
		Unchanged: 
 Data sizes:     COMRAM   BANK0   BANK1   BANK2   BANK3   BANK4   BANK5
      Params:         0       0       0       0       0       0       0
      Locals:         0       0       0       0       0       0       0
      Temps:          0       0       0       0       0       0       0
      Totals:         0       0       0       0       0       0       0
Total ram usage:        0 bytes
 Hardware stack levels used:    1
 This function calls:
		Nothing
 This function is called by:
		_enter_HVP
 This function uses a non-reentrant model


 *************** function _enableWrite *****************
 Defined at:
		line 112 in file "../src/PIC18/FlashProg.c"
 Parameters:    Size  Location     Type
		None
 Auto vars:     Size  Location     Type
		None
 Return value:  Size  Location     Type
		None               void
 Registers used:
		wreg, status,2, status,0, cstack
 Tracked objects:
		On entry : 
		On exit  : 
		Unchanged: 
 Data sizes:     COMRAM   BANK0   BANK1   BANK2   BANK3   BANK4   BANK5
      Params:         0       0       0       0       0       0       0
      Locals:         0       0       0       0       0       0       0
      Temps:          0       0       0       0       0       0       0
      Totals:         0       0       0       0       0       0       0
Total ram usage:        0 bytes
 Hardware stack levels used:    1
 Hardware stack levels required when called:    4
 This function calls:
		_writeICSP
 This function is called by:
		_main
 This function uses a non-reentrant model


 *************** function _bulkErase *****************
 Defined at:
		line 65 in file "../src/PIC18/FlashProg.c"
 Parameters:    Size  Location     Type
		None
 Auto vars:     Size  Location     Type
  i               2   17[COMRAM] int 
 Return value:  Size  Location     Type
		None               void
 Registers used:
		wreg, status,2, status,0, cstack
 Tracked objects:
		On entry : 
		On exit  : 
		Unchanged: 
 Data sizes:     COMRAM   BANK0   BANK1   BANK2   BANK3   BANK4   BANK5
      Params:         0       0       0       0       0       0       0
      Locals:         2       0       0       0       0       0       0
      Temps:          0       0       0       0       0       0       0
      Totals:         2       0       0       0       0       0       0
Total ram usage:        2 bytes
 Hardware stack levels used:    1
 Hardware stack levels required when called:    4
 This function calls:
		_writeBits
		_writeICSP
 This function is called by:
		_main
 This function uses a non-reentrant model


 *************** function _writeICSP *****************
 Defined at:
		line 5 in file "../src/PIC18/ICSP.c"
 Parameters:    Size  Location     Type
  commandByte     2   13[COMRAM] unsigned int 
  dataBytes       2   15[COMRAM] unsigned int 
 Auto vars:     Size  Location     Type
		None
 Return value:  Size  Location     Type
		None               void
 Registers used:
		wreg, status,2, status,0, cstack
 Tracked objects:
		On entry : 
		On exit  : 
		Unchanged: 
 Data sizes:     COMRAM   BANK0   BANK1   BANK2   BANK3   BANK4   BANK5
      Params:         4       0       0       0       0       0       0
      Locals:         0       0       0       0       0       0       0
      Temps:          0       0       0       0       0       0       0
      Totals:         4       0       0       0       0       0       0
Total ram usage:        4 bytes
 Hardware stack levels used:    1
 Hardware stack levels required when called:    3
 This function calls:
		_writeBits
 This function is called by:
		_bulkErase
		_enableWrite
		_tableSelect
		_writeTableThenIncremeant
		_readDeviceID1
		_readDeviceID2
 This function uses a non-reentrant model


 *************** function _writeBits *****************
 Defined at:
		line 16 in file "../src/PIC18/ICSP.c"
 Parameters:    Size  Location     Type
  pattern         2    4[COMRAM] unsigned int 
  bitsToWrite     2    6[COMRAM] unsigned int 
 Auto vars:     Size  Location     Type
  i               2   11[COMRAM] int 
 Return value:  Size  Location     Type
		None               void
 Registers used:
		wreg, status,2, status,0, cstack
 Tracked objects:
		On entry : 
		On exit  : 
		Unchanged: 
 Data sizes:     COMRAM   BANK0   BANK1   BANK2   BANK3   BANK4   BANK5
      Params:         4       0       0       0       0       0       0
      Locals:         2       0       0       0       0       0       0
      Temps:          3       0       0       0       0       0       0
      Totals:         9       0       0       0       0       0       0
Total ram usage:        9 bytes
 Hardware stack levels used:    1
 Hardware stack levels required when called:    2
 This function calls:
		_writeBit
 This function is called by:
		_bulkErase
		_writeTableThenIncremeant
		_writeICSP
		_readICSP
		_readFirstByte
 This function uses a non-reentrant model


 *************** function _writeBit *****************
 Defined at:
		line 10 in file "../src/PIC18/ICSP.c"
 Parameters:    Size  Location     Type
  bitToWrite      2    2[COMRAM] unsigned int 
 Auto vars:     Size  Location     Type
		None
 Return value:  Size  Location     Type
		None               void
 Registers used:
		cstack
 Tracked objects:
		On entry : 
		On exit  : 
		Unchanged: 
 Data sizes:     COMRAM   BANK0   BANK1   BANK2   BANK3   BANK4   BANK5
      Params:         2       0       0       0       0       0       0
      Locals:         0       0       0       0       0       0       0
      Temps:          0       0       0       0       0       0       0
      Totals:         2       0       0       0       0       0       0
Total ram usage:        2 bytes
 Hardware stack levels used:    1
 Hardware stack levels required when called:    1
 This function calls:
		_PGC_high
		_PGC_low
		_writePGD
 This function is called by:
		_writeBits
 This function uses a non-reentrant model


 *************** function _writePGD *****************
 Defined at:
		line 10 in file "../src/PIC18/FlashProg.c"
 Parameters:    Size  Location     Type
  data            2    0[COMRAM] int 
 Auto vars:     Size  Location     Type
		None
 Return value:  Size  Location     Type
		None               void
 Registers used:
		None
 Tracked objects:
		On entry : 
		On exit  : 
		Unchanged: 
 Data sizes:     COMRAM   BANK0   BANK1   BANK2   BANK3   BANK4   BANK5
      Params:         2       0       0       0       0       0       0
      Locals:         0       0       0       0       0       0       0
      Temps:          0       0       0       0       0       0       0
      Totals:         2       0       0       0       0       0       0
Total ram usage:        2 bytes
 Hardware stack levels used:    1
 This function calls:
		Nothing
 This function is called by:
		_PGD_low
		_MCLR_low
		_writeBit
		_PGD_high
 This function uses a non-reentrant model


 *************** function _PGC_low *****************
 Defined at:
		line 26 in file "../src/PIC18/FlashProg.c"
 Parameters:    Size  Location     Type
		None
 Auto vars:     Size  Location     Type
		None
 Return value:  Size  Location     Type
		None               void
 Registers used:
		None
 Tracked objects:
		On entry : 
		On exit  : 
		Unchanged: 
 Data sizes:     COMRAM   BANK0   BANK1   BANK2   BANK3   BANK4   BANK5
      Params:         0       0       0       0       0       0       0
      Locals:         0       0       0       0       0       0       0
      Temps:          0       0       0       0       0       0       0
      Totals:         0       0       0       0       0       0       0
Total ram usage:        0 bytes
 Hardware stack levels used:    1
 This function calls:
		Nothing
 This function is called by:
		_enter_HVP
		_exit_HVP
		_writeTableThenIncremeant
		_writeBit
		_readBit
 This function uses a non-reentrant model


 *************** function _PGC_high *****************
 Defined at:
		line 22 in file "../src/PIC18/FlashProg.c"
 Parameters:    Size  Location     Type
		None
 Auto vars:     Size  Location     Type
		None
 Return value:  Size  Location     Type
		None               void
 Registers used:
		None
 Tracked objects:
		On entry : 
		On exit  : 
		Unchanged: 
 Data sizes:     COMRAM   BANK0   BANK1   BANK2   BANK3   BANK4   BANK5
      Params:         0       0       0       0       0       0       0
      Locals:         0       0       0       0       0       0       0
      Temps:          0       0       0       0       0       0       0
      Totals:         0       0       0       0       0       0       0
Total ram usage:        0 bytes
 Hardware stack levels used:    1
 This function calls:
		Nothing
 This function is called by:
		_writeTableThenIncremeant
		_writeBit
		_readBit
 This function uses a non-reentrant model



MODULE INFORMATION

Module		Function		Class		Link	Load	Size
../src/PIC18/Main.c
		_main          		CODE           	7CE4	0000	188
		_trisInit      		CODE           	79F4	0000	10

../src/PIC18/Main.c estimated size: 198

../src/PIC18/FlashProg.c
		_writeTableThen		CODE           	7C4A	0000	154
		_MCLR_high     		CODE           	79E2	0000	4
		_enter_HVP     		CODE           	7A66	0000	22
		_writePGD      		CODE           	79FE	0000	12
		_PGC_low       		CODE           	79DE	0000	4
		_PGD_low       		CODE           	7A0A	0000	14
		_readPGD       		CODE           	7A3C	0000	20
		_bulkErase     		CODE           	7E84	0000	380
		_enableWrite   		CODE           	7AC4	0000	42
		_tableSelect   		CODE           	7DA0	0000	228
		_PGC_high      		CODE           	79DA	0000	4
		_exit_HVP      		CODE           	7A2A	0000	18
		_MCLR_low      		CODE           	7A18	0000	18
		_PGM_low       		CODE           	79EA	0000	4
		_read2Byte     		CODE           	7AEE	0000	46
		_PGM_high      		CODE           	79E6	0000	4

../src/PIC18/FlashProg.c estimated size: 974

shared
		__initializatio		CODE           	79EE	0000	0

shared estimated size: 0

../src/PIC18/ICSP.c
		_readBit       		CODE           	7A7C	0000	30
		_readBits      		CODE           	7BF2	0000	88
		_writeBit      		CODE           	7A50	0000	22
		_writeBits     		CODE           	7B1C	0000	68
		_writeICSP     		CODE           	7A9A	0000	42
		_readICSP      		CODE           	7B60	0000	70
		_readFirstByte 		CODE           	7BA6	0000	76

../src/PIC18/ICSP.c estimated size: 396

