Microchip MPLAB XC8 Compiler V1.33 ()

Linker command line:

--edf=C:\Program Files (x86)\Microchip\xc8\v1.33\dat\en_msgs.txt -cs \
  -h+dist/default/debug\flash.X.debug.sym \
  --cmf=dist/default/debug\flash.X.debug.cmf -z -Q18F4520 \
  -oC:\Users\Jon\AppData\Local\Temp\s2h8.6 \
  -Mdist/default/debug/flash.X.debug.map -E1 -ver=XC8 -ASTACK=0280h-05eeh \
  -pstack=STACK -ACODE=00h-07CFFh -ACONST=00h-07CFFh \
  -ASMALLCONST=0600h-06FFhx119 -AMEDIUMCONST=0600h-07CFFh -ACOMRAM=01h-07Fh \
  -AABS1=00h-05EEh -ABIGRAM=01h-05EEh \
  -ARAM=080h-0FFh,0100h-01FFhx4,0500h-05EEh -ABANK0=080h-0FFh \
  -ABANK1=0100h-01FFh -ABANK2=0200h-02FFh -ABANK3=0300h-03FFh \
  -ABANK4=0400h-04FFh -ABANK5=0500h-05EEh \
  -ASFR=0F80h-0F9Bh,0F9Dh-0FD3h,0FD5h-0FDAh,0FE0h-0FE2h,0FE8h-0FEAh,0FF0h-0FFBh \
  -preset_vec=00h,intcode,intcodelo,powerup,init,end_init -pramtop=0600h \
  -psmallconst=SMALLCONST -pmediumconst=MEDIUMCONST -pconst=CONST \
  -AFARRAM=00h-00h -ACONFIG=0300000h-030000Dh -pconfig=CONFIG \
  -AIDLOC=0200000h-0200007h -pidloc=IDLOC -AEEDATA=0F00000h-0F000FFh \
  -peeprom_data=EEDATA \
  -prdata=COMRAM,nvrram=COMRAM,nvbit=COMRAM,rbss=COMRAM,rbit=COMRAM \
  -pfarbss=FARRAM,fardata=FARRAM,nvFARRAM=FARRAM \
  -pintsave_regs=BIGRAM,bigbss=BIGRAM,bigdata=BIGRAM -pbss=RAM \
  -pidata=CODE,irdata=CODE,ibigdata=CODE,ifardata=CODE \
  C:\Users\Jon\AppData\Local\Temp\s2h8.obj \
  dist/default/debug\flash.X.debug.obj 

Object code version is 3.11

Machine type is 18F4520

Call graph: (short form)




                Name                               Link     Load   Length Selector   Space Scale
C:\Users\Jon\AppData\Local\Temp\s2h8.obj
                end_init                              2        2        4        0       0
                reset_vec                             0        0        2        0       0
                idloc                            200000   200000        8   200000       0
                config                           300000   300000        E   300000       0
dist/default/debug\flash.X.debug.obj
                text31                             6BF8     6BF8        4     35FC       0
                text30                             6BFC     6BFC        4     35FE       0
                text29                             6C16     6C16        C     360B       0
                text28                             6C68     6C68       16     3634       0
                text27                             6D68     6D68       44     36B4       0
                text26                             6CE6     6CE6       2A     3673       0
                text25                             746C     746C      17C     3A36       0
                text24                             6D10     6D10       2A     3688       0
                text23                             6C00     6C00        4     3600       0
                text22                             6C30     6C30       12     3618       0
                text21                             6C22     6C22        E     3611       0
                text20                             6C04     6C04        4     3602       0
                text19                             6C7E     6C7E       16     363F       0
                text18                             6C08     6C08        4     3604       0
                text17                             6C42     6C42       12     3621       0
                text16                             6C54     6C54       14     362A       0
                text15                             6CAA     6CAA       1E     3655       0
                text14                             6E3E     6E3E       58     371F       0
                text13                             6DF2     6DF2       4C     36F9       0
                text12                             6DAC     6DAC       46     36D6       0
                text11                             6D3A     6D3A       2E     369D       0
                text10                             7150     7150       E4     38A8       0
                text9                              6F1C     6F1C       90     378E       0
                text8                              6E96     6E96       86     374B       0
                text7                              6C94     6C94       16     364A       0
                text6                              7234     7234      112     391A       0
                text5                              6FAC     6FAC       C2     37D6       0
                text4                              706E     706E       E2     3837       0
                text3                              7346     7346      126     39A3       0
                text2                              78EE     78EE      412     3C77       0
                text1                              6C0C     6C0C        A     3606       0
                cstackCOMRAM                          1        1       59        1       1
                cstackBANK0                          80       80       78       80       1
                cstackBANK1                         100      100      100      100       1
                cstackBANK2                         260      260       20      200       1
                bssBANK2                            200      200       60      200       1
                bssCOMRAM                            5A       5A       20        1       1
                cinit                              6CC8     6CC8       1E     3664       0
                text0                              75E8     75E8      306     3AF4       0

TOTAL           Name                               Link     Load   Length     Space
        CLASS   STACK          

        CLASS   CODE           
                end_init                              2        2        4         0
                reset_vec                             0        0        2         0
                text31                             6BF8     6BF8        4         0
                text30                             6BFC     6BFC        4         0
                text29                             6C16     6C16        C         0
                text28                             6C68     6C68       16         0
                text27                             6D68     6D68       44         0
                text26                             6CE6     6CE6       2A         0
                text25                             746C     746C      17C         0
                text24                             6D10     6D10       2A         0
                text23                             6C00     6C00        4         0
                text22                             6C30     6C30       12         0
                text21                             6C22     6C22        E         0
                text20                             6C04     6C04        4         0
                text19                             6C7E     6C7E       16         0
                text18                             6C08     6C08        4         0
                text17                             6C42     6C42       12         0
                text16                             6C54     6C54       14         0
                text15                             6CAA     6CAA       1E         0
                text14                             6E3E     6E3E       58         0
                text13                             6DF2     6DF2       4C         0
                text12                             6DAC     6DAC       46         0
                text11                             6D3A     6D3A       2E         0
                text10                             7150     7150       E4         0
                text9                              6F1C     6F1C       90         0
                text8                              6E96     6E96       86         0
                text7                              6C94     6C94       16         0
                text6                              7234     7234      112         0
                text5                              6FAC     6FAC       C2         0
                text4                              706E     706E       E2         0
                text3                              7346     7346      126         0
                text2                              78EE     78EE      412         0
                text1                              6C0C     6C0C        A         0
                cinit                              6CC8     6CC8       1E         0
                text0                              75E8     75E8      306         0

        CLASS   CONST          

        CLASS   SMALLCONST     

        CLASS   MEDIUMCONST    

        CLASS   COMRAM         
                cstackCOMRAM                          1        1       59         1
                bssCOMRAM                            5A       5A       20         1

        CLASS   ABS1           

        CLASS   BIGRAM         

        CLASS   RAM            

        CLASS   BANK0          
                cstackBANK0                          80       80       78         1

        CLASS   BANK1          
                cstackBANK1                         100      100      100         1

        CLASS   BANK2          
                cstackBANK2                         260      260       20         1
                bssBANK2                            200      200       60         1

        CLASS   BANK3          

        CLASS   BANK4          

        CLASS   BANK5          

        CLASS   SFR            

        CLASS   FARRAM         

        CLASS   CONFIG         
                config                           300000   300000        E         0

        CLASS   IDLOC          
                idloc                            200000   200000        8         0

        CLASS   EEDATA         



SEGMENTS        Name                           Load    Length   Top    Selector   Space  Class

                reset_vec                      000000  000006  000006         0       0  CODE    
                cstackCOMRAM                   000001  000079  00007A         1       1  COMRAM  
                cstackBANK0                    000080  000078  0000F8        80       1  BANK0   
                cstackBANK1                    000100  000100  000200       100       1  BANK1   
                bssBANK2                       000200  000080  000280       200       1  BANK2   
                text31                         006BF8  000004  006BFC      35FC       0  CODE    
                text30                         006BFC  000004  006C00      35FE       0  CODE    
                text23                         006C00  000004  006C04      3600       0  CODE    
                text20                         006C04  000004  006C08      3602       0  CODE    
                text18                         006C08  000004  006C0C      3604       0  CODE    
                text1                          006C0C  00000A  006C16      3606       0  CODE    
                text29                         006C16  00000C  006C22      360B       0  CODE    
                text21                         006C22  00000E  006C30      3611       0  CODE    
                text22                         006C30  000012  006C42      3618       0  CODE    
                text17                         006C42  000012  006C54      3621       0  CODE    
                text16                         006C54  000014  006C68      362A       0  CODE    
                text28                         006C68  000016  006C7E      3634       0  CODE    
                text19                         006C7E  000016  006C94      363F       0  CODE    
                text7                          006C94  000016  006CAA      364A       0  CODE    
                text15                         006CAA  00001E  006CC8      3655       0  CODE    
                cinit                          006CC8  00001E  006CE6      3664       0  CODE    
                text26                         006CE6  00002A  006D10      3673       0  CODE    
                text24                         006D10  00002A  006D3A      3688       0  CODE    
                text11                         006D3A  00002E  006D68      369D       0  CODE    
                text27                         006D68  000044  006DAC      36B4       0  CODE    
                text12                         006DAC  000046  006DF2      36D6       0  CODE    
                text13                         006DF2  00004C  006E3E      36F9       0  CODE    
                text14                         006E3E  000058  006E96      371F       0  CODE    
                text8                          006E96  000086  006F1C      374B       0  CODE    
                text9                          006F1C  000090  006FAC      378E       0  CODE    
                text5                          006FAC  0000C2  00706E      37D6       0  CODE    
                text4                          00706E  0000E2  007150      3837       0  CODE    
                text10                         007150  0000E4  007234      38A8       0  CODE    
                text6                          007234  000112  007346      391A       0  CODE    
                text3                          007346  000126  00746C      39A3       0  CODE    
                text25                         00746C  00017C  0075E8      3A36       0  CODE    
                text0                          0075E8  000306  0078EE      3AF4       0  CODE    
                text2                          0078EE  000412  007D00      3C77       0  CODE    
                idloc                          200000  000008  200008    200000       0  IDLOC   
                config                         300000  00000E  30000E    300000       0  CONFIG  


UNUSED ADDRESS RANGES

        Name                Unused          Largest block    Delta
        BANK0            0000F8-0000FF                8
        BANK2            000280-0002FF               80
        BANK3            000300-0003FF              100
        BANK4            000400-0004FF              100
        BANK5            000500-0005EE               EF
        BIGRAM           00007A-00007F                6
                         0000F8-0000FF                8
                         000280-0005EE              36F
        CODE             000006-006BF7             6BF2
        COMRAM           00007A-00007F                6
        CONST            000006-006BF7             6BF2
        EEDATA           F00000-F000FF              100
        MEDIUMCONST      000600-006BF7             65F8
        RAM              0000F8-0000FF                8
                         000280-0005EE              100
        SFR              000F80-000F9B               1C
                         000F9D-000FD3               37
                         000FD5-000FDA                6
                         000FE0-000FE2                3
                         000FE8-000FEA                3
                         000FF0-000FFB                C
        SMALLCONST       000600-006BF7              100
        STACK            000280-0005EE              36F

                                  Symbol Table

?_flashRead16Bits                       cstackCOMRAM 000013
?_overwriteBufferData                   cstackCOMRAM 000009
?_readBit                               cstackCOMRAM 000004
?_readBits                              cstackCOMRAM 000008
?_readFirstByte                         cstackCOMRAM 00000F
?_readICSP                              cstackCOMRAM 00000F
?_readPGD                               cstackCOMRAM 000001
_MCLR_high                              text23       006C00
_MCLR_low                               text22       006C30
_PGC_high                               text31       006BF8
_PGC_low                                text30       006BFC
_PGD_low                                text21       006C22
_PGM_high                               text20       006C04
_PGM_low                                text18       006C08
_PORTDbits                              (abs)        000F83
_TRISDbits                              (abs)        000F95
__CFG_DEBUG$ON                          (abs)        000000
__CFG_LVP$OFF                           (abs)        000000
__CFG_OSC$INTIO67                       (abs)        000000
__CFG_PWRT$ON                           (abs)        000000
__CFG_WDT$OFF                           (abs)        000000
__HRAM                                  (abs)        000000
__Habs1                                 abs1         000000
__Hbank0                                bank0        000000
__Hbank1                                bank1        000000
__Hbank2                                bank2        000000
__Hbank3                                bank3        000000
__Hbank4                                bank4        000000
__Hbank5                                bank5        000000
__Hbigbss                               bigbss       000000
__Hbigdata                              bigdata      000000
__Hbigram                               bigram       000000
__Hbss                                  bss          000000
__HbssBANK2                             bssBANK2     000000
__HbssCOMRAM                            bssCOMRAM    000000
__Hcinit                                cinit        000000
__Hclrtext                              clrtext      000000
__Hcomram                               comram       000000
__Hconfig                               config       30000E
__Hconst                                const        000000
__HcstackBANK0                          cstackBANK0  000000
__HcstackBANK1                          cstackBANK1  000000
__HcstackBANK2                          cstackBANK2  000000
__HcstackCOMRAM                         cstackCOMRAM 000000
__Hdata                                 data         000000
__Heeprom_data                          eeprom_data  000000
__Hend_init                             end_init     000006
__Hfarbss                               farbss       000000
__Hfardata                              fardata      000000
__Hibigdata                             ibigdata     000000
__Hidata                                idata        000000
__Hidloc                                idloc        200008
__Hifardata                             ifardata     000000
__Hinit                                 init         000002
__Hintcode                              intcode      000002
__Hintcode_body                         intcode_body 000000
__Hintcodelo                            intcodelo    000002
__Hintentry                             intentry     000000
__Hintret                               intret       000000
__Hintsave_regs                         intsave_regs 000000
__Hirdata                               irdata       000000
__Hmediumconst                          mediumconst  000000
__HnvFARRAM                             nvFARRAM     000000
__Hnvbit                                nvbit        000000
__Hnvrram                               nvrram       000000
__Hparam                                rparam       000000
__Hpowerup                              powerup      000002
__Hram                                  ram          000000
__Hramtop                               ramtop       000600
__Hrbit                                 rbit         000000
__Hrbss                                 rbss         000000
__Hrdata                                rdata        000000
__Hreset_vec                            reset_vec    000002
__Hrparam                               rparam       000000
__Hsfr                                  sfr          000000
__Hsmallconst                           smallconst   000000
__Hspace_0                              (abs)        30000E
__Hspace_1                              (abs)        000280
__Hspace_2                              (abs)        000000
__Hstack                                stack        000000
__Hstruct                               struct       000000
__Htemp                                 temp         000000
__Htext                                 text         000000
__Htext0                                text0        000000
__Htext1                                text1        000000
__Htext10                               text10       000000
__Htext11                               text11       000000
__Htext12                               text12       000000
__Htext13                               text13       000000
__Htext14                               text14       000000
__Htext15                               text15       000000
__Htext16                               text16       000000
__Htext17                               text17       000000
__Htext18                               text18       000000
__Htext19                               text19       000000
__Htext2                                text2        000000
__Htext20                               text20       000000
__Htext21                               text21       000000
__Htext22                               text22       000000
__Htext23                               text23       000000
__Htext24                               text24       000000
__Htext25                               text25       000000
__Htext26                               text26       000000
__Htext27                               text27       000000
__Htext28                               text28       000000
__Htext29                               text29       000000
__Htext3                                text3        000000
__Htext30                               text30       000000
__Htext31                               text31       000000
__Htext4                                text4        000000
__Htext5                                text5        000000
__Htext6                                text6        000000
__Htext7                                text7        000000
__Htext8                                text8        000000
__Htext9                                text9        000000
__LRAM                                  (abs)        000001
__Labs1                                 abs1         000000
__Lbank0                                bank0        000000
__Lbank1                                bank1        000000
__Lbank2                                bank2        000000
__Lbank3                                bank3        000000
__Lbank4                                bank4        000000
__Lbank5                                bank5        000000
__Lbigbss                               bigbss       000000
__Lbigdata                              bigdata      000000
__Lbigram                               bigram       000000
__Lbss                                  bss          000000
__LbssBANK2                             bssBANK2     000000
__LbssCOMRAM                            bssCOMRAM    000000
__Lcinit                                cinit        000000
__Lclrtext                              clrtext      000000
__Lcomram                               comram       000000
__Lconfig                               config       300000
__Lconst                                const        000000
__LcstackBANK0                          cstackBANK0  000000
__LcstackBANK1                          cstackBANK1  000000
__LcstackBANK2                          cstackBANK2  000000
__LcstackCOMRAM                         cstackCOMRAM 000000
__Ldata                                 data         000000
__Leeprom_data                          eeprom_data  000000
__Lend_init                             end_init     000002
__Lfarbss                               farbss       000000
__Lfardata                              fardata      000000
__Libigdata                             ibigdata     000000
__Lidata                                idata        000000
__Lidloc                                idloc        200000
__Lifardata                             ifardata     000000
__Linit                                 init         000002
__Lintcode                              intcode      000002
__Lintcode_body                         intcode_body 000000
__Lintcodelo                            intcodelo    000002
__Lintentry                             intentry     000000
__Lintret                               intret       000000
__Lintsave_regs                         intsave_regs 000000
__Lirdata                               irdata       000000
__Lmediumconst                          mediumconst  000000
__LnvFARRAM                             nvFARRAM     000000
__Lnvbit                                nvbit        000000
__Lnvrram                               nvrram       000000
__Lparam                                rparam       000000
__Lpowerup                              powerup      000002
__Lram                                  ram          000000
__Lramtop                               ramtop       000600
__Lrbit                                 rbit         000000
__Lrbss                                 rbss         000000
__Lrdata                                rdata        000000
__Lreset_vec                            reset_vec    000000
__Lrparam                               rparam       000000
__Lsfr                                  sfr          000000
__Lsmallconst                           smallconst   000000
__Lspace_0                              (abs)        000000
__Lspace_1                              (abs)        000000
__Lspace_2                              (abs)        000000
__Lstack                                stack        000000
__Lstruct                               struct       000000
__Ltemp                                 temp         000000
__Ltext                                 text         000000
__Ltext0                                text0        000000
__Ltext1                                text1        000000
__Ltext10                               text10       000000
__Ltext11                               text11       000000
__Ltext12                               text12       000000
__Ltext13                               text13       000000
__Ltext14                               text14       000000
__Ltext15                               text15       000000
__Ltext16                               text16       000000
__Ltext17                               text17       000000
__Ltext18                               text18       000000
__Ltext19                               text19       000000
__Ltext2                                text2        000000
__Ltext20                               text20       000000
__Ltext21                               text21       000000
__Ltext22                               text22       000000
__Ltext23                               text23       000000
__Ltext24                               text24       000000
__Ltext25                               text25       000000
__Ltext26                               text26       000000
__Ltext27                               text27       000000
__Ltext28                               text28       000000
__Ltext29                               text29       000000
__Ltext3                                text3        000000
__Ltext30                               text30       000000
__Ltext31                               text31       000000
__Ltext4                                text4        000000
__Ltext5                                text5        000000
__Ltext6                                text6        000000
__Ltext7                                text7        000000
__Ltext8                                text8        000000
__Ltext9                                text9        000000
__S0                                    (abs)        30000E
__S1                                    (abs)        000280
__S2                                    (abs)        000000
___inthi_sp                             stack        000000
___intlo_sp                             stack        000000
___sp                                   stack        000000
__accesstop                             (abs)        000080
__activetblptr                          (abs)        000000
__end_of_MCLR_high                      text23       006C04
__end_of_MCLR_low                       text22       006C42
__end_of_PGC_high                       text31       006BFC
__end_of_PGC_low                        text30       006C00
__end_of_PGD_low                        text21       006C30
__end_of_PGM_high                       text20       006C08
__end_of_PGM_low                        text18       006C0C
__end_of__initialization                cinit        006CE0
__end_of_bulkErase                      text25       0075E8
__end_of_enableWrite                    text24       006D3A
__end_of_enter_HVP                      text19       006C94
__end_of_exit_HVP                       text17       006C54
__end_of_flashRead16Bits                text11       006D68
__end_of_flashReadBlock                 text9        006FAC
__end_of_flashSetAddress                text10       007234
__end_of_flashWriteAndProgram           text8        006F1C
__end_of_flashWriteBlock                text6        007346
__end_of_flashWriteData                 text2        007D00
__end_of_loadHalfBuffer                 text5        00706E
__end_of_main                           text0        0078EE
__end_of_overwriteBufferData            text4        007150
__end_of_readBit                        text15       006CC8
__end_of_readBits                       text14       006E96
__end_of_readFirstByte                  text13       006E3E
__end_of_readICSP                       text12       006DF2
__end_of_readPGD                        text16       006C68
__end_of_rowErase                       text3        00746C
__end_of_trisInit                       text1        006C16
__end_of_writeBit                       text28       006C7E
__end_of_writeBits                      text27       006DAC
__end_of_writeICSP                      text26       006D10
__end_of_writePGD                       text29       006C22
__end_of_writeToBuffer                  text7        006CAA
__initialization                        cinit        006CC8
__mediumconst                           mediumconst  000000
__pbssBANK2                             bssBANK2     000200
__pbssCOMRAM                            bssCOMRAM    00005A
__pcinit                                cinit        006CC8
__pcstackBANK0                          cstackBANK0  000080
__pcstackBANK1                          cstackBANK1  000100
__pcstackBANK2                          cstackBANK2  000260
__pcstackCOMRAM                         cstackCOMRAM 000001
__ptext0                                text0        0075E8
__ptext1                                text1        006C0C
__ptext10                               text10       007150
__ptext11                               text11       006D3A
__ptext12                               text12       006DAC
__ptext13                               text13       006DF2
__ptext14                               text14       006E3E
__ptext15                               text15       006CAA
__ptext16                               text16       006C54
__ptext17                               text17       006C42
__ptext18                               text18       006C08
__ptext19                               text19       006C7E
__ptext2                                text2        0078EE
__ptext20                               text20       006C04
__ptext21                               text21       006C22
__ptext22                               text22       006C30
__ptext23                               text23       006C00
__ptext24                               text24       006D10
__ptext25                               text25       00746C
__ptext26                               text26       006CE6
__ptext27                               text27       006D68
__ptext28                               text28       006C68
__ptext29                               text29       006C16
__ptext3                                text3        007346
__ptext30                               text30       006BFC
__ptext31                               text31       006BF8
__ptext4                                text4        00706E
__ptext5                                text5        006FAC
__ptext6                                text6        007234
__ptext7                                text7        006C94
__ptext8                                text8        006E96
__ptext9                                text9        006F1C
__ramtop                                ramtop       000600
__size_of_MCLR_high                     (abs)        000000
__size_of_MCLR_low                      (abs)        000000
__size_of_PGC_high                      (abs)        000000
__size_of_PGC_low                       (abs)        000000
__size_of_PGD_low                       (abs)        000000
__size_of_PGM_high                      (abs)        000000
__size_of_PGM_low                       (abs)        000000
__size_of_bulkErase                     (abs)        000000
__size_of_enableWrite                   (abs)        000000
__size_of_enter_HVP                     (abs)        000000
__size_of_exit_HVP                      (abs)        000000
__size_of_flashRead16Bits               (abs)        000000
__size_of_flashReadBlock                (abs)        000000
__size_of_flashSetAddress               (abs)        000000
__size_of_flashWriteAndProgram          (abs)        000000
__size_of_flashWriteBlock               (abs)        000000
__size_of_flashWriteData                (abs)        000000
__size_of_loadHalfBuffer                (abs)        000000
__size_of_main                          (abs)        000000
__size_of_overwriteBufferData           (abs)        000000
__size_of_readBit                       (abs)        000000
__size_of_readBits                      (abs)        000000
__size_of_readFirstByte                 (abs)        000000
__size_of_readICSP                      (abs)        000000
__size_of_readPGD                       (abs)        000000
__size_of_rowErase                      (abs)        000000
__size_of_trisInit                      (abs)        000000
__size_of_writeBit                      (abs)        000000
__size_of_writeBits                     (abs)        000000
__size_of_writeICSP                     (abs)        000000
__size_of_writePGD                      (abs)        000000
__size_of_writeToBuffer                 (abs)        000000
__smallconst                            smallconst   000000
_blockBuffer                            bssBANK2     000200
_bulkErase                              text25       00746C
_enableWrite                            text24       006D10
_enter_HVP                              text19       006C7E
_exit_HVP                               text17       006C42
_flashRead16Bits                        text11       006D3A
_flashReadBlock                         text9        006F1C
_flashSetAddress                        text10       007150
_flashWriteAndProgram                   text8        006E96
_flashWriteBlock                        text6        007234
_flashWriteData                         text2        0078EE
_halfBuffer1                            bssCOMRAM    00005A
_halfBuffer2                            bssBANK2     000240
_loadHalfBuffer                         text5        006FAC
_main                                   text0        0075E8
_overwriteBufferData                    text4        00706E
_readBit                                text15       006CAA
_readBits                               text14       006E3E
_readFirstByte                          text13       006DF2
_readICSP                               text12       006DAC
_readPGD                                text16       006C54
_rowErase                               text3        007346
_trisInit                               text1        006C0C
_writeBit                               text28       006C68
_writeBits                              text27       006D68
_writeICSP                              text26       006CE6
_writePGD                               text29       006C16
_writeToBuffer                          text7        006C94
bulkErase@i                             cstackCOMRAM 000012
end_of_initialization                   cinit        006CE0
flashRead16Bits@data                    cstackCOMRAM 000017
flashRead16Bits@firstData               cstackCOMRAM 000015
flashReadBlock@blockNumber              cstackCOMRAM 00002A
flashReadBlock@blockSelect              cstackCOMRAM 000032
flashReadBlock@data                     cstackCOMRAM 000026
flashReadBlock@i                        cstackCOMRAM 000036
flashReadBlock@size                     cstackCOMRAM 000028
flashSetAddress@address                 cstackCOMRAM 000012
flashSetAddress@highAddr                cstackCOMRAM 00001E
flashSetAddress@lowAddr                 cstackCOMRAM 000022
flashSetAddress@upperAddr               cstackCOMRAM 00001A
flashWriteAndProgram@data               cstackCOMRAM 000012
flashWriteAndProgram@i                  cstackCOMRAM 000014
flashWriteBlock@blockNumber             cstackCOMRAM 00002A
flashWriteBlock@blockSelect             cstackCOMRAM 000032
flashWriteBlock@firstHalf               cstackCOMRAM 000026
flashWriteBlock@i                       cstackCOMRAM 000036
flashWriteBlock@secondHalf              cstackCOMRAM 000028
flashWriteData@address                  cstackCOMRAM 00003C
flashWriteData@bytesWritten             cstackBANK0  0000D0
flashWriteData@currentStartPoint        cstackBANK0  0000CC
flashWriteData@data                     cstackCOMRAM 000038
flashWriteData@i                        cstackBANK0  0000CE
flashWriteData@j                        cstackBANK0  0000C0
flashWriteData@k                        cstackBANK0  0000CA
flashWriteData@memoryBlock              cstackBANK0  0000C8
flashWriteData@newAddress               cstackBANK0  0000D2
flashWriteData@newData                  cstackBANK0  000080
flashWriteData@newSize                  cstackBANK0  0000C2
flashWriteData@nextDataSet              cstackBANK0  0000C6
flashWriteData@size                     cstackCOMRAM 00003A
flashWriteData@timesToWrite             cstackBANK0  0000C4
intlevel0                               text         000000
intlevel1                               text         000000
intlevel2                               text         000000
intlevel3                               text         000000
loadHalfBuffer@i                        cstackCOMRAM 000007
loadHalfBuffer@j                        cstackCOMRAM 000005
main@address                            cstackCOMRAM 00004A
main@blockRead                          cstackBANK1  000180
main@blockWrite0                        cstackBANK0  0000D6
main@blockWrite1                        cstackBANK1  0001C0
main@blockWrite2                        cstackBANK1  0001E0
main@blockWrite3                        cstackBANK2  000260
main@blockWrite5                        cstackBANK1  000100
main@data0                              cstackCOMRAM 000050
main@data1                              cstackCOMRAM 000052
main@data2                              cstackCOMRAM 000054
main@data3                              cstackCOMRAM 000056
main@data4                              cstackCOMRAM 00004E
main@data5                              cstackCOMRAM 000058
main@i                                  cstackBANK0  0000F6
overwriteBufferData@availableWriteSpace cstackCOMRAM 000019
overwriteBufferData@bufferStartPoint    cstackCOMRAM 00000D
overwriteBufferData@bytesLeft           cstackCOMRAM 000013
overwriteBufferData@bytesWritten        cstackCOMRAM 000015
overwriteBufferData@data                cstackCOMRAM 000009
overwriteBufferData@i                   cstackCOMRAM 00001B
overwriteBufferData@j                   cstackCOMRAM 000011
overwriteBufferData@sizeToWrite         cstackCOMRAM 00000B
overwriteBufferData@start               cstackCOMRAM 000017
readBit@data                            cstackCOMRAM 000006
readBits@bitsToRead                     cstackCOMRAM 000008
readBits@data                           cstackCOMRAM 00000D
readBits@i                              cstackCOMRAM 00000B
readFirstByte@data                      cstackCOMRAM 000011
readICSP@data                           cstackCOMRAM 000011
rowErase@address                        cstackCOMRAM 000026
rowErase@i                              cstackCOMRAM 00002A
stackhi                                 (abs)        0005EE
stacklo                                 (abs)        000280
start                                   init         000002
start_initialization                    cinit        006CC8
writeBit@bitToWrite                     cstackCOMRAM 000003
writeBits@bitsToWrite                   cstackCOMRAM 000007
writeBits@i                             cstackCOMRAM 00000C
writeBits@pattern                       cstackCOMRAM 000005
writeICSP@commandByte                   cstackCOMRAM 00000E
writeICSP@dataBytes                     cstackCOMRAM 000010
writePGD@data                           cstackCOMRAM 000001
writeToBuffer@data                      cstackCOMRAM 000012


FUNCTION INFORMATION:

 *************** function _main *****************
 Defined at:
		line 29 in file "../src/PIC18/Main.c"
 Parameters:    Size  Location     Type
		None
 Auto vars:     Size  Location     Type
  blockWrite5   128    0[BANK1 ] unsigned int [64]
  blockRead      64  128[BANK1 ] unsigned int [32]
  blockWrite3    32    0[BANK2 ] unsigned int [16]
  blockWrite2    32  224[BANK1 ] unsigned int [16]
  blockWrite1    32  192[BANK1 ] unsigned int [16]
  blockWrite0    32   86[BANK0 ] unsigned int [16]
  incomingData    8    0        unsigned int [4]
  address         4   73[COMRAM] unsigned long 
  i               2  118[BANK0 ] int 
  data5           2   87[COMRAM] unsigned int 
  data3           2   85[COMRAM] unsigned int 
  data2           2   83[COMRAM] unsigned int 
  data1           2   81[COMRAM] unsigned int 
  data0           2   79[COMRAM] unsigned int 
  data4           2   77[COMRAM] unsigned int 
 Return value:  Size  Location     Type
		None               void
 Registers used:
		wreg, fsr1l, fsr1h, fsr2l, fsr2h, status,2, status,0, prodl, cstack
 Tracked objects:
		On entry : 
		On exit  : 
		Unchanged: 
 Data sizes:     COMRAM   BANK0   BANK1   BANK2   BANK3   BANK4   BANK5
      Params:         0       0       0       0       0       0       0
      Locals:        16      34     256      32       0       0       0
      Temps:          2       0       0       0       0       0       0
      Totals:        18      34     256      32       0       0       0
Total ram usage:      340 bytes
 Hardware stack levels required when called:    7
 This function calls:
		_bulkErase
		_enableWrite
		_enter_HVP
		_exit_HVP
		_flashReadBlock
		_flashWriteBlock
		_flashWriteData
		_trisInit
 This function is called by:
		Startup code after reset
 This function uses a non-reentrant model


 *************** function _trisInit *****************
 Defined at:
		line 22 in file "../src/PIC18/Main.c"
 Parameters:    Size  Location     Type
		None
 Auto vars:     Size  Location     Type
		None
 Return value:  Size  Location     Type
		None               void
 Registers used:
		None
 Tracked objects:
		On entry : 
		On exit  : 
		Unchanged: 
 Data sizes:     COMRAM   BANK0   BANK1   BANK2   BANK3   BANK4   BANK5
      Params:         0       0       0       0       0       0       0
      Locals:         0       0       0       0       0       0       0
      Temps:          0       0       0       0       0       0       0
      Totals:         0       0       0       0       0       0       0
Total ram usage:        0 bytes
 Hardware stack levels used:    1
 This function calls:
		Nothing
 This function is called by:
		_main
 This function uses a non-reentrant model


 *************** function _flashWriteData *****************
 Defined at:
		line 11 in file "../src/PIC18/FlashWrite.c"
 Parameters:    Size  Location     Type
  data            2   55[COMRAM] PTR unsigned int 
		 -> main@blockWrite5(128), 
  size            2   57[COMRAM] unsigned int 
  address         4   59[COMRAM] unsigned long 
 Auto vars:     Size  Location     Type
  newData        64    0[BANK0 ] unsigned int [32]
  newAddress      4   82[BANK0 ] unsigned long 
  bytesWritten    2   80[BANK0 ] int 
  i               2   78[BANK0 ] int 
  currentStart    2   76[BANK0 ] unsigned int 
  k               2   74[BANK0 ] int 
  memoryBlock     2   72[BANK0 ] unsigned int 
  nextDataSet     2   70[BANK0 ] int 
  timesToWrite    2   68[BANK0 ] int 
  newSize         2   66[BANK0 ] unsigned int 
  j               2   64[BANK0 ] int 
  availableWri    2    0        unsigned int 
 Return value:  Size  Location     Type
                  2   55[COMRAM] int 
 Registers used:
		wreg, fsr1l, fsr1h, fsr2l, fsr2h, status,2, status,0, prodl, cstack
 Tracked objects:
		On entry : 
		On exit  : 
		Unchanged: 
 Data sizes:     COMRAM   BANK0   BANK1   BANK2   BANK3   BANK4   BANK5
      Params:         8       0       0       0       0       0       0
      Locals:         0      86       0       0       0       0       0
      Temps:          8       0       0       0       0       0       0
      Totals:        16      86       0       0       0       0       0
Total ram usage:      102 bytes
 Hardware stack levels used:    1
 Hardware stack levels required when called:    6
 This function calls:
		_flashReadBlock
		_flashSetAddress
		_flashWriteBlock
		_loadHalfBuffer
		_overwriteBufferData
		_rowErase
 This function is called by:
		_main
 This function uses a non-reentrant model


 *************** function _rowErase *****************
 Defined at:
		line 237 in file "../src/PIC18/FlashProg.c"
 Parameters:    Size  Location     Type
  address         4   37[COMRAM] unsigned long 
 Auto vars:     Size  Location     Type
  i               2   41[COMRAM] int 
 Return value:  Size  Location     Type
		None               void
 Registers used:
		wreg, status,2, status,0, cstack
 Tracked objects:
		On entry : 
		On exit  : 
		Unchanged: 
 Data sizes:     COMRAM   BANK0   BANK1   BANK2   BANK3   BANK4   BANK5
      Params:         4       0       0       0       0       0       0
      Locals:         2       0       0       0       0       0       0
      Temps:          0       0       0       0       0       0       0
      Totals:         6       0       0       0       0       0       0
Total ram usage:        6 bytes
 Hardware stack levels used:    1
 Hardware stack levels required when called:    5
 This function calls:
		_PGC_high
		_PGC_low
		_PGD_low
		_flashSetAddress
		_writeBits
		_writeICSP
 This function is called by:
		_flashWriteData
 This function uses a non-reentrant model


 *************** function _overwriteBufferData *****************
 Defined at:
		line 57 in file "../src/PIC18/FlashWrite.c"
 Parameters:    Size  Location     Type
  data            2    8[COMRAM] PTR unsigned int 
		 -> flashWriteData@newData(64), 
  sizeToWrite     2   10[COMRAM] unsigned int 
  bufferStartP    2   12[COMRAM] unsigned int 
 Auto vars:     Size  Location     Type
  i               2   26[COMRAM] int 
  availableWri    2   24[COMRAM] unsigned int 
  start           2   22[COMRAM] unsigned int 
  bytesWritten    2   20[COMRAM] unsigned int 
  bytesLeft       2   18[COMRAM] unsigned int 
  j               2   16[COMRAM] int 
 Return value:  Size  Location     Type
                  2    8[COMRAM] int 
 Registers used:
		wreg, fsr1l, fsr1h, fsr2l, fsr2h, status,2, status,0, cstack
 Tracked objects:
		On entry : 
		On exit  : 
		Unchanged: 
 Data sizes:     COMRAM   BANK0   BANK1   BANK2   BANK3   BANK4   BANK5
      Params:         6       0       0       0       0       0       0
      Locals:        12       0       0       0       0       0       0
      Temps:          2       0       0       0       0       0       0
      Totals:        20       0       0       0       0       0       0
Total ram usage:       20 bytes
 Hardware stack levels used:    1
 Hardware stack levels required when called:    1
 This function calls:
		_loadHalfBuffer
 This function is called by:
		_flashWriteData
 This function uses a non-reentrant model


 *************** function _loadHalfBuffer *****************
 Defined at:
		line 82 in file "../src/PIC18/FlashWrite.c"
 Parameters:    Size  Location     Type
		None
 Auto vars:     Size  Location     Type
  i               2    6[COMRAM] int 
  j               2    4[COMRAM] int 
 Return value:  Size  Location     Type
		None               void
 Registers used:
		wreg, fsr1l, fsr1h, fsr2l, fsr2h, status,2, status,0
 Tracked objects:
		On entry : 
		On exit  : 
		Unchanged: 
 Data sizes:     COMRAM   BANK0   BANK1   BANK2   BANK3   BANK4   BANK5
      Params:         0       0       0       0       0       0       0
      Locals:         4       0       0       0       0       0       0
      Temps:          4       0       0       0       0       0       0
      Totals:         8       0       0       0       0       0       0
Total ram usage:        8 bytes
 Hardware stack levels used:    1
 This function calls:
		Nothing
 This function is called by:
		_flashWriteData
		_overwriteBufferData
 This function uses a non-reentrant model


 *************** function _flashWriteBlock *****************
 Defined at:
		line 202 in file "../src/PIC18/FlashProg.c"
 Parameters:    Size  Location     Type
  firstHalf       2   37[COMRAM] PTR unsigned int 
		 -> halfBuffer1(32), main@blockWrite2(32), main@blockWrite0(32), 
  secondHalf      2   39[COMRAM] PTR unsigned int 
		 -> halfBuffer2(32), main@blockWrite3(32), main@blockWrite1(32), 
  blockNumber     4   41[COMRAM] unsigned long 
 Auto vars:     Size  Location     Type
  blockSelect     4   49[COMRAM] unsigned long 
  i               2   53[COMRAM] int 
 Return value:  Size  Location     Type
		None               void
 Registers used:
		wreg, fsr2l, fsr2h, status,2, status,0, cstack
 Tracked objects:
		On entry : 
		On exit  : 
		Unchanged: 
 Data sizes:     COMRAM   BANK0   BANK1   BANK2   BANK3   BANK4   BANK5
      Params:         8       0       0       0       0       0       0
      Locals:         6       0       0       0       0       0       0
      Temps:          4       0       0       0       0       0       0
      Totals:        18       0       0       0       0       0       0
Total ram usage:       18 bytes
 Hardware stack levels used:    1
 Hardware stack levels required when called:    5
 This function calls:
		_flashSetAddress
		_flashWriteAndProgram
		_writeToBuffer
 This function is called by:
		_main
		_flashWriteData
 This function uses a non-reentrant model


 *************** function _writeToBuffer *****************
 Defined at:
		line 134 in file "../src/PIC18/FlashProg.c"
 Parameters:    Size  Location     Type
  data            2   17[COMRAM] unsigned int 
 Auto vars:     Size  Location     Type
		None
 Return value:  Size  Location     Type
		None               void
 Registers used:
		wreg, status,2, status,0, cstack
 Tracked objects:
		On entry : 
		On exit  : 
		Unchanged: 
 Data sizes:     COMRAM   BANK0   BANK1   BANK2   BANK3   BANK4   BANK5
      Params:         2       0       0       0       0       0       0
      Locals:         0       0       0       0       0       0       0
      Temps:          0       0       0       0       0       0       0
      Totals:         2       0       0       0       0       0       0
Total ram usage:        2 bytes
 Hardware stack levels used:    1
 Hardware stack levels required when called:    4
 This function calls:
		_writeICSP
 This function is called by:
		_flashWriteBlock
		_flashWriteHalfBlock
 This function uses a non-reentrant model


 *************** function _flashWriteAndProgram *****************
 Defined at:
		line 138 in file "../src/PIC18/FlashProg.c"
 Parameters:    Size  Location     Type
  data            2   17[COMRAM] unsigned int 
 Auto vars:     Size  Location     Type
  i               2   19[COMRAM] int 
 Return value:  Size  Location     Type
		None               void
 Registers used:
		wreg, status,2, status,0, cstack
 Tracked objects:
		On entry : 
		On exit  : 
		Unchanged: 
 Data sizes:     COMRAM   BANK0   BANK1   BANK2   BANK3   BANK4   BANK5
      Params:         2       0       0       0       0       0       0
      Locals:         2       0       0       0       0       0       0
      Temps:          0       0       0       0       0       0       0
      Totals:         4       0       0       0       0       0       0
Total ram usage:        4 bytes
 Hardware stack levels used:    1
 Hardware stack levels required when called:    4
 This function calls:
		_PGC_high
		_PGC_low
		_PGD_low
		_writeBits
		_writeICSP
 This function is called by:
		_flashWriteBlock
		_flashWriteHalfBlock
 This function uses a non-reentrant model


 *************** function _flashReadBlock *****************
 Defined at:
		line 190 in file "../src/PIC18/FlashProg.c"
 Parameters:    Size  Location     Type
  data            2   37[COMRAM] PTR unsigned int 
		 -> blockBuffer(64), main@blockRead(64), 
  size            2   39[COMRAM] unsigned int 
  blockNumber     4   41[COMRAM] unsigned long 
 Auto vars:     Size  Location     Type
  blockSelect     4   49[COMRAM] unsigned long 
  i               2   53[COMRAM] int 
 Return value:  Size  Location     Type
		None               void
 Registers used:
		wreg, fsr2l, fsr2h, status,2, status,0, cstack
 Tracked objects:
		On entry : 
		On exit  : 
		Unchanged: 
 Data sizes:     COMRAM   BANK0   BANK1   BANK2   BANK3   BANK4   BANK5
      Params:         8       0       0       0       0       0       0
      Locals:         6       0       0       0       0       0       0
      Temps:          4       0       0       0       0       0       0
      Totals:        18       0       0       0       0       0       0
Total ram usage:       18 bytes
 Hardware stack levels used:    1
 Hardware stack levels required when called:    5
 This function calls:
		_flashRead16Bits
		_flashSetAddress
 This function is called by:
		_main
		_flashWriteData
 This function uses a non-reentrant model


 *************** function _flashSetAddress *****************
 Defined at:
		line 117 in file "../src/PIC18/FlashProg.c"
 Parameters:    Size  Location     Type
  address         4   17[COMRAM] unsigned long 
 Auto vars:     Size  Location     Type
  lowAddr         4   33[COMRAM] unsigned long 
  highAddr        4   29[COMRAM] unsigned long 
  upperAddr       4   25[COMRAM] unsigned long 
 Return value:  Size  Location     Type
		None               void
 Registers used:
		wreg, status,2, status,0, cstack
 Tracked objects:
		On entry : 
		On exit  : 
		Unchanged: 
 Data sizes:     COMRAM   BANK0   BANK1   BANK2   BANK3   BANK4   BANK5
      Params:         4       0       0       0       0       0       0
      Locals:        12       0       0       0       0       0       0
      Temps:          4       0       0       0       0       0       0
      Totals:        20       0       0       0       0       0       0
Total ram usage:       20 bytes
 Hardware stack levels used:    1
 Hardware stack levels required when called:    4
 This function calls:
		_writeICSP
 This function is called by:
		_flashReadBlock
		_flashWriteBlock
		_rowErase
		_flashWriteData
		_flashWriteHalfBlock
 This function uses a non-reentrant model


 *************** function _flashRead16Bits *****************
 Defined at:
		line 169 in file "../src/PIC18/FlashProg.c"
 Parameters:    Size  Location     Type
		None
 Auto vars:     Size  Location     Type
  data            2   22[COMRAM] unsigned int 
  firstData       2   20[COMRAM] unsigned int 
 Return value:  Size  Location     Type
                  2   18[COMRAM] unsigned int 
 Registers used:
		wreg, status,2, status,0, cstack
 Tracked objects:
		On entry : 
		On exit  : 
		Unchanged: 
 Data sizes:     COMRAM   BANK0   BANK1   BANK2   BANK3   BANK4   BANK5
      Params:         2       0       0       0       0       0       0
      Locals:         4       0       0       0       0       0       0
      Temps:          0       0       0       0       0       0       0
      Totals:         6       0       0       0       0       0       0
Total ram usage:        6 bytes
 Hardware stack levels used:    1
 Hardware stack levels required when called:    4
 This function calls:
		_readFirstByte
		_readICSP
 This function is called by:
		_flashReadBlock
 This function uses a non-reentrant model


 *************** function _readICSP *****************
 Defined at:
		line 25 in file "../src/PIC18/ICSP.c"
 Parameters:    Size  Location     Type
		None
 Auto vars:     Size  Location     Type
  data            2   16[COMRAM] unsigned int 
 Return value:  Size  Location     Type
                  2   14[COMRAM] unsigned int 
 Registers used:
		wreg, status,2, status,0, cstack
 Tracked objects:
		On entry : 
		On exit  : 
		Unchanged: 
 Data sizes:     COMRAM   BANK0   BANK1   BANK2   BANK3   BANK4   BANK5
      Params:         2       0       0       0       0       0       0
      Locals:         2       0       0       0       0       0       0
      Temps:          0       0       0       0       0       0       0
      Totals:         4       0       0       0       0       0       0
Total ram usage:        4 bytes
 Hardware stack levels used:    1
 Hardware stack levels required when called:    3
 This function calls:
		_readBits
		_writeBits
 This function is called by:
		_flashRead16Bits
		_readDeviceID1
		_readDeviceID2
		_flashRead8Bits
 This function uses a non-reentrant model


 *************** function _readFirstByte *****************
 Defined at:
		line 34 in file "../src/PIC18/ICSP.c"
 Parameters:    Size  Location     Type
		None
 Auto vars:     Size  Location     Type
  data            2   16[COMRAM] unsigned int 
 Return value:  Size  Location     Type
                  2   14[COMRAM] unsigned int 
 Registers used:
		wreg, status,2, status,0, cstack
 Tracked objects:
		On entry : 
		On exit  : 
		Unchanged: 
 Data sizes:     COMRAM   BANK0   BANK1   BANK2   BANK3   BANK4   BANK5
      Params:         2       0       0       0       0       0       0
      Locals:         2       0       0       0       0       0       0
      Temps:          0       0       0       0       0       0       0
      Totals:         4       0       0       0       0       0       0
Total ram usage:        4 bytes
 Hardware stack levels used:    1
 Hardware stack levels required when called:    3
 This function calls:
		_readBits
		_writeBits
 This function is called by:
		_flashRead16Bits
 This function uses a non-reentrant model


 *************** function _readBits *****************
 Defined at:
		line 52 in file "../src/PIC18/ICSP.c"
 Parameters:    Size  Location     Type
  bitsToRead      2    7[COMRAM] int 
 Auto vars:     Size  Location     Type
  data            2   12[COMRAM] unsigned int 
  i               2   10[COMRAM] int 
 Return value:  Size  Location     Type
                  2    7[COMRAM] unsigned int 
 Registers used:
		wreg, status,2, status,0, cstack
 Tracked objects:
		On entry : 
		On exit  : 
		Unchanged: 
 Data sizes:     COMRAM   BANK0   BANK1   BANK2   BANK3   BANK4   BANK5
      Params:         2       0       0       0       0       0       0
      Locals:         4       0       0       0       0       0       0
      Temps:          1       0       0       0       0       0       0
      Totals:         7       0       0       0       0       0       0
Total ram usage:        7 bytes
 Hardware stack levels used:    1
 Hardware stack levels required when called:    2
 This function calls:
		_readBit
 This function is called by:
		_readICSP
		_readFirstByte
 This function uses a non-reentrant model


 *************** function _readBit *****************
 Defined at:
		line 44 in file "../src/PIC18/ICSP.c"
 Parameters:    Size  Location     Type
		None
 Auto vars:     Size  Location     Type
  data            2    5[COMRAM] unsigned int 
 Return value:  Size  Location     Type
                  2    3[COMRAM] unsigned int 
 Registers used:
		wreg, status,2, cstack
 Tracked objects:
		On entry : 
		On exit  : 
		Unchanged: 
 Data sizes:     COMRAM   BANK0   BANK1   BANK2   BANK3   BANK4   BANK5
      Params:         2       0       0       0       0       0       0
      Locals:         2       0       0       0       0       0       0
      Temps:          0       0       0       0       0       0       0
      Totals:         4       0       0       0       0       0       0
Total ram usage:        4 bytes
 Hardware stack levels used:    1
 Hardware stack levels required when called:    1
 This function calls:
		_PGC_high
		_PGC_low
		_readPGD
 This function is called by:
		_readBits
 This function uses a non-reentrant model


 *************** function _readPGD *****************
 Defined at:
		line 6 in file "../src/PIC18/FlashProg.c"
 Parameters:    Size  Location     Type
		None
 Auto vars:     Size  Location     Type
		None
 Return value:  Size  Location     Type
                  2    0[COMRAM] unsigned int 
 Registers used:
		wreg, status,2
 Tracked objects:
		On entry : 
		On exit  : 
		Unchanged: 
 Data sizes:     COMRAM   BANK0   BANK1   BANK2   BANK3   BANK4   BANK5
      Params:         2       0       0       0       0       0       0
      Locals:         0       0       0       0       0       0       0
      Temps:          1       0       0       0       0       0       0
      Totals:         3       0       0       0       0       0       0
Total ram usage:        3 bytes
 Hardware stack levels used:    1
 This function calls:
		Nothing
 This function is called by:
		_readBit
 This function uses a non-reentrant model


 *************** function _exit_HVP *****************
 Defined at:
		line 57 in file "../src/PIC18/FlashProg.c"
 Parameters:    Size  Location     Type
		None
 Auto vars:     Size  Location     Type
		None
 Return value:  Size  Location     Type
		None               void
 Registers used:
		wreg, status,2, cstack
 Tracked objects:
		On entry : 
		On exit  : 
		Unchanged: 
 Data sizes:     COMRAM   BANK0   BANK1   BANK2   BANK3   BANK4   BANK5
      Params:         0       0       0       0       0       0       0
      Locals:         0       0       0       0       0       0       0
      Temps:          0       0       0       0       0       0       0
      Totals:         0       0       0       0       0       0       0
Total ram usage:        0 bytes
 Hardware stack levels used:    1
 Hardware stack levels required when called:    2
 This function calls:
		_MCLR_low
		_PGC_low
		_PGD_low
		_PGM_low
 This function is called by:
		_main
 This function uses a non-reentrant model


 *************** function _PGM_low *****************
 Defined at:
		line 30 in file "../src/PIC18/FlashProg.c"
 Parameters:    Size  Location     Type
		None
 Auto vars:     Size  Location     Type
		None
 Return value:  Size  Location     Type
		None               void
 Registers used:
		None
 Tracked objects:
		On entry : 
		On exit  : 
		Unchanged: 
 Data sizes:     COMRAM   BANK0   BANK1   BANK2   BANK3   BANK4   BANK5
      Params:         0       0       0       0       0       0       0
      Locals:         0       0       0       0       0       0       0
      Temps:          0       0       0       0       0       0       0
      Totals:         0       0       0       0       0       0       0
Total ram usage:        0 bytes
 Hardware stack levels used:    1
 This function calls:
		Nothing
 This function is called by:
		_exit_HVP
 This function uses a non-reentrant model


 *************** function _enter_HVP *****************
 Defined at:
		line 49 in file "../src/PIC18/FlashProg.c"
 Parameters:    Size  Location     Type
		None
 Auto vars:     Size  Location     Type
		None
 Return value:  Size  Location     Type
		None               void
 Registers used:
		wreg, status,2, cstack
 Tracked objects:
		On entry : 
		On exit  : 
		Unchanged: 
 Data sizes:     COMRAM   BANK0   BANK1   BANK2   BANK3   BANK4   BANK5
      Params:         0       0       0       0       0       0       0
      Locals:         0       0       0       0       0       0       0
      Temps:          0       0       0       0       0       0       0
      Totals:         0       0       0       0       0       0       0
Total ram usage:        0 bytes
 Hardware stack levels used:    1
 Hardware stack levels required when called:    2
 This function calls:
		_MCLR_high
		_MCLR_low
		_PGC_low
		_PGD_low
		_PGM_high
 This function is called by:
		_main
 This function uses a non-reentrant model


 *************** function _PGM_high *****************
 Defined at:
		line 34 in file "../src/PIC18/FlashProg.c"
 Parameters:    Size  Location     Type
		None
 Auto vars:     Size  Location     Type
		None
 Return value:  Size  Location     Type
		None               void
 Registers used:
		None
 Tracked objects:
		On entry : 
		On exit  : 
		Unchanged: 
 Data sizes:     COMRAM   BANK0   BANK1   BANK2   BANK3   BANK4   BANK5
      Params:         0       0       0       0       0       0       0
      Locals:         0       0       0       0       0       0       0
      Temps:          0       0       0       0       0       0       0
      Totals:         0       0       0       0       0       0       0
Total ram usage:        0 bytes
 Hardware stack levels used:    1
 This function calls:
		Nothing
 This function is called by:
		_enter_HVP
 This function uses a non-reentrant model


 *************** function _PGD_low *****************
 Defined at:
		line 18 in file "../src/PIC18/FlashProg.c"
 Parameters:    Size  Location     Type
		None
 Auto vars:     Size  Location     Type
		None
 Return value:  Size  Location     Type
		None               void
 Registers used:
		wreg, status,2, cstack
 Tracked objects:
		On entry : 
		On exit  : 
		Unchanged: 
 Data sizes:     COMRAM   BANK0   BANK1   BANK2   BANK3   BANK4   BANK5
      Params:         0       0       0       0       0       0       0
      Locals:         0       0       0       0       0       0       0
      Temps:          0       0       0       0       0       0       0
      Totals:         0       0       0       0       0       0       0
Total ram usage:        0 bytes
 Hardware stack levels used:    1
 Hardware stack levels required when called:    1
 This function calls:
		_writePGD
 This function is called by:
		_enter_HVP
		_exit_HVP
		_flashWriteAndProgram
		_rowErase
		_flashWrite8Bits
 This function uses a non-reentrant model


 *************** function _MCLR_low *****************
 Defined at:
		line 38 in file "../src/PIC18/FlashProg.c"
 Parameters:    Size  Location     Type
		None
 Auto vars:     Size  Location     Type
		None
 Return value:  Size  Location     Type
		None               void
 Registers used:
		wreg, status,2, cstack
 Tracked objects:
		On entry : 
		On exit  : 
		Unchanged: 
 Data sizes:     COMRAM   BANK0   BANK1   BANK2   BANK3   BANK4   BANK5
      Params:         0       0       0       0       0       0       0
      Locals:         0       0       0       0       0       0       0
      Temps:          0       0       0       0       0       0       0
      Totals:         0       0       0       0       0       0       0
Total ram usage:        0 bytes
 Hardware stack levels used:    1
 Hardware stack levels required when called:    1
 This function calls:
		_writePGD
 This function is called by:
		_enter_HVP
		_exit_HVP
 This function uses a non-reentrant model


 *************** function _MCLR_high *****************
 Defined at:
		line 45 in file "../src/PIC18/FlashProg.c"
 Parameters:    Size  Location     Type
		None
 Auto vars:     Size  Location     Type
		None
 Return value:  Size  Location     Type
		None               void
 Registers used:
		None
 Tracked objects:
		On entry : 
		On exit  : 
		Unchanged: 
 Data sizes:     COMRAM   BANK0   BANK1   BANK2   BANK3   BANK4   BANK5
      Params:         0       0       0       0       0       0       0
      Locals:         0       0       0       0       0       0       0
      Temps:          0       0       0       0       0       0       0
      Totals:         0       0       0       0       0       0       0
Total ram usage:        0 bytes
 Hardware stack levels used:    1
 This function calls:
		Nothing
 This function is called by:
		_enter_HVP
 This function uses a non-reentrant model


 *************** function _enableWrite *****************
 Defined at:
		line 112 in file "../src/PIC18/FlashProg.c"
 Parameters:    Size  Location     Type
		None
 Auto vars:     Size  Location     Type
		None
 Return value:  Size  Location     Type
		None               void
 Registers used:
		wreg, status,2, status,0, cstack
 Tracked objects:
		On entry : 
		On exit  : 
		Unchanged: 
 Data sizes:     COMRAM   BANK0   BANK1   BANK2   BANK3   BANK4   BANK5
      Params:         0       0       0       0       0       0       0
      Locals:         0       0       0       0       0       0       0
      Temps:          0       0       0       0       0       0       0
      Totals:         0       0       0       0       0       0       0
Total ram usage:        0 bytes
 Hardware stack levels used:    1
 Hardware stack levels required when called:    4
 This function calls:
		_writeICSP
 This function is called by:
		_main
 This function uses a non-reentrant model


 *************** function _bulkErase *****************
 Defined at:
		line 65 in file "../src/PIC18/FlashProg.c"
 Parameters:    Size  Location     Type
		None
 Auto vars:     Size  Location     Type
  i               2   17[COMRAM] int 
 Return value:  Size  Location     Type
		None               void
 Registers used:
		wreg, status,2, status,0, cstack
 Tracked objects:
		On entry : 
		On exit  : 
		Unchanged: 
 Data sizes:     COMRAM   BANK0   BANK1   BANK2   BANK3   BANK4   BANK5
      Params:         0       0       0       0       0       0       0
      Locals:         2       0       0       0       0       0       0
      Temps:          0       0       0       0       0       0       0
      Totals:         2       0       0       0       0       0       0
Total ram usage:        2 bytes
 Hardware stack levels used:    1
 Hardware stack levels required when called:    4
 This function calls:
		_writeBits
		_writeICSP
 This function is called by:
		_main
 This function uses a non-reentrant model


 *************** function _writeICSP *****************
 Defined at:
		line 5 in file "../src/PIC18/ICSP.c"
 Parameters:    Size  Location     Type
  commandByte     2   13[COMRAM] unsigned int 
  dataBytes       2   15[COMRAM] unsigned int 
 Auto vars:     Size  Location     Type
		None
 Return value:  Size  Location     Type
		None               void
 Registers used:
		wreg, status,2, status,0, cstack
 Tracked objects:
		On entry : 
		On exit  : 
		Unchanged: 
 Data sizes:     COMRAM   BANK0   BANK1   BANK2   BANK3   BANK4   BANK5
      Params:         4       0       0       0       0       0       0
      Locals:         0       0       0       0       0       0       0
      Temps:          0       0       0       0       0       0       0
      Totals:         4       0       0       0       0       0       0
Total ram usage:        4 bytes
 Hardware stack levels used:    1
 Hardware stack levels required when called:    3
 This function calls:
		_writeBits
 This function is called by:
		_bulkErase
		_enableWrite
		_flashSetAddress
		_writeToBuffer
		_flashWriteAndProgram
		_rowErase
		_readDeviceID1
		_readDeviceID2
		_flashWrite8Bits
 This function uses a non-reentrant model


 *************** function _writeBits *****************
 Defined at:
		line 16 in file "../src/PIC18/ICSP.c"
 Parameters:    Size  Location     Type
  pattern         2    4[COMRAM] unsigned int 
  bitsToWrite     2    6[COMRAM] unsigned int 
 Auto vars:     Size  Location     Type
  i               2   11[COMRAM] int 
 Return value:  Size  Location     Type
		None               void
 Registers used:
		wreg, status,2, status,0, cstack
 Tracked objects:
		On entry : 
		On exit  : 
		Unchanged: 
 Data sizes:     COMRAM   BANK0   BANK1   BANK2   BANK3   BANK4   BANK5
      Params:         4       0       0       0       0       0       0
      Locals:         2       0       0       0       0       0       0
      Temps:          3       0       0       0       0       0       0
      Totals:         9       0       0       0       0       0       0
Total ram usage:        9 bytes
 Hardware stack levels used:    1
 Hardware stack levels required when called:    2
 This function calls:
		_writeBit
 This function is called by:
		_bulkErase
		_flashWriteAndProgram
		_rowErase
		_writeICSP
		_readICSP
		_readFirstByte
		_flashWrite8Bits
 This function uses a non-reentrant model


 *************** function _writeBit *****************
 Defined at:
		line 10 in file "../src/PIC18/ICSP.c"
 Parameters:    Size  Location     Type
  bitToWrite      2    2[COMRAM] unsigned int 
 Auto vars:     Size  Location     Type
		None
 Return value:  Size  Location     Type
		None               void
 Registers used:
		cstack
 Tracked objects:
		On entry : 
		On exit  : 
		Unchanged: 
 Data sizes:     COMRAM   BANK0   BANK1   BANK2   BANK3   BANK4   BANK5
      Params:         2       0       0       0       0       0       0
      Locals:         0       0       0       0       0       0       0
      Temps:          0       0       0       0       0       0       0
      Totals:         2       0       0       0       0       0       0
Total ram usage:        2 bytes
 Hardware stack levels used:    1
 Hardware stack levels required when called:    1
 This function calls:
		_PGC_high
		_PGC_low
		_writePGD
 This function is called by:
		_writeBits
 This function uses a non-reentrant model


 *************** function _writePGD *****************
 Defined at:
		line 10 in file "../src/PIC18/FlashProg.c"
 Parameters:    Size  Location     Type
  data            2    0[COMRAM] int 
 Auto vars:     Size  Location     Type
		None
 Return value:  Size  Location     Type
		None               void
 Registers used:
		None
 Tracked objects:
		On entry : 
		On exit  : 
		Unchanged: 
 Data sizes:     COMRAM   BANK0   BANK1   BANK2   BANK3   BANK4   BANK5
      Params:         2       0       0       0       0       0       0
      Locals:         0       0       0       0       0       0       0
      Temps:          0       0       0       0       0       0       0
      Totals:         2       0       0       0       0       0       0
Total ram usage:        2 bytes
 Hardware stack levels used:    1
 This function calls:
		Nothing
 This function is called by:
		_PGD_low
		_MCLR_low
		_writeBit
		_PGD_high
 This function uses a non-reentrant model


 *************** function _PGC_low *****************
 Defined at:
		line 26 in file "../src/PIC18/FlashProg.c"
 Parameters:    Size  Location     Type
		None
 Auto vars:     Size  Location     Type
		None
 Return value:  Size  Location     Type
		None               void
 Registers used:
		None
 Tracked objects:
		On entry : 
		On exit  : 
		Unchanged: 
 Data sizes:     COMRAM   BANK0   BANK1   BANK2   BANK3   BANK4   BANK5
      Params:         0       0       0       0       0       0       0
      Locals:         0       0       0       0       0       0       0
      Temps:          0       0       0       0       0       0       0
      Totals:         0       0       0       0       0       0       0
Total ram usage:        0 bytes
 Hardware stack levels used:    1
 This function calls:
		Nothing
 This function is called by:
		_enter_HVP
		_exit_HVP
		_flashWriteAndProgram
		_rowErase
		_writeBit
		_readBit
		_flashWrite8Bits
 This function uses a non-reentrant model


 *************** function _PGC_high *****************
 Defined at:
		line 22 in file "../src/PIC18/FlashProg.c"
 Parameters:    Size  Location     Type
		None
 Auto vars:     Size  Location     Type
		None
 Return value:  Size  Location     Type
		None               void
 Registers used:
		None
 Tracked objects:
		On entry : 
		On exit  : 
		Unchanged: 
 Data sizes:     COMRAM   BANK0   BANK1   BANK2   BANK3   BANK4   BANK5
      Params:         0       0       0       0       0       0       0
      Locals:         0       0       0       0       0       0       0
      Temps:          0       0       0       0       0       0       0
      Totals:         0       0       0       0       0       0       0
Total ram usage:        0 bytes
 Hardware stack levels used:    1
 This function calls:
		Nothing
 This function is called by:
		_flashWriteAndProgram
		_rowErase
		_writeBit
		_readBit
		_flashWrite8Bits
 This function uses a non-reentrant model



MODULE INFORMATION

Module		Function		Class		Link	Load	Size
../src/PIC18/Main.c
		_main          		CODE           	75E8	0000	774
		_trisInit      		CODE           	6C0C	0000	10

../src/PIC18/Main.c estimated size: 784

../src/PIC18/FlashProg.c
		_MCLR_high     		CODE           	6C00	0000	4
		_enter_HVP     		CODE           	6C7E	0000	22
		_writePGD      		CODE           	6C16	0000	12
		_flashWriteAndP		CODE           	6E96	0000	134
		_writeToBuffer 		CODE           	6C94	0000	22
		_flashSetAddres		CODE           	7150	0000	228
		_PGC_low       		CODE           	6BFC	0000	4
		_PGD_low       		CODE           	6C22	0000	14
		_readPGD       		CODE           	6C54	0000	20
		_bulkErase     		CODE           	746C	0000	380
		_enableWrite   		CODE           	6D10	0000	42
		_flashWriteBloc		CODE           	7234	0000	274
		_PGC_high      		CODE           	6BF8	0000	4
		_flashReadBlock		CODE           	6F1C	0000	144
		_exit_HVP      		CODE           	6C42	0000	18
		_MCLR_low      		CODE           	6C30	0000	18
		_PGM_low       		CODE           	6C08	0000	4
		_flashRead16Bit		CODE           	6D3A	0000	46
		_PGM_high      		CODE           	6C04	0000	4
		_rowErase      		CODE           	7346	0000	294

../src/PIC18/FlashProg.c estimated size: 1688

../src/PIC18/FlashWrite.c
		_flashWriteData		CODE           	78EE	0000	1042
		_overwriteBuffe		CODE           	706E	0000	226
		_loadHalfBuffer		CODE           	6FAC	0000	194

../src/PIC18/FlashWrite.c estimated size: 1462

shared
		__initializatio		CODE           	6CC8	0000	24

shared estimated size: 24

../src/PIC18/ICSP.c
		_readBit       		CODE           	6CAA	0000	30
		_readBits      		CODE           	6E3E	0000	88
		_writeBit      		CODE           	6C68	0000	22
		_writeBits     		CODE           	6D68	0000	68
		_writeICSP     		CODE           	6CE6	0000	42
		_readICSP      		CODE           	6DAC	0000	70
		_readFirstByte 		CODE           	6DF2	0000	76

../src/PIC18/ICSP.c estimated size: 396

