Microchip MPLAB XC8 Compiler V1.33 ()

Linker command line:

--edf=C:\Program Files\Microchip\xc8\v1.33\dat\en_msgs.txt -cs \
  -h+dist/default/debug\flash.X.debug.sym \
  --cmf=dist/default/debug\flash.X.debug.cmf -z -Q18F4520 \
  -oC:\DOCUME~1\D300-01\LOCALS~1\Temp\s5ro.6 \
  -Mdist/default/debug/flash.X.debug.map -E1 -ver=XC8 -ASTACK=080h-05eeh \
  -pstack=STACK -ACODE=00h-07CFFh -ACONST=00h-07CFFh \
  -ASMALLCONST=0600h-06FFhx119 -AMEDIUMCONST=0600h-07CFFh -ACOMRAM=01h-07Fh \
  -AABS1=00h-05EEh -ABIGRAM=01h-05EEh \
  -ARAM=080h-0FFh,0100h-01FFhx4,0500h-05EEh -ABANK0=080h-0FFh \
  -ABANK1=0100h-01FFh -ABANK2=0200h-02FFh -ABANK3=0300h-03FFh \
  -ABANK4=0400h-04FFh -ABANK5=0500h-05EEh \
  -ASFR=0F80h-0F9Bh,0F9Dh-0FD3h,0FD5h-0FDAh,0FE0h-0FE2h,0FE8h-0FEAh,0FF0h-0FFBh \
  -preset_vec=00h,intcode,intcodelo,powerup,init,end_init -pramtop=0600h \
  -psmallconst=SMALLCONST -pmediumconst=MEDIUMCONST -pconst=CONST \
  -AFARRAM=00h-00h -ACONFIG=0300000h-030000Dh -pconfig=CONFIG \
  -AIDLOC=0200000h-0200007h -pidloc=IDLOC -AEEDATA=0F00000h-0F000FFh \
  -peeprom_data=EEDATA \
  -prdata=COMRAM,nvrram=COMRAM,nvbit=COMRAM,rbss=COMRAM,rbit=COMRAM \
  -pfarbss=FARRAM,fardata=FARRAM,nvFARRAM=FARRAM \
  -pintsave_regs=BIGRAM,bigbss=BIGRAM,bigdata=BIGRAM -pbss=RAM \
  -pidata=CODE,irdata=CODE,ibigdata=CODE,ifardata=CODE \
  C:\DOCUME~1\D300-01\LOCALS~1\Temp\s5ro.obj \
  dist/default/debug\flash.X.debug.obj 

Object code version is 3.11

Machine type is 18F4520

Call graph: (short form)




                Name                               Link     Load   Length Selector   Space Scale
C:\DOCUME~1\D300-01\LOCALS~1\Temp\s5ro.obj
                end_init                              2        2        4        0       0
                reset_vec                             0        0        2        0       0
                idloc                            200000   200000        8   200000       0
                config                           300000   300000        E   300000       0
dist/default/debug\flash.X.debug.obj
                text24                             76DA     76DA        4     3B6D       0
                text23                             76DE     76DE        4     3B6F       0
                text22                             76FE     76FE        C     3B7F       0
                text21                             7750     7750       16     3BA8       0
                text20                             781C     781C       44     3C0E       0
                text19                             779A     779A       2A     3BCD       0
                text18                             7B84     7B84      17C     3DC2       0
                text17                             77C4     77C4       2A     3BE2       0
                text16                             76E2     76E2        4     3B71       0
                text15                             7718     7718       12     3B8C       0
                text14                             770A     770A        E     3B85       0
                text13                             76E6     76E6        4     3B73       0
                text12                             7766     7766       16     3BB3       0
                text11                             76EA     76EA        4     3B75       0
                text10                             772A     772A       12     3B95       0
                text9                              773C     773C       14     3B9E       0
                text8                              777C     777C       1E     3BBE       0
                text7                              78F2     78F2       58     3C79       0
                text6                              78A6     78A6       4C     3C53       0
                text5                              7860     7860       46     3C30       0
                text4                              77EE     77EE       2E     3BF7       0
                text3                              7AA0     7AA0       E4     3D50       0
                text2                              76F4     76F4        A     3B7A       0
                text1                              794A     794A       9A     3CA5       0
                cstackCOMRAM                          1        1       2F        1       1
                cinit                              76EE     76EE        6     3B77       0
                text0                              79E4     79E4       BC     3CF2       0

TOTAL           Name                               Link     Load   Length     Space
        CLASS   STACK          

        CLASS   CODE           
                end_init                              2        2        4         0
                reset_vec                             0        0        2         0
                text24                             76DA     76DA        4         0
                text23                             76DE     76DE        4         0
                text22                             76FE     76FE        C         0
                text21                             7750     7750       16         0
                text20                             781C     781C       44         0
                text19                             779A     779A       2A         0
                text18                             7B84     7B84      17C         0
                text17                             77C4     77C4       2A         0
                text16                             76E2     76E2        4         0
                text15                             7718     7718       12         0
                text14                             770A     770A        E         0
                text13                             76E6     76E6        4         0
                text12                             7766     7766       16         0
                text11                             76EA     76EA        4         0
                text10                             772A     772A       12         0
                text9                              773C     773C       14         0
                text8                              777C     777C       1E         0
                text7                              78F2     78F2       58         0
                text6                              78A6     78A6       4C         0
                text5                              7860     7860       46         0
                text4                              77EE     77EE       2E         0
                text3                              7AA0     7AA0       E4         0
                text2                              76F4     76F4        A         0
                text1                              794A     794A       9A         0
                cinit                              76EE     76EE        6         0
                text0                              79E4     79E4       BC         0

        CLASS   CONST          

        CLASS   SMALLCONST     

        CLASS   MEDIUMCONST    

        CLASS   COMRAM         
                cstackCOMRAM                          1        1       2F         1

        CLASS   ABS1           

        CLASS   BIGRAM         

        CLASS   RAM            

        CLASS   BANK0          

        CLASS   BANK1          

        CLASS   BANK2          

        CLASS   BANK3          

        CLASS   BANK4          

        CLASS   BANK5          

        CLASS   SFR            

        CLASS   FARRAM         

        CLASS   CONFIG         
                config                           300000   300000        E         0

        CLASS   IDLOC          
                idloc                            200000   200000        8         0

        CLASS   EEDATA         



SEGMENTS        Name                           Load    Length   Top    Selector   Space  Class

                reset_vec                      000000  000006  000006         0       0  CODE    
                cstackCOMRAM                   000001  00002F  000030         1       1  COMRAM  
                text24                         0076DA  000004  0076DE      3B6D       0  CODE    
                text23                         0076DE  000004  0076E2      3B6F       0  CODE    
                text16                         0076E2  000004  0076E6      3B71       0  CODE    
                text13                         0076E6  000004  0076EA      3B73       0  CODE    
                text11                         0076EA  000004  0076EE      3B75       0  CODE    
                cinit                          0076EE  000006  0076F4      3B77       0  CODE    
                text2                          0076F4  00000A  0076FE      3B7A       0  CODE    
                text22                         0076FE  00000C  00770A      3B7F       0  CODE    
                text14                         00770A  00000E  007718      3B85       0  CODE    
                text15                         007718  000012  00772A      3B8C       0  CODE    
                text10                         00772A  000012  00773C      3B95       0  CODE    
                text9                          00773C  000014  007750      3B9E       0  CODE    
                text21                         007750  000016  007766      3BA8       0  CODE    
                text12                         007766  000016  00777C      3BB3       0  CODE    
                text8                          00777C  00001E  00779A      3BBE       0  CODE    
                text19                         00779A  00002A  0077C4      3BCD       0  CODE    
                text17                         0077C4  00002A  0077EE      3BE2       0  CODE    
                text4                          0077EE  00002E  00781C      3BF7       0  CODE    
                text20                         00781C  000044  007860      3C0E       0  CODE    
                text5                          007860  000046  0078A6      3C30       0  CODE    
                text6                          0078A6  00004C  0078F2      3C53       0  CODE    
                text7                          0078F2  000058  00794A      3C79       0  CODE    
                text1                          00794A  00009A  0079E4      3CA5       0  CODE    
                text0                          0079E4  0000BC  007AA0      3CF2       0  CODE    
                text3                          007AA0  0000E4  007B84      3D50       0  CODE    
                text18                         007B84  00017C  007D00      3DC2       0  CODE    
                idloc                          200000  000008  200008    200000       0  IDLOC   
                config                         300000  00000E  30000E    300000       0  CONFIG  


UNUSED ADDRESS RANGES

        Name                Unused          Largest block    Delta
        BANK0            000080-0000FF               80
        BANK1            000100-0001FF              100
        BANK2            000200-0002FF              100
        BANK3            000300-0003FF              100
        BANK4            000400-0004FF              100
        BANK5            000500-0005EE               EF
        BIGRAM           000030-0005EE              5BF
        CODE             000006-0076D9             76D4
        COMRAM           000030-00007F               50
        CONST            000006-0076D9             76D4
        EEDATA           F00000-F000FF              100
        MEDIUMCONST      000600-0076D9             70DA
        RAM              000080-0005EE              100
        SFR              000F80-000F9B               1C
                         000F9D-000FD3               37
                         000FD5-000FDA                6
                         000FE0-000FE2                3
                         000FE8-000FEA                3
                         000FF0-000FFB                C
        SMALLCONST       000600-0076D9              100
        STACK            000080-0005EE              56F

                                  Symbol Table

?_read2Byte                          cstackCOMRAM 000013
?_readBit                            cstackCOMRAM 000004
?_readBits                           cstackCOMRAM 000008
?_readFirstByte                      cstackCOMRAM 00000F
?_readICSP                           cstackCOMRAM 00000F
?_readPGD                            cstackCOMRAM 000001
_MCLR_high                           text16       0076E2
_MCLR_low                            text15       007718
_PGC_high                            text24       0076DA
_PGC_low                             text23       0076DE
_PGD_low                             text14       00770A
_PGM_high                            text13       0076E6
_PGM_low                             text11       0076EA
_PORTDbits                           (abs)        000F83
_TRISDbits                           (abs)        000F95
__CFG_DEBUG$ON                       (abs)        000000
__CFG_LVP$OFF                        (abs)        000000
__CFG_OSC$INTIO67                    (abs)        000000
__CFG_PWRT$ON                        (abs)        000000
__CFG_WDT$OFF                        (abs)        000000
__HRAM                               (abs)        000000
__Habs1                              abs1         000000
__Hbank0                             bank0        000000
__Hbank1                             bank1        000000
__Hbank2                             bank2        000000
__Hbank3                             bank3        000000
__Hbank4                             bank4        000000
__Hbank5                             bank5        000000
__Hbigbss                            bigbss       000000
__Hbigdata                           bigdata      000000
__Hbigram                            bigram       000000
__Hbss                               bss          000000
__Hcinit                             cinit        000000
__Hclrtext                           clrtext      000000
__Hcomram                            comram       000000
__Hconfig                            config       30000E
__Hconst                             const        000000
__HcstackCOMRAM                      cstackCOMRAM 000000
__Hdata                              data         000000
__Heeprom_data                       eeprom_data  000000
__Hend_init                          end_init     000006
__Hfarbss                            farbss       000000
__Hfardata                           fardata      000000
__Hibigdata                          ibigdata     000000
__Hidata                             idata        000000
__Hidloc                             idloc        200008
__Hifardata                          ifardata     000000
__Hinit                              init         000002
__Hintcode                           intcode      000002
__Hintcode_body                      intcode_body 000000
__Hintcodelo                         intcodelo    000002
__Hintentry                          intentry     000000
__Hintret                            intret       000000
__Hintsave_regs                      intsave_regs 000000
__Hirdata                            irdata       000000
__Hmediumconst                       mediumconst  000000
__HnvFARRAM                          nvFARRAM     000000
__Hnvbit                             nvbit        000000
__Hnvrram                            nvrram       000000
__Hparam                             rparam       000000
__Hpowerup                           powerup      000002
__Hram                               ram          000000
__Hramtop                            ramtop       000600
__Hrbit                              rbit         000000
__Hrbss                              rbss         000000
__Hrdata                             rdata        000000
__Hreset_vec                         reset_vec    000002
__Hrparam                            rparam       000000
__Hsfr                               sfr          000000
__Hsmallconst                        smallconst   000000
__Hspace_0                           (abs)        30000E
__Hspace_1                           (abs)        000030
__Hspace_2                           (abs)        000000
__Hstack                             stack        000000
__Hstruct                            struct       000000
__Htemp                              temp         000000
__Htext                              text         000000
__Htext0                             text0        000000
__Htext1                             text1        000000
__Htext10                            text10       000000
__Htext11                            text11       000000
__Htext12                            text12       000000
__Htext13                            text13       000000
__Htext14                            text14       000000
__Htext15                            text15       000000
__Htext16                            text16       000000
__Htext17                            text17       000000
__Htext18                            text18       000000
__Htext19                            text19       000000
__Htext2                             text2        000000
__Htext20                            text20       000000
__Htext21                            text21       000000
__Htext22                            text22       000000
__Htext23                            text23       000000
__Htext24                            text24       000000
__Htext3                             text3        000000
__Htext4                             text4        000000
__Htext5                             text5        000000
__Htext6                             text6        000000
__Htext7                             text7        000000
__Htext8                             text8        000000
__Htext9                             text9        000000
__LRAM                               (abs)        000001
__Labs1                              abs1         000000
__Lbank0                             bank0        000000
__Lbank1                             bank1        000000
__Lbank2                             bank2        000000
__Lbank3                             bank3        000000
__Lbank4                             bank4        000000
__Lbank5                             bank5        000000
__Lbigbss                            bigbss       000000
__Lbigdata                           bigdata      000000
__Lbigram                            bigram       000000
__Lbss                               bss          000000
__Lcinit                             cinit        000000
__Lclrtext                           clrtext      000000
__Lcomram                            comram       000000
__Lconfig                            config       300000
__Lconst                             const        000000
__LcstackCOMRAM                      cstackCOMRAM 000000
__Ldata                              data         000000
__Leeprom_data                       eeprom_data  000000
__Lend_init                          end_init     000002
__Lfarbss                            farbss       000000
__Lfardata                           fardata      000000
__Libigdata                          ibigdata     000000
__Lidata                             idata        000000
__Lidloc                             idloc        200000
__Lifardata                          ifardata     000000
__Linit                              init         000002
__Lintcode                           intcode      000002
__Lintcode_body                      intcode_body 000000
__Lintcodelo                         intcodelo    000002
__Lintentry                          intentry     000000
__Lintret                            intret       000000
__Lintsave_regs                      intsave_regs 000000
__Lirdata                            irdata       000000
__Lmediumconst                       mediumconst  000000
__LnvFARRAM                          nvFARRAM     000000
__Lnvbit                             nvbit        000000
__Lnvrram                            nvrram       000000
__Lparam                             rparam       000000
__Lpowerup                           powerup      000002
__Lram                               ram          000000
__Lramtop                            ramtop       000600
__Lrbit                              rbit         000000
__Lrbss                              rbss         000000
__Lrdata                             rdata        000000
__Lreset_vec                         reset_vec    000000
__Lrparam                            rparam       000000
__Lsfr                               sfr          000000
__Lsmallconst                        smallconst   000000
__Lspace_0                           (abs)        000000
__Lspace_1                           (abs)        000000
__Lspace_2                           (abs)        000000
__Lstack                             stack        000000
__Lstruct                            struct       000000
__Ltemp                              temp         000000
__Ltext                              text         000000
__Ltext0                             text0        000000
__Ltext1                             text1        000000
__Ltext10                            text10       000000
__Ltext11                            text11       000000
__Ltext12                            text12       000000
__Ltext13                            text13       000000
__Ltext14                            text14       000000
__Ltext15                            text15       000000
__Ltext16                            text16       000000
__Ltext17                            text17       000000
__Ltext18                            text18       000000
__Ltext19                            text19       000000
__Ltext2                             text2        000000
__Ltext20                            text20       000000
__Ltext21                            text21       000000
__Ltext22                            text22       000000
__Ltext23                            text23       000000
__Ltext24                            text24       000000
__Ltext3                             text3        000000
__Ltext4                             text4        000000
__Ltext5                             text5        000000
__Ltext6                             text6        000000
__Ltext7                             text7        000000
__Ltext8                             text8        000000
__Ltext9                             text9        000000
__S0                                 (abs)        30000E
__S1                                 (abs)        000030
__S2                                 (abs)        000000
___inthi_sp                          stack        000000
___intlo_sp                          stack        000000
___sp                                stack        000000
__accesstop                          (abs)        000080
__activetblptr                       (abs)        000000
__end_of_MCLR_high                   text16       0076E6
__end_of_MCLR_low                    text15       00772A
__end_of_PGC_high                    text24       0076DE
__end_of_PGC_low                     text23       0076E2
__end_of_PGD_low                     text14       007718
__end_of_PGM_high                    text13       0076EA
__end_of_PGM_low                     text11       0076EE
__end_of__initialization             cinit        0076EE
__end_of_bulkErase                   text18       007D00
__end_of_enableWrite                 text17       0077EE
__end_of_enter_HVP                   text12       00777C
__end_of_exit_HVP                    text10       00773C
__end_of_main                        text0        007AA0
__end_of_read2Byte                   text4        00781C
__end_of_readBit                     text8        00779A
__end_of_readBits                    text7        00794A
__end_of_readFirstByte               text6        0078F2
__end_of_readICSP                    text5        0078A6
__end_of_readPGD                     text9        007750
__end_of_tableSelect                 text3        007B84
__end_of_trisInit                    text2        0076FE
__end_of_writeBit                    text21       007766
__end_of_writeBits                   text20       007860
__end_of_writeICSP                   text19       0077C4
__end_of_writePGD                    text22       00770A
__end_of_writeTableThenIncremeant    text1        0079E4
__initialization                     cinit        0076EE
__mediumconst                        mediumconst  000000
__pcinit                             cinit        0076EE
__pcstackCOMRAM                      cstackCOMRAM 000001
__ptext0                             text0        0079E4
__ptext1                             text1        00794A
__ptext10                            text10       00772A
__ptext11                            text11       0076EA
__ptext12                            text12       007766
__ptext13                            text13       0076E6
__ptext14                            text14       00770A
__ptext15                            text15       007718
__ptext16                            text16       0076E2
__ptext17                            text17       0077C4
__ptext18                            text18       007B84
__ptext19                            text19       00779A
__ptext2                             text2        0076F4
__ptext20                            text20       00781C
__ptext21                            text21       007750
__ptext22                            text22       0076FE
__ptext23                            text23       0076DE
__ptext24                            text24       0076DA
__ptext3                             text3        007AA0
__ptext4                             text4        0077EE
__ptext5                             text5        007860
__ptext6                             text6        0078A6
__ptext7                             text7        0078F2
__ptext8                             text8        00777C
__ptext9                             text9        00773C
__ramtop                             ramtop       000600
__size_of_MCLR_high                  (abs)        000000
__size_of_MCLR_low                   (abs)        000000
__size_of_PGC_high                   (abs)        000000
__size_of_PGC_low                    (abs)        000000
__size_of_PGD_low                    (abs)        000000
__size_of_PGM_high                   (abs)        000000
__size_of_PGM_low                    (abs)        000000
__size_of_bulkErase                  (abs)        000000
__size_of_enableWrite                (abs)        000000
__size_of_enter_HVP                  (abs)        000000
__size_of_exit_HVP                   (abs)        000000
__size_of_main                       (abs)        000000
__size_of_read2Byte                  (abs)        000000
__size_of_readBit                    (abs)        000000
__size_of_readBits                   (abs)        000000
__size_of_readFirstByte              (abs)        000000
__size_of_readICSP                   (abs)        000000
__size_of_readPGD                    (abs)        000000
__size_of_tableSelect                (abs)        000000
__size_of_trisInit                   (abs)        000000
__size_of_writeBit                   (abs)        000000
__size_of_writeBits                  (abs)        000000
__size_of_writeICSP                  (abs)        000000
__size_of_writePGD                   (abs)        000000
__size_of_writeTableThenIncremeant   (abs)        000000
__smallconst                         smallconst   000000
_bulkErase                           text18       007B84
_enableWrite                         text17       0077C4
_enter_HVP                           text12       007766
_exit_HVP                            text10       00772A
_main                                text0        0079E4
_read2Byte                           text4        0077EE
_readBit                             text8        00777C
_readBits                            text7        0078F2
_readFirstByte                       text6        0078A6
_readICSP                            text5        007860
_readPGD                             text9        00773C
_tableSelect                         text3        007AA0
_trisInit                            text2        0076F4
_writeBit                            text21       007750
_writeBits                           text20       00781C
_writeICSP                           text19       00779A
_writePGD                            text22       0076FE
_writeTableThenIncremeant            text1        00794A
bulkErase@i                          cstackCOMRAM 000012
end_of_initialization                cinit        0076EE
intlevel0                            text         000000
intlevel1                            text         000000
intlevel2                            text         000000
intlevel3                            text         000000
main@a                               cstackCOMRAM 000028
main@b                               cstackCOMRAM 00002A
main@c                               cstackCOMRAM 00002C
main@d                               cstackCOMRAM 00002E
main@i                               cstackCOMRAM 000026
read2Byte@data                       cstackCOMRAM 000017
read2Byte@firstData                  cstackCOMRAM 000015
readBit@data                         cstackCOMRAM 000006
readBits@bitsToRead                  cstackCOMRAM 000008
readBits@data                        cstackCOMRAM 00000D
readBits@i                           cstackCOMRAM 00000B
readFirstByte@data                   cstackCOMRAM 000011
readICSP@data                        cstackCOMRAM 000011
stackhi                              (abs)        0005EE
stacklo                              (abs)        000080
start                                init         000002
start_initialization                 cinit        0076EE
tableSelect@address                  cstackCOMRAM 000012
tableSelect@highAddr                 cstackCOMRAM 00001E
tableSelect@lowAddr                  cstackCOMRAM 000022
tableSelect@upperAddr                cstackCOMRAM 00001A
writeBit@bitToWrite                  cstackCOMRAM 000003
writeBits@bitsToWrite                cstackCOMRAM 000007
writeBits@i                          cstackCOMRAM 00000C
writeBits@pattern                    cstackCOMRAM 000005
writeICSP@commandByte                cstackCOMRAM 00000E
writeICSP@dataBytes                  cstackCOMRAM 000010
writePGD@data                        cstackCOMRAM 000001
writeTableThenIncremeant@first2Byte  cstackCOMRAM 000012
writeTableThenIncremeant@i           cstackCOMRAM 000016
writeTableThenIncremeant@second2Byte cstackCOMRAM 000014


FUNCTION INFORMATION:

 *************** function _main *****************
 Defined at:
		line 28 in file "../src/PIC18/Main.c"
 Parameters:    Size  Location     Type
		None
 Auto vars:     Size  Location     Type
  d               2   45[COMRAM] unsigned int 
  c               2   43[COMRAM] unsigned int 
  b               2   41[COMRAM] unsigned int 
  a               2   39[COMRAM] unsigned int 
  i               2   37[COMRAM] unsigned int 
 Return value:  Size  Location     Type
		None               void
 Registers used:
		wreg, status,2, status,0, cstack
 Tracked objects:
		On entry : 
		On exit  : 
		Unchanged: 
 Data sizes:     COMRAM   BANK0   BANK1   BANK2   BANK3   BANK4   BANK5
      Params:         0       0       0       0       0       0       0
      Locals:        10       0       0       0       0       0       0
      Temps:          0       0       0       0       0       0       0
      Totals:        10       0       0       0       0       0       0
Total ram usage:       10 bytes
 Hardware stack levels required when called:    5
 This function calls:
		_bulkErase
		_enableWrite
		_enter_HVP
		_exit_HVP
		_read2Byte
		_tableSelect
		_trisInit
		_writeTableThenIncremeant
 This function is called by:
		Startup code after reset
 This function uses a non-reentrant model


 *************** function _writeTableThenIncremeant *****************
 Defined at:
		line 136 in file "../src/PIC18/FlashProg.c"
 Parameters:    Size  Location     Type
  first2Byte      2   17[COMRAM] unsigned int 
  second2Byte     2   19[COMRAM] unsigned int 
 Auto vars:     Size  Location     Type
  i               2   21[COMRAM] int 
 Return value:  Size  Location     Type
		None               void
 Registers used:
		wreg, status,2, status,0, cstack
 Tracked objects:
		On entry : 
		On exit  : 
		Unchanged: 
 Data sizes:     COMRAM   BANK0   BANK1   BANK2   BANK3   BANK4   BANK5
      Params:         4       0       0       0       0       0       0
      Locals:         2       0       0       0       0       0       0
      Temps:          0       0       0       0       0       0       0
      Totals:         6       0       0       0       0       0       0
Total ram usage:        6 bytes
 Hardware stack levels used:    1
 Hardware stack levels required when called:    4
 This function calls:
		_PGC_high
		_PGC_low
		_PGD_low
		_writeBits
		_writeICSP
 This function is called by:
		_main
 This function uses a non-reentrant model


 *************** function _trisInit *****************
 Defined at:
		line 21 in file "../src/PIC18/Main.c"
 Parameters:    Size  Location     Type
		None
 Auto vars:     Size  Location     Type
		None
 Return value:  Size  Location     Type
		None               void
 Registers used:
		None
 Tracked objects:
		On entry : 
		On exit  : 
		Unchanged: 
 Data sizes:     COMRAM   BANK0   BANK1   BANK2   BANK3   BANK4   BANK5
      Params:         0       0       0       0       0       0       0
      Locals:         0       0       0       0       0       0       0
      Temps:          0       0       0       0       0       0       0
      Totals:         0       0       0       0       0       0       0
Total ram usage:        0 bytes
 Hardware stack levels used:    1
 This function calls:
		Nothing
 This function is called by:
		_main
 This function uses a non-reentrant model


 *************** function _tableSelect *****************
 Defined at:
		line 119 in file "../src/PIC18/FlashProg.c"
 Parameters:    Size  Location     Type
  address         4   17[COMRAM] unsigned long 
 Auto vars:     Size  Location     Type
  lowAddr         4   33[COMRAM] unsigned long 
  highAddr        4   29[COMRAM] unsigned long 
  upperAddr       4   25[COMRAM] unsigned long 
 Return value:  Size  Location     Type
		None               void
 Registers used:
		wreg, status,2, status,0, cstack
 Tracked objects:
		On entry : 
		On exit  : 
		Unchanged: 
 Data sizes:     COMRAM   BANK0   BANK1   BANK2   BANK3   BANK4   BANK5
      Params:         4       0       0       0       0       0       0
      Locals:        12       0       0       0       0       0       0
      Temps:          4       0       0       0       0       0       0
      Totals:        20       0       0       0       0       0       0
Total ram usage:       20 bytes
 Hardware stack levels used:    1
 Hardware stack levels required when called:    4
 This function calls:
		_writeICSP
 This function is called by:
		_main
 This function uses a non-reentrant model


 *************** function _read2Byte *****************
 Defined at:
		line 153 in file "../src/PIC18/FlashProg.c"
 Parameters:    Size  Location     Type
		None
 Auto vars:     Size  Location     Type
  data            2   22[COMRAM] unsigned int 
  firstData       2   20[COMRAM] unsigned int 
 Return value:  Size  Location     Type
                  2   18[COMRAM] unsigned int 
 Registers used:
		wreg, status,2, status,0, cstack
 Tracked objects:
		On entry : 
		On exit  : 
		Unchanged: 
 Data sizes:     COMRAM   BANK0   BANK1   BANK2   BANK3   BANK4   BANK5
      Params:         2       0       0       0       0       0       0
      Locals:         4       0       0       0       0       0       0
      Temps:          0       0       0       0       0       0       0
      Totals:         6       0       0       0       0       0       0
Total ram usage:        6 bytes
 Hardware stack levels used:    1
 Hardware stack levels required when called:    4
 This function calls:
		_readFirstByte
		_readICSP
 This function is called by:
		_main
 This function uses a non-reentrant model


 *************** function _readICSP *****************
 Defined at:
		line 25 in file "../src/PIC18/ICSP.c"
 Parameters:    Size  Location     Type
		None
 Auto vars:     Size  Location     Type
  data            2   16[COMRAM] unsigned int 
 Return value:  Size  Location     Type
                  2   14[COMRAM] unsigned int 
 Registers used:
		wreg, status,2, status,0, cstack
 Tracked objects:
		On entry : 
		On exit  : 
		Unchanged: 
 Data sizes:     COMRAM   BANK0   BANK1   BANK2   BANK3   BANK4   BANK5
      Params:         2       0       0       0       0       0       0
      Locals:         2       0       0       0       0       0       0
      Temps:          0       0       0       0       0       0       0
      Totals:         4       0       0       0       0       0       0
Total ram usage:        4 bytes
 Hardware stack levels used:    1
 Hardware stack levels required when called:    3
 This function calls:
		_readBits
		_writeBits
 This function is called by:
		_read2Byte
		_readDeviceID1
		_readDeviceID2
 This function uses a non-reentrant model


 *************** function _readFirstByte *****************
 Defined at:
		line 33 in file "../src/PIC18/ICSP.c"
 Parameters:    Size  Location     Type
		None
 Auto vars:     Size  Location     Type
  data            2   16[COMRAM] unsigned int 
 Return value:  Size  Location     Type
                  2   14[COMRAM] unsigned int 
 Registers used:
		wreg, status,2, status,0, cstack
 Tracked objects:
		On entry : 
		On exit  : 
		Unchanged: 
 Data sizes:     COMRAM   BANK0   BANK1   BANK2   BANK3   BANK4   BANK5
      Params:         2       0       0       0       0       0       0
      Locals:         2       0       0       0       0       0       0
      Temps:          0       0       0       0       0       0       0
      Totals:         4       0       0       0       0       0       0
Total ram usage:        4 bytes
 Hardware stack levels used:    1
 Hardware stack levels required when called:    3
 This function calls:
		_readBits
		_writeBits
 This function is called by:
		_read2Byte
 This function uses a non-reentrant model


 *************** function _readBits *****************
 Defined at:
		line 52 in file "../src/PIC18/ICSP.c"
 Parameters:    Size  Location     Type
  bitsToRead      2    7[COMRAM] int 
 Auto vars:     Size  Location     Type
  data            2   12[COMRAM] unsigned int 
  i               2   10[COMRAM] int 
 Return value:  Size  Location     Type
                  2    7[COMRAM] unsigned int 
 Registers used:
		wreg, status,2, status,0, cstack
 Tracked objects:
		On entry : 
		On exit  : 
		Unchanged: 
 Data sizes:     COMRAM   BANK0   BANK1   BANK2   BANK3   BANK4   BANK5
      Params:         2       0       0       0       0       0       0
      Locals:         4       0       0       0       0       0       0
      Temps:          1       0       0       0       0       0       0
      Totals:         7       0       0       0       0       0       0
Total ram usage:        7 bytes
 Hardware stack levels used:    1
 Hardware stack levels required when called:    2
 This function calls:
		_readBit
 This function is called by:
		_readICSP
		_readFirstByte
 This function uses a non-reentrant model


 *************** function _readBit *****************
 Defined at:
		line 44 in file "../src/PIC18/ICSP.c"
 Parameters:    Size  Location     Type
		None
 Auto vars:     Size  Location     Type
  data            2    5[COMRAM] unsigned int 
 Return value:  Size  Location     Type
                  2    3[COMRAM] unsigned int 
 Registers used:
		wreg, status,2, cstack
 Tracked objects:
		On entry : 
		On exit  : 
		Unchanged: 
 Data sizes:     COMRAM   BANK0   BANK1   BANK2   BANK3   BANK4   BANK5
      Params:         2       0       0       0       0       0       0
      Locals:         2       0       0       0       0       0       0
      Temps:          0       0       0       0       0       0       0
      Totals:         4       0       0       0       0       0       0
Total ram usage:        4 bytes
 Hardware stack levels used:    1
 Hardware stack levels required when called:    1
 This function calls:
		_PGC_high
		_PGC_low
		_readPGD
 This function is called by:
		_readBits
 This function uses a non-reentrant model


 *************** function _readPGD *****************
 Defined at:
		line 6 in file "../src/PIC18/FlashProg.c"
 Parameters:    Size  Location     Type
		None
 Auto vars:     Size  Location     Type
		None
 Return value:  Size  Location     Type
                  2    0[COMRAM] unsigned int 
 Registers used:
		wreg, status,2
 Tracked objects:
		On entry : 
		On exit  : 
		Unchanged: 
 Data sizes:     COMRAM   BANK0   BANK1   BANK2   BANK3   BANK4   BANK5
      Params:         2       0       0       0       0       0       0
      Locals:         0       0       0       0       0       0       0
      Temps:          1       0       0       0       0       0       0
      Totals:         3       0       0       0       0       0       0
Total ram usage:        3 bytes
 Hardware stack levels used:    1
 This function calls:
		Nothing
 This function is called by:
		_readBit
 This function uses a non-reentrant model


 *************** function _exit_HVP *****************
 Defined at:
		line 57 in file "../src/PIC18/FlashProg.c"
 Parameters:    Size  Location     Type
		None
 Auto vars:     Size  Location     Type
		None
 Return value:  Size  Location     Type
		None               void
 Registers used:
		wreg, status,2, cstack
 Tracked objects:
		On entry : 
		On exit  : 
		Unchanged: 
 Data sizes:     COMRAM   BANK0   BANK1   BANK2   BANK3   BANK4   BANK5
      Params:         0       0       0       0       0       0       0
      Locals:         0       0       0       0       0       0       0
      Temps:          0       0       0       0       0       0       0
      Totals:         0       0       0       0       0       0       0
Total ram usage:        0 bytes
 Hardware stack levels used:    1
 Hardware stack levels required when called:    2
 This function calls:
		_MCLR_low
		_PGC_low
		_PGD_low
		_PGM_low
 This function is called by:
		_main
 This function uses a non-reentrant model


 *************** function _PGM_low *****************
 Defined at:
		line 30 in file "../src/PIC18/FlashProg.c"
 Parameters:    Size  Location     Type
		None
 Auto vars:     Size  Location     Type
		None
 Return value:  Size  Location     Type
		None               void
 Registers used:
		None
 Tracked objects:
		On entry : 
		On exit  : 
		Unchanged: 
 Data sizes:     COMRAM   BANK0   BANK1   BANK2   BANK3   BANK4   BANK5
      Params:         0       0       0       0       0       0       0
      Locals:         0       0       0       0       0       0       0
      Temps:          0       0       0       0       0       0       0
      Totals:         0       0       0       0       0       0       0
Total ram usage:        0 bytes
 Hardware stack levels used:    1
 This function calls:
		Nothing
 This function is called by:
		_exit_HVP
 This function uses a non-reentrant model


 *************** function _enter_HVP *****************
 Defined at:
		line 49 in file "../src/PIC18/FlashProg.c"
 Parameters:    Size  Location     Type
		None
 Auto vars:     Size  Location     Type
		None
 Return value:  Size  Location     Type
		None               void
 Registers used:
		wreg, status,2, cstack
 Tracked objects:
		On entry : 
		On exit  : 
		Unchanged: 
 Data sizes:     COMRAM   BANK0   BANK1   BANK2   BANK3   BANK4   BANK5
      Params:         0       0       0       0       0       0       0
      Locals:         0       0       0       0       0       0       0
      Temps:          0       0       0       0       0       0       0
      Totals:         0       0       0       0       0       0       0
Total ram usage:        0 bytes
 Hardware stack levels used:    1
 Hardware stack levels required when called:    2
 This function calls:
		_MCLR_high
		_MCLR_low
		_PGC_low
		_PGD_low
		_PGM_high
 This function is called by:
		_main
 This function uses a non-reentrant model


 *************** function _PGM_high *****************
 Defined at:
		line 34 in file "../src/PIC18/FlashProg.c"
 Parameters:    Size  Location     Type
		None
 Auto vars:     Size  Location     Type
		None
 Return value:  Size  Location     Type
		None               void
 Registers used:
		None
 Tracked objects:
		On entry : 
		On exit  : 
		Unchanged: 
 Data sizes:     COMRAM   BANK0   BANK1   BANK2   BANK3   BANK4   BANK5
      Params:         0       0       0       0       0       0       0
      Locals:         0       0       0       0       0       0       0
      Temps:          0       0       0       0       0       0       0
      Totals:         0       0       0       0       0       0       0
Total ram usage:        0 bytes
 Hardware stack levels used:    1
 This function calls:
		Nothing
 This function is called by:
		_enter_HVP
 This function uses a non-reentrant model


 *************** function _PGD_low *****************
 Defined at:
		line 18 in file "../src/PIC18/FlashProg.c"
 Parameters:    Size  Location     Type
		None
 Auto vars:     Size  Location     Type
		None
 Return value:  Size  Location     Type
		None               void
 Registers used:
		wreg, status,2, cstack
 Tracked objects:
		On entry : 
		On exit  : 
		Unchanged: 
 Data sizes:     COMRAM   BANK0   BANK1   BANK2   BANK3   BANK4   BANK5
      Params:         0       0       0       0       0       0       0
      Locals:         0       0       0       0       0       0       0
      Temps:          0       0       0       0       0       0       0
      Totals:         0       0       0       0       0       0       0
Total ram usage:        0 bytes
 Hardware stack levels used:    1
 Hardware stack levels required when called:    1
 This function calls:
		_writePGD
 This function is called by:
		_enter_HVP
		_exit_HVP
		_writeTableThenIncremeant
 This function uses a non-reentrant model


 *************** function _MCLR_low *****************
 Defined at:
		line 38 in file "../src/PIC18/FlashProg.c"
 Parameters:    Size  Location     Type
		None
 Auto vars:     Size  Location     Type
		None
 Return value:  Size  Location     Type
		None               void
 Registers used:
		wreg, status,2, cstack
 Tracked objects:
		On entry : 
		On exit  : 
		Unchanged: 
 Data sizes:     COMRAM   BANK0   BANK1   BANK2   BANK3   BANK4   BANK5
      Params:         0       0       0       0       0       0       0
      Locals:         0       0       0       0       0       0       0
      Temps:          0       0       0       0       0       0       0
      Totals:         0       0       0       0       0       0       0
Total ram usage:        0 bytes
 Hardware stack levels used:    1
 Hardware stack levels required when called:    1
 This function calls:
		_writePGD
 This function is called by:
		_enter_HVP
		_exit_HVP
 This function uses a non-reentrant model


 *************** function _MCLR_high *****************
 Defined at:
		line 45 in file "../src/PIC18/FlashProg.c"
 Parameters:    Size  Location     Type
		None
 Auto vars:     Size  Location     Type
		None
 Return value:  Size  Location     Type
		None               void
 Registers used:
		None
 Tracked objects:
		On entry : 
		On exit  : 
		Unchanged: 
 Data sizes:     COMRAM   BANK0   BANK1   BANK2   BANK3   BANK4   BANK5
      Params:         0       0       0       0       0       0       0
      Locals:         0       0       0       0       0       0       0
      Temps:          0       0       0       0       0       0       0
      Totals:         0       0       0       0       0       0       0
Total ram usage:        0 bytes
 Hardware stack levels used:    1
 This function calls:
		Nothing
 This function is called by:
		_enter_HVP
 This function uses a non-reentrant model


 *************** function _enableWrite *****************
 Defined at:
		line 112 in file "../src/PIC18/FlashProg.c"
 Parameters:    Size  Location     Type
		None
 Auto vars:     Size  Location     Type
		None
 Return value:  Size  Location     Type
		None               void
 Registers used:
		wreg, status,2, status,0, cstack
 Tracked objects:
		On entry : 
		On exit  : 
		Unchanged: 
 Data sizes:     COMRAM   BANK0   BANK1   BANK2   BANK3   BANK4   BANK5
      Params:         0       0       0       0       0       0       0
      Locals:         0       0       0       0       0       0       0
      Temps:          0       0       0       0       0       0       0
      Totals:         0       0       0       0       0       0       0
Total ram usage:        0 bytes
 Hardware stack levels used:    1
 Hardware stack levels required when called:    4
 This function calls:
		_writeICSP
 This function is called by:
		_main
 This function uses a non-reentrant model


 *************** function _bulkErase *****************
 Defined at:
		line 65 in file "../src/PIC18/FlashProg.c"
 Parameters:    Size  Location     Type
		None
 Auto vars:     Size  Location     Type
  i               2   17[COMRAM] int 
 Return value:  Size  Location     Type
		None               void
 Registers used:
		wreg, status,2, status,0, cstack
 Tracked objects:
		On entry : 
		On exit  : 
		Unchanged: 
 Data sizes:     COMRAM   BANK0   BANK1   BANK2   BANK3   BANK4   BANK5
      Params:         0       0       0       0       0       0       0
      Locals:         2       0       0       0       0       0       0
      Temps:          0       0       0       0       0       0       0
      Totals:         2       0       0       0       0       0       0
Total ram usage:        2 bytes
 Hardware stack levels used:    1
 Hardware stack levels required when called:    4
 This function calls:
		_writeBits
		_writeICSP
 This function is called by:
		_main
 This function uses a non-reentrant model


 *************** function _writeICSP *****************
 Defined at:
		line 5 in file "../src/PIC18/ICSP.c"
 Parameters:    Size  Location     Type
  commandByte     2   13[COMRAM] unsigned int 
  dataBytes       2   15[COMRAM] unsigned int 
 Auto vars:     Size  Location     Type
		None
 Return value:  Size  Location     Type
		None               void
 Registers used:
		wreg, status,2, status,0, cstack
 Tracked objects:
		On entry : 
		On exit  : 
		Unchanged: 
 Data sizes:     COMRAM   BANK0   BANK1   BANK2   BANK3   BANK4   BANK5
      Params:         4       0       0       0       0       0       0
      Locals:         0       0       0       0       0       0       0
      Temps:          0       0       0       0       0       0       0
      Totals:         4       0       0       0       0       0       0
Total ram usage:        4 bytes
 Hardware stack levels used:    1
 Hardware stack levels required when called:    3
 This function calls:
		_writeBits
 This function is called by:
		_bulkErase
		_enableWrite
		_tableSelect
		_writeTableThenIncremeant
		_readDeviceID1
		_readDeviceID2
 This function uses a non-reentrant model


 *************** function _writeBits *****************
 Defined at:
		line 16 in file "../src/PIC18/ICSP.c"
 Parameters:    Size  Location     Type
  pattern         2    4[COMRAM] unsigned int 
  bitsToWrite     2    6[COMRAM] unsigned int 
 Auto vars:     Size  Location     Type
  i               2   11[COMRAM] int 
 Return value:  Size  Location     Type
		None               void
 Registers used:
		wreg, status,2, status,0, cstack
 Tracked objects:
		On entry : 
		On exit  : 
		Unchanged: 
 Data sizes:     COMRAM   BANK0   BANK1   BANK2   BANK3   BANK4   BANK5
      Params:         4       0       0       0       0       0       0
      Locals:         2       0       0       0       0       0       0
      Temps:          3       0       0       0       0       0       0
      Totals:         9       0       0       0       0       0       0
Total ram usage:        9 bytes
 Hardware stack levels used:    1
 Hardware stack levels required when called:    2
 This function calls:
		_writeBit
 This function is called by:
		_bulkErase
		_writeTableThenIncremeant
		_writeICSP
		_readICSP
		_readFirstByte
 This function uses a non-reentrant model


 *************** function _writeBit *****************
 Defined at:
		line 10 in file "../src/PIC18/ICSP.c"
 Parameters:    Size  Location     Type
  bitToWrite      2    2[COMRAM] unsigned int 
 Auto vars:     Size  Location     Type
		None
 Return value:  Size  Location     Type
		None               void
 Registers used:
		cstack
 Tracked objects:
		On entry : 
		On exit  : 
		Unchanged: 
 Data sizes:     COMRAM   BANK0   BANK1   BANK2   BANK3   BANK4   BANK5
      Params:         2       0       0       0       0       0       0
      Locals:         0       0       0       0       0       0       0
      Temps:          0       0       0       0       0       0       0
      Totals:         2       0       0       0       0       0       0
Total ram usage:        2 bytes
 Hardware stack levels used:    1
 Hardware stack levels required when called:    1
 This function calls:
		_PGC_high
		_PGC_low
		_writePGD
 This function is called by:
		_writeBits
 This function uses a non-reentrant model


 *************** function _writePGD *****************
 Defined at:
		line 10 in file "../src/PIC18/FlashProg.c"
 Parameters:    Size  Location     Type
  data            2    0[COMRAM] int 
 Auto vars:     Size  Location     Type
		None
 Return value:  Size  Location     Type
		None               void
 Registers used:
		None
 Tracked objects:
		On entry : 
		On exit  : 
		Unchanged: 
 Data sizes:     COMRAM   BANK0   BANK1   BANK2   BANK3   BANK4   BANK5
      Params:         2       0       0       0       0       0       0
      Locals:         0       0       0       0       0       0       0
      Temps:          0       0       0       0       0       0       0
      Totals:         2       0       0       0       0       0       0
Total ram usage:        2 bytes
 Hardware stack levels used:    1
 This function calls:
		Nothing
 This function is called by:
		_PGD_low
		_MCLR_low
		_writeBit
		_PGD_high
 This function uses a non-reentrant model


 *************** function _PGC_low *****************
 Defined at:
		line 26 in file "../src/PIC18/FlashProg.c"
 Parameters:    Size  Location     Type
		None
 Auto vars:     Size  Location     Type
		None
 Return value:  Size  Location     Type
		None               void
 Registers used:
		None
 Tracked objects:
		On entry : 
		On exit  : 
		Unchanged: 
 Data sizes:     COMRAM   BANK0   BANK1   BANK2   BANK3   BANK4   BANK5
      Params:         0       0       0       0       0       0       0
      Locals:         0       0       0       0       0       0       0
      Temps:          0       0       0       0       0       0       0
      Totals:         0       0       0       0       0       0       0
Total ram usage:        0 bytes
 Hardware stack levels used:    1
 This function calls:
		Nothing
 This function is called by:
		_enter_HVP
		_exit_HVP
		_writeTableThenIncremeant
		_writeBit
		_readBit
 This function uses a non-reentrant model


 *************** function _PGC_high *****************
 Defined at:
		line 22 in file "../src/PIC18/FlashProg.c"
 Parameters:    Size  Location     Type
		None
 Auto vars:     Size  Location     Type
		None
 Return value:  Size  Location     Type
		None               void
 Registers used:
		None
 Tracked objects:
		On entry : 
		On exit  : 
		Unchanged: 
 Data sizes:     COMRAM   BANK0   BANK1   BANK2   BANK3   BANK4   BANK5
      Params:         0       0       0       0       0       0       0
      Locals:         0       0       0       0       0       0       0
      Temps:          0       0       0       0       0       0       0
      Totals:         0       0       0       0       0       0       0
Total ram usage:        0 bytes
 Hardware stack levels used:    1
 This function calls:
		Nothing
 This function is called by:
		_writeTableThenIncremeant
		_writeBit
		_readBit
 This function uses a non-reentrant model



MODULE INFORMATION

Module		Function		Class		Link	Load	Size
../src/PIC18/Main.c
		_main          		CODE           	79E4	0000	188
		_trisInit      		CODE           	76F4	0000	10

../src/PIC18/Main.c estimated size: 198

../src/PIC18/FlashProg.c
		_writeTableThen		CODE           	794A	0000	154
		_MCLR_high     		CODE           	76E2	0000	4
		_enter_HVP     		CODE           	7766	0000	22
		_writePGD      		CODE           	76FE	0000	12
		_PGC_low       		CODE           	76DE	0000	4
		_PGD_low       		CODE           	770A	0000	14
		_readPGD       		CODE           	773C	0000	20
		_bulkErase     		CODE           	7B84	0000	380
		_enableWrite   		CODE           	77C4	0000	42
		_tableSelect   		CODE           	7AA0	0000	228
		_PGC_high      		CODE           	76DA	0000	4
		_exit_HVP      		CODE           	772A	0000	18
		_MCLR_low      		CODE           	7718	0000	18
		_PGM_low       		CODE           	76EA	0000	4
		_read2Byte     		CODE           	77EE	0000	46
		_PGM_high      		CODE           	76E6	0000	4

../src/PIC18/FlashProg.c estimated size: 974

shared
		__initializatio		CODE           	76EE	0000	0

shared estimated size: 0

../src/PIC18/ICSP.c
		_readBit       		CODE           	777C	0000	30
		_readBits      		CODE           	78F2	0000	88
		_writeBit      		CODE           	7750	0000	22
		_writeBits     		CODE           	781C	0000	68
		_writeICSP     		CODE           	779A	0000	42
		_readICSP      		CODE           	7860	0000	70
		_readFirstByte 		CODE           	78A6	0000	76

../src/PIC18/ICSP.c estimated size: 396

